 BugSplat

 Timestamp is 5d793a92 (Wed Sep 11 14:18:58 2019)

 Preferred load address is 10000000

 Start         Length     Name                   Class
 0001:00000000 000000a0H .text$di                CODE
 0001:000000a0 0004c9a2H .text$mn                CODE
 0001:0004ca42 000007faH .text$x                 CODE
 0001:0004d23c 00000091H .text$yd                CODE
 0002:00000000 0000027cH .idata$5                DATA
 0002:0000027c 00000004H .00cfg                  DATA
 0002:00000280 00000004H .CRT$XCA                DATA
 0002:00000284 00000004H .CRT$XCL                DATA
 0002:00000288 00000014H .CRT$XCU                DATA
 0002:0000029c 00000004H .CRT$XCZ                DATA
 0002:000002a0 00000004H .CRT$XIA                DATA
 0002:000002a4 00000014H .CRT$XIC                DATA
 0002:000002b8 00000004H .CRT$XIZ                DATA
 0002:000002bc 00000004H .CRT$XLA                DATA
 0002:000002c0 00000004H .CRT$XLZ                DATA
 0002:000002c4 00000004H .CRT$XPA                DATA
 0002:000002c8 00000008H .CRT$XPX                DATA
 0002:000002d0 00000004H .CRT$XPXA               DATA
 0002:000002d4 00000004H .CRT$XPZ                DATA
 0002:000002d8 00000004H .CRT$XTA                DATA
 0002:000002dc 00000004H .CRT$XTZ                DATA
 0002:000002e0 00000000H .gfids$y                DATA
 0002:000002e0 000097c8H .rdata                  DATA
 0002:00009aa8 00000018H .rdata$T                DATA
 0002:00009ac0 00000970H .rdata$r                DATA
 0002:0000a430 000000c4H .rdata$sxdata           DATA
 0002:0000a4f4 000003ccH .rdata$zzzdbg           DATA
 0002:0000a8c0 00000004H .rtc$IAA                DATA
 0002:0000a8c4 00000004H .rtc$IZZ                DATA
 0002:0000a8c8 00000004H .rtc$TAA                DATA
 0002:0000a8cc 00000004H .rtc$TZZ                DATA
 0002:0000a8d0 00000004H .tls                    DATA
 0002:0000a8d4 00000004H .tls$                   DATA
 0002:0000a8d8 00000008H .tls$ZZZ                DATA
 0002:0000a8e0 000017ccH .xdata$x                DATA
 0002:0000c0ac 00000004H ATL$__a                 DATA
 0002:0000c0b0 00000010H ATL$__z                 DATA
 0002:0000c0c0 0000094cH .edata                  DATA
 0002:0000ca0c 000000a0H .idata$2                DATA
 0002:0000caac 00000014H .idata$3                DATA
 0002:0000cac0 0000027cH .idata$4                DATA
 0002:0000cd3c 00000b08H .idata$6                DATA
 0003:00000000 00000980H .data                   DATA
 0003:00000980 00000430H .data$r                 DATA
 0003:00000db0 00003e34H .bss                    DATA
 0004:00000000 00000120H .rsrc$01                DATA
 0004:00000120 00000b10H .rsrc$02                DATA

  Address         Publics by Value              Rva+Base       Lib:Object

 0000:00000000       __except_list              00000000     <absolute>
 0000:00000000       ___guard_longjmp_count     00000000     <absolute>
 0000:00000000       ___guard_fids_table        00000000     <absolute>
 0000:00000000       ___dynamic_value_reloc_table 00000000     <absolute>
 0000:00000000       ___hybrid_code_map_count   00000000     <absolute>
 0000:00000000       ___hybrid_auxiliary_iat    00000000     <absolute>
 0000:00000000       ___guard_fids_count        00000000     <absolute>
 0000:00000000       ___hybrid_code_map         00000000     <absolute>
 0000:00000000       ___guard_iat_table         00000000     <absolute>
 0000:00000000       ___enclave_config          00000000     <absolute>
 0000:00000000       ___volatile_metadata       00000000     <absolute>
 0000:00000000       ___guard_iat_count         00000000     <absolute>
 0000:00000000       ___guard_longjmp_table     00000000     <absolute>
 0000:0000002c       __tls_array                0000002c     <absolute>
 0000:00000031       ___safe_se_handler_count   00000031     <absolute>
 0000:00000100       ___guard_flags             00000100     <absolute>
 0000:00000000       ___ImageBase               10000000     <linker-defined>
 0001:000000a0       ??$AtlAdd@H@ATL@@YAJPAHHH@Z 100010a0 f i BugSplatImp.obj
 0001:000000c6       ??$AtlAdd@I@ATL@@YAJPAIII@Z 100010c6 f i BugSplatImp.obj
 0001:000000e9       ??$AtlAdd@K@ATL@@YAJPAKKK@Z 100010e9 f i BugSplatImp.obj
 0001:0000010c       ??$AtlAddThrow@H@ATL@@YAHHH@Z 1000110c f i BugSplatImp.obj
 0001:00000132       ??$AtlMultiply@I@ATL@@YAJPAIII@Z 10001132 f i BugSplatImp.obj
 0001:00000154       ??$AtlMultiply@K@ATL@@YAJPAKKK@Z 10001154 f i BugSplatImp.obj
 0001:00000176       ??0?$CSimpleStringT@_W$0A@@ATL@@QAE@PAUIAtlStringMgr@1@@Z 10001176 f i BugSplatImp.obj
 0001:0000019f       ??0?$CSimpleStringT@_W$0A@@ATL@@QAE@PB_WHPAUIAtlStringMgr@1@@Z 1000119f f i BugSplatImp.obj
 0001:00000200       ??0?$CStringT@_WV?$StrTraitATL@_WV?$ChTraitsCRT@_W@ATL@@@ATL@@@ATL@@QAE@PB_W@Z 10001200 f i BugSplatImp.obj
 0001:00000244       ??0BugSplatImp@@QAE@XZ     10001244 f   BugSplatImp.obj
 0001:00000262       ??0CAtlException@ATL@@QAE@J@Z 10001262 f i BugSplatImp.obj
 0001:00000270       ??0CAtlStringMgr@ATL@@QAE@PAUIAtlMemMgr@1@@Z 10001270 f i BugSplatImp.obj
 0001:0000029c       ??0MiniDmpSender@@QAE@ABV0@@Z 1000129c f i BugSplatImp.obj
 0001:000002b4       ??1?$CSimpleStringT@_W$0A@@ATL@@QAE@XZ 100012b4 f i BugSplatImp.obj
 0001:000002be       ??1?$CStringT@_WV?$StrTraitATL@_WV?$ChTraitsCRT@_W@ATL@@@ATL@@@ATL@@QAE@XZ 100012be f i BugSplatImp.obj
 0001:000002c8       ??1CAtlStringMgr@ATL@@UAE@XZ 100012c8 f i BugSplatImp.obj
 0001:000002c9       ??1CWin32Heap@ATL@@UAE@XZ  100012c9 f i BugSplatImp.obj
 0001:000002e5       ??4?$CSimpleStringT@_W$0A@@ATL@@QAEAAV01@ABV01@@Z 100012e5 f i BugSplatImp.obj
 0001:00000335       ??4BugSplatImp@@QAEAAV0@$$QAV0@@Z 10001335 f i BugSplatImp.obj
 0001:0000036b       ??4BugSplatImp@@QAEAAV0@ABV0@@Z 1000136b f i BugSplatImp.obj
 0001:00000389       ??4MiniDmpSender@@QAEAAV0@ABV0@@Z 10001389 f i BugSplatImp.obj
 0001:0000039b       ??A?$CSimpleStringT@_W$0A@@ATL@@QBE_WH@Z 1000139b f i BugSplatImp.obj
 0001:000003bf       ??HATL@@YA?AV?$CStringT@_WV?$StrTraitATL@_WV?$ChTraitsCRT@_W@ATL@@@ATL@@@0@ABV10@0@Z 100013bf f i BugSplatImp.obj
 0001:00000414       ??_EMiniDmpSender@@UAEPAXI@Z 10001414 f i BugSplatImp.obj
 0001:00000496       ??_GCAtlStringMgr@ATL@@UAEPAXI@Z 10001496 f i BugSplatImp.obj
 0001:00000496       ??_ECAtlStringMgr@ATL@@UAEPAXI@Z 10001496 f i BugSplatImp.obj
 0001:000004b3       ??_ECWin32Heap@ATL@@UAEPAXI@Z 100014b3 f i BugSplatImp.obj
 0001:000004b3       ??_GCWin32Heap@ATL@@UAEPAXI@Z 100014b3 f i BugSplatImp.obj
 0001:000004d5       ??_GMiniDmpSender@@UAEPAXI@Z 100014d5 f i BugSplatImp.obj
 0001:000004f7       ?Allocate@CAtlStringMgr@ATL@@UAEPAUCStringData@2@HH@Z 100014f7 f i BugSplatImp.obj
 0001:0000057a       ?Allocate@CWin32Heap@ATL@@UAEPAXI@Z 1000157a f i BugSplatImp.obj
 0001:0000058f       ?Append@?$CSimpleStringT@_W$0A@@ATL@@QAEXPB_W@Z 1000158f f i BugSplatImp.obj
 0001:000005b8       ?Append@?$CSimpleStringT@_W$0A@@ATL@@QAEXPB_WH@Z 100015b8 f i BugSplatImp.obj
 0001:00000644       ?AppendChar@?$CSimpleStringT@_W$0A@@ATL@@QAEX_W@Z 10001644 f i BugSplatImp.obj
 0001:00000671       ?AtlCrtErrorCheck@ATL@@YAHH@Z 10001671 f i BugSplatImp.obj
 0001:000006ac       ?AtlFindStringResourceInstance@ATL@@YAPAUHINSTANCE__@@IG@Z 100016ac f i BugSplatImp.obj
 0001:000006f0       ?AtlGetStringResourceImage@ATL@@YAPBUATLSTRINGRESOURCEIMAGE@1@PAUHINSTANCE__@@I@Z 100016f0 f i BugSplatImp.obj
 0001:00000720       ?AtlGetStringResourceImage@ATL@@YAPBUATLSTRINGRESOURCEIMAGE@1@PAUHINSTANCE__@@IG@Z 10001720 f i BugSplatImp.obj
 0001:00000753       ?AtlThrowImpl@ATL@@YGXJ@Z  10001753 f i BugSplatImp.obj
 0001:00000770       ?CalculateBeginningOfCallInstruction@@YAHAAI@Z 10001770 f   BugSplatImp.obj
 0001:000007c5       ?CheckImplicitLoad@?$CStringT@_WV?$StrTraitATL@_WV?$ChTraitsCRT@_W@ATL@@@ATL@@@ATL@@AAE_NPBX@Z 100017c5 f i BugSplatImp.obj
 0001:000007e9       ?Clone@CAtlStringMgr@ATL@@UAEPAUIAtlStringMgr@2@XZ 100017e9 f i BugSplatImp.obj
 0001:000007ec       ?CloneData@?$CSimpleStringT@_W$0A@@ATL@@CAPAUCStringData@2@PAU32@@Z 100017ec f i BugSplatImp.obj
 0001:00000847       ?Concatenate@?$CSimpleStringT@_W$0A@@ATL@@KAXAAV12@PB_WH1H@Z 10001847 f i BugSplatImp.obj
 0001:0000088e       ?ConvertToBaseType@?$ChTraitsCRT@_W@ATL@@SAXPA_WHPB_WH@Z 1000188e f i BugSplatImp.obj
 0001:000008c1       ?CopyChars@?$CSimpleStringT@_W$0A@@ATL@@SAXPA_WIPB_WH@Z 100018c1 f i BugSplatImp.obj
 0001:000008e0       ?CopyCharsOverlapped@?$CSimpleStringT@_W$0A@@ATL@@SAXPA_WIPB_WH@Z 100018e0 f i BugSplatImp.obj
 0001:00000931       ?CreateMiniDump@BugSplatImp@@QAEHPAUHINSTANCE__@@KPAXKPAU_EXCEPTION_POINTERS@@PB_WPA_WK@Z 10001931 f   BugSplatImp.obj
 0001:00000b4c       ?CreateMiniDumpFromSnap@@YAHPAXKKP6GH0K0W4_MINIDUMP_TYPE@@QAU_MINIDUMP_EXCEPTION_INFORMATION@@QAU_MINIDUMP_USER_STREAM_INFORMATION@@QAU_MINIDUMP_CALLBACK_INFORMATION@@@Z0PAU_CONTEXT@@@Z 10001b4c f   BugSplatImp.obj
 0001:00000c9e       ?Empty@?$CSimpleStringT@_W$0A@@ATL@@QAEXXZ 10001c9e f i BugSplatImp.obj
 0001:00000cd3       ?Find@?$CStringT@_WV?$StrTraitATL@_WV?$ChTraitsCRT@_W@ATL@@@ATL@@@ATL@@QBEHPB_WH@Z 10001cd3 f i BugSplatImp.obj
 0001:00000d0d       ?Fork@?$CSimpleStringT@_W$0A@@ATL@@AAEXH@Z 10001d0d f i BugSplatImp.obj
 0001:00000d77       ?Free@CAtlStringMgr@ATL@@UAEXPAUCStringData@2@@Z 10001d77 f i BugSplatImp.obj
 0001:00000d83       ?Free@CWin32Heap@ATL@@UAEXPAX@Z 10001d83 f i BugSplatImp.obj
 0001:00000d9e       ?GetInstance@CAtlStringMgr@ATL@@SAPAUIAtlStringMgr@2@XZ 10001d9e f i BugSplatImp.obj
 0001:00000e4d       ?GetManager@?$CStringT@_WV?$StrTraitATL@_WV?$ChTraitsCRT@_W@ATL@@@ATL@@@ATL@@QBEPAUIAtlStringMgr@2@XZ 10001e4d f i BugSplatImp.obj
 0001:00000e70       ?GetNilString@CAtlStringMgr@ATL@@UAEPAUCStringData@2@XZ 10001e70 f i BugSplatImp.obj
 0001:00000e78       ?GetReducedGuid@BugSplatImp@@QAEXPA_WK@Z 10001e78 f   BugSplatImp.obj
 0001:00000f02       ?GetSize@CWin32Heap@ATL@@UAEIPAX@Z 10001f02 f i BugSplatImp.obj
 0001:00000f17       ?Left@?$CStringT@_WV?$StrTraitATL@_WV?$ChTraitsCRT@_W@ATL@@@ATL@@@ATL@@QBE?AV12@H@Z 10001f17 f i BugSplatImp.obj
 0001:00000f59       ?LoadStringW@?$CStringT@_WV?$StrTraitATL@_WV?$ChTraitsCRT@_W@ATL@@@ATL@@@ATL@@QAEHI@Z 10001f59 f i BugSplatImp.obj
 0001:00000f7f       ?LoadStringW@?$CStringT@_WV?$StrTraitATL@_WV?$ChTraitsCRT@_W@ATL@@@ATL@@@ATL@@QAEHPAUHINSTANCE__@@I@Z 10001f7f f i BugSplatImp.obj
 0001:00000fc9       ?MakeUpper@?$CStringT@_WV?$StrTraitATL@_WV?$ChTraitsCRT@_W@ATL@@@ATL@@@ATL@@QAEAAV12@XZ 10001fc9 f i BugSplatImp.obj
 0001:00000ff1       ?Mid@?$CStringT@_WV?$StrTraitATL@_WV?$ChTraitsCRT@_W@ATL@@@ATL@@@ATL@@QBE?AV12@HH@Z 10001ff1 f i BugSplatImp.obj
 0001:00001079       ?PrepareWrite2@?$CSimpleStringT@_W$0A@@ATL@@AAEXH@Z 10002079 f i BugSplatImp.obj
 0001:000010ce       ?PrepareWrite@?$CSimpleStringT@_W$0A@@ATL@@AAEPA_WH@Z 100020ce f i BugSplatImp.obj
 0001:0000110a       ?Reallocate@?$CSimpleStringT@_W$0A@@ATL@@AAEXH@Z 1000210a f i BugSplatImp.obj
 0001:00001142       ?Reallocate@CAtlStringMgr@ATL@@UAEPAUCStringData@2@PAU32@HH@Z 10002142 f i BugSplatImp.obj
 0001:000011bc       ?Reallocate@CWin32Heap@ATL@@UAEPAXPAXI@Z 100021bc f i BugSplatImp.obj
 0001:000011f2       ?ReduceGuidString@BugSplatImp@@QAEXPA_WK@Z 100021f2 f   BugSplatImp.obj
 0001:0000149d       ?Release@CStringData@ATL@@QAEXXZ 1000249d f i BugSplatImp.obj
 0001:000014b5       ?ResumeSuspendedThreads@BugSplatImp@@QAEXXZ 100024b5 f   BugSplatImp.obj
 0001:000014ef       ?SetLength@?$CSimpleStringT@_W$0A@@ATL@@AAEXH@Z 100024ef f i BugSplatImp.obj
 0001:0000151a       ?SetString@?$CSimpleStringT@_W$0A@@ATL@@QAEXPB_W@Z 1000251a f i BugSplatImp.obj
 0001:00001543       ?SetString@?$CSimpleStringT@_W$0A@@ATL@@QAEXPB_WH@Z 10002543 f i BugSplatImp.obj
 0001:000015b7       ?SnapCurrentProcessMinidump@@YAHPAXKKP6GH0K0W4_MINIDUMP_TYPE@@QAU_MINIDUMP_EXCEPTION_INFORMATION@@QAU_MINIDUMP_USER_STREAM_INFORMATION@@QAU_MINIDUMP_CALLBACK_INFORMATION@@@Z0@Z 100025b7 f   BugSplatImp.obj
 0001:0000177a       ?StringUppercase@?$ChTraitsCRT@_W@ATL@@SAPA_WPA_WI@Z 1000277a f i BugSplatImp.obj
 0001:00001796       ?SuspendAllThreadsInProcess@BugSplatImp@@QAEXPAX@Z 10002796 f   BugSplatImp.obj
 0001:00001840       ?SuspendThreadsInCurrentProcess@BugSplatImp@@QAEXXZ 10002840 f   BugSplatImp.obj
 0001:000018fe       ?ThrowMemoryException@?$CSimpleStringT@_W$0A@@ATL@@KAXXZ 100028fe f i BugSplatImp.obj
 0001:00001909       ?UINTtoWchar_t@@YA_WI@Z    10002909 f   BugSplatImp.obj
 0001:00001930       ?Wchar_tToUINT@@YAI_W@Z    10002930 f   BugSplatImp.obj
 0001:0000195c       ?_AtlGetStringResourceImage@ATL@@YAPBUATLSTRINGRESOURCEIMAGE@1@PAUHINSTANCE__@@PAUHRSRC__@@I@Z 1000295c f i BugSplatImp.obj
 0001:000019b9       ?combine1_4@@YAIII@Z       100029b9 f   BugSplatImp.obj
 0001:000019ca       ?combine2_3@@YAIII@Z       100029ca f   BugSplatImp.obj
 0001:000019df       ?combine3_2@@YAIII@Z       100029df f   BugSplatImp.obj
 0001:000019f5       ?combine4_1@@YAIII@Z       100029f5 f   BugSplatImp.obj
 0001:00001a07       ?combineLast3@@YAII@Z      10002a07 f   BugSplatImp.obj
 0001:00001a12       ?createReportAndExit@MiniDmpSender@@QAEXXZ 10002a12 f i BugSplatImp.obj
 0001:00001a3c       ?wmemcpy_s@Checked@ATL@@YAXPA_WIPB_WI@Z 10002a3c f i BugSplatImp.obj
 0001:00001a5b       ___local_stdio_printf_options 10002a5b f i BugSplatImp.obj
 0001:00001a61       __vswprintf_s_l            10002a61 f i BugSplatImp.obj
 0001:00001b0e       _swprintf_s                10002b0e f i BugSplatImp.obj
 0001:00001b2a       ??$_Allocate@$07U_Default_allocate_traits@std@@$0A@@std@@YAPAXI@Z 10002b2a f i mdump.obj
 0001:00001b50       ??$_Allocate_manually_vector_aligned@U_Default_allocate_traits@std@@@std@@YAPAXI@Z 10002b50 f i mdump.obj
 0001:00001b7e       ??$_Deallocate@$07$0A@@std@@YAXPAXI@Z 10002b7e f i mdump.obj
 0001:00001baa       ??$_Destroy_range@V?$allocator@V?$CStringT@_WV?$StrTraitATL@_WV?$ChTraitsCRT@_W@ATL@@@ATL@@@ATL@@@std@@@std@@YAXPAV?$CStringT@_WV?$StrTraitATL@_WV?$ChTraitsCRT@_W@ATL@@@ATL@@@ATL@@0AAV?$allocator@V?$CStringT@_WV?$StrTraitATL@_WV?$ChTraitsCRT@_W@ATL@@@ATL@@@ATL@@@0@@Z 10002baa f i mdump.obj
 0001:00001bc7       ??$_Emplace_reallocate@V?$CStringT@_WV?$StrTraitATL@_WV?$ChTraitsCRT@_W@ATL@@@ATL@@@ATL@@@?$vector@V?$CStringT@_WV?$StrTraitATL@_WV?$ChTraitsCRT@_W@ATL@@@ATL@@@ATL@@V?$allocator@V?$CStringT@_WV?$StrTraitATL@_WV?$ChTraitsCRT@_W@ATL@@@ATL@@@ATL@@@std@@@std@@QAEPAV?$CStringT@_WV?$StrTraitATL@_WV?$ChTraitsCRT@_W@ATL@@@ATL@@@ATL@@QAV23@$$QAV23@@Z 10002bc7 f i mdump.obj
 0001:00001cb2       ??$_Uninitialized_copy@PAV?$CStringT@_WV?$StrTraitATL@_WV?$ChTraitsCRT@_W@ATL@@@ATL@@@ATL@@PAV12@V?$allocator@V?$CStringT@_WV?$StrTraitATL@_WV?$ChTraitsCRT@_W@ATL@@@ATL@@@ATL@@@std@@@std@@YAPAV?$CStringT@_WV?$StrTraitATL@_WV?$ChTraitsCRT@_W@ATL@@@ATL@@@ATL@@QAV12@0PAV12@AAV?$allocator@V?$CStringT@_WV?$StrTraitATL@_WV?$ChTraitsCRT@_W@ATL@@@ATL@@@ATL@@@0@@Z 10002cb2 f i mdump.obj
 0001:00001cd5       ??$_Uninitialized_copy_al_unchecked@PAV?$CStringT@_WV?$StrTraitATL@_WV?$ChTraitsCRT@_W@ATL@@@ATL@@@ATL@@PAV12@V?$allocator@V?$CStringT@_WV?$StrTraitATL@_WV?$ChTraitsCRT@_W@ATL@@@ATL@@@ATL@@@std@@@std@@YAPAV?$CStringT@_WV?$StrTraitATL@_WV?$ChTraitsCRT@_W@ATL@@@ATL@@@ATL@@PAV12@QAV12@1AAV?$allocator@V?$CStringT@_WV?$StrTraitATL@_WV?$ChTraitsCRT@_W@ATL@@@ATL@@@ATL@@@0@U_General_ptr_iterator_tag@0@U_Unused_parameter@0@@Z 10002cd5 f i mdump.obj
 0001:00001d25       ??$_Uninitialized_move@PAV?$CStringT@_WV?$StrTraitATL@_WV?$ChTraitsCRT@_W@ATL@@@ATL@@@ATL@@PAV12@V?$allocator@V?$CStringT@_WV?$StrTraitATL@_WV?$ChTraitsCRT@_W@ATL@@@ATL@@@ATL@@@std@@@std@@YAPAV?$CStringT@_WV?$StrTraitATL@_WV?$ChTraitsCRT@_W@ATL@@@ATL@@@ATL@@QAV12@0PAV12@AAV?$allocator@V?$CStringT@_WV?$StrTraitATL@_WV?$ChTraitsCRT@_W@ATL@@@ATL@@@ATL@@@0@@Z 10002d25 f i mdump.obj
 0001:00001d48       ??$_Uninitialized_move_al_unchecked@PAV?$CStringT@_WV?$StrTraitATL@_WV?$ChTraitsCRT@_W@ATL@@@ATL@@@ATL@@PAV12@V?$allocator@V?$CStringT@_WV?$StrTraitATL@_WV?$ChTraitsCRT@_W@ATL@@@ATL@@@ATL@@@std@@@std@@YAPAV?$CStringT@_WV?$StrTraitATL@_WV?$ChTraitsCRT@_W@ATL@@@ATL@@@ATL@@PAV12@QAV12@1AAV?$allocator@V?$CStringT@_WV?$StrTraitATL@_WV?$ChTraitsCRT@_W@ATL@@@ATL@@@ATL@@@0@U_General_ptr_iterator_tag@0@U_Unused_parameter@0@@Z 10002d48 f i mdump.obj
 0001:00001d98       ??$construct@V?$CStringT@_WV?$StrTraitATL@_WV?$ChTraitsCRT@_W@ATL@@@ATL@@@ATL@@AAV12@@?$_Default_allocator_traits@V?$allocator@V?$CStringT@_WV?$StrTraitATL@_WV?$ChTraitsCRT@_W@ATL@@@ATL@@@ATL@@@std@@@std@@SAXAAV?$allocator@V?$CStringT@_WV?$StrTraitATL@_WV?$ChTraitsCRT@_W@ATL@@@ATL@@@ATL@@@1@QAV?$CStringT@_WV?$StrTraitATL@_WV?$ChTraitsCRT@_W@ATL@@@ATL@@@ATL@@AAV34@@Z 10002d98 f i mdump.obj
 0001:00001db4       ??$construct@V?$CStringT@_WV?$StrTraitATL@_WV?$ChTraitsCRT@_W@ATL@@@ATL@@@ATL@@V12@@?$_Default_allocator_traits@V?$allocator@V?$CStringT@_WV?$StrTraitATL@_WV?$ChTraitsCRT@_W@ATL@@@ATL@@@ATL@@@std@@@std@@SAXAAV?$allocator@V?$CStringT@_WV?$StrTraitATL@_WV?$ChTraitsCRT@_W@ATL@@@ATL@@@ATL@@@1@QAV?$CStringT@_WV?$StrTraitATL@_WV?$ChTraitsCRT@_W@ATL@@@ATL@@@ATL@@$$QAV34@@Z 10002db4 f i mdump.obj
 0001:00001dd0       ??$emplace_back@V?$CStringT@_WV?$StrTraitATL@_WV?$ChTraitsCRT@_W@ATL@@@ATL@@@ATL@@@?$vector@V?$CStringT@_WV?$StrTraitATL@_WV?$ChTraitsCRT@_W@ATL@@@ATL@@@ATL@@V?$allocator@V?$CStringT@_WV?$StrTraitATL@_WV?$ChTraitsCRT@_W@ATL@@@ATL@@@ATL@@@std@@@std@@QAEX$$QAV?$CStringT@_WV?$StrTraitATL@_WV?$ChTraitsCRT@_W@ATL@@@ATL@@@ATL@@@Z 10002dd0 f i mdump.obj
 0001:00001dfb       ??0MiniDumper@@QAE@XZ      10002dfb f   mdump.obj
 0001:00001fcc       ??0TotalUptimeAndCrashCalculator@@QAE@PB_W00@Z 10002fcc f i mdump.obj
 0001:000020ff       ??1?$CHeapPtr@_WVCLocalAllocator@ATL@@@ATL@@QAE@XZ 100030ff f i mdump.obj
 0001:0000210f       ??1?$_Uninitialized_backout_al@PAV?$CStringT@_WV?$StrTraitATL@_WV?$ChTraitsCRT@_W@ATL@@@ATL@@@ATL@@V?$allocator@V?$CStringT@_WV?$StrTraitATL@_WV?$ChTraitsCRT@_W@ATL@@@ATL@@@ATL@@@std@@@std@@QAE@XZ 1000310f f i mdump.obj
 0001:00002120       ??1?$vector@V?$CStringT@_WV?$StrTraitATL@_WV?$ChTraitsCRT@_W@ATL@@@ATL@@@ATL@@V?$allocator@V?$CStringT@_WV?$StrTraitATL@_WV?$ChTraitsCRT@_W@ATL@@@ATL@@@ATL@@@std@@@std@@QAE@XZ 10003120 f i mdump.obj
 0001:00002125       ??1DumpData@@QAE@XZ        10003125 f i mdump.obj
 0001:00002130       ??1MiniDumper@@UAE@XZ      10003130 f   mdump.obj
 0001:000021e7       ??1ResourceSwitch@@QAE@XZ  100031e7 f i mdump.obj
 0001:000021fa       ??1TotalUptimeAndCrashCalculator@@QAE@XZ 100031fa f i mdump.obj
 0001:00002274       ??_G?$CStringT@_WV?$StrTraitATL@_WV?$ChTraitsCRT@_W@ATL@@@ATL@@@ATL@@QAEPAXI@Z 10003274 f i mdump.obj
 0001:0000229b       ??_GMiniDumper@@UAEPAXI@Z  1000329b f i mdump.obj
 0001:0000229b       ??_EMiniDumper@@UAEPAXI@Z  1000329b f i mdump.obj
 0001:000022bd       ?AllocGuardMemory@MiniDumper@@QAE_NXZ 100032bd f   mdump.obj
 0001:000022e1       ?AtlMessageBox@WTL@@YAHPAUHWND__@@V_U_STRINGorID@ATL@@1I@Z 100032e1 f i mdump.obj
 0001:0000242a       ?Compare@?$CStringT@_WV?$StrTraitATL@_WV?$ChTraitsCRT@_W@ATL@@@ATL@@@ATL@@QBEHPB_W@Z 1000342a f i mdump.obj
 0001:0000244e       ?CreateReportThreaded@MiniDumper@@SGIPAX@Z 1000344e f   mdump.obj
 0001:0000278c       ?Delete@?$CStringT@_WV?$StrTraitATL@_WV?$ChTraitsCRT@_W@ATL@@@ATL@@@ATL@@QAEHHH@Z 1000378c f i mdump.obj
 0001:0000280a       ?Delta@TotalUptimeAndCrashCalculator@@QAE_JU_SYSTEMTIME@@0@Z 1000380a f i mdump.obj
 0001:00002866       ?ExceptionHandler@MiniDumper@@SGJPAU_EXCEPTION_POINTERS@@K@Z 10003866 f   mdump.obj
 0001:00002b39       ?Format@?$CStringT@_WV?$StrTraitATL@_WV?$ChTraitsCRT@_W@ATL@@@ATL@@@ATL@@QAAXPB_WZZ 10003b39 f i mdump.obj
 0001:00002b4d       ?Format@?$ChTraitsCRT@_W@ATL@@SAHPA_WIPB_WPAD@Z 10003b4d f i mdump.obj
 0001:00002b7e       ?FormatMessageV@?$CStringT@_WV?$StrTraitATL@_WV?$ChTraitsCRT@_W@ATL@@@ATL@@@ATL@@QAEXPB_WPAPAD@Z 10003b7e f i mdump.obj
 0001:00002bf4       ?FormatMessageW@?$CStringT@_WV?$StrTraitATL@_WV?$ChTraitsCRT@_W@ATL@@@ATL@@@ATL@@QAAXIZZ 10003bf4 f i mdump.obj
 0001:00002c72       ?FormatV@?$CStringT@_WV?$StrTraitATL@_WV?$ChTraitsCRT@_W@ATL@@@ATL@@@ATL@@QAEXPB_WPAD@Z 10003c72 f i mdump.obj
 0001:00002ccd       ?FreeGuardMemory@MiniDumper@@QAE_NXZ 10003ccd f   mdump.obj
 0001:00002ceb       ?GetBuffer@?$CSimpleStringT@_W$0A@@ATL@@QAEPA_WXZ 10003ceb f i mdump.obj
 0001:00002d02       ?GetFormattedLength@?$ChTraitsCRT@_W@ATL@@SAHPB_WPAD@Z 10003d02 f i mdump.obj
 0001:00002d30       ?GetMFA@MiniDumper@@SA_NPAXPA_WH@Z 10003d30 f   mdump.obj
 0001:00002e45       ?LaunchHangDetection@MiniDumper@@QAEXXZ 10003e45 f   mdump.obj
 0001:00002f4e       ?MakeLower@?$CStringT@_WV?$StrTraitATL@_WV?$ChTraitsCRT@_W@ATL@@@ATL@@@ATL@@QAEAAV12@XZ 10003f4e f i mdump.obj
 0001:00002f76       ?ReleaseBuffer@?$CSimpleStringT@_W$0A@@ATL@@QAEXH@Z 10003f76 f i mdump.obj
 0001:00002fa2       ?SendReportThreaded@MiniDumper@@SGIPAX@Z 10003fa2 f   mdump.obj
 0001:0000345f       ?StringLowercase@?$ChTraitsCRT@_W@ATL@@SAPA_WPA_WI@Z 1000445f f i mdump.obj
 0001:0000347b       ?TerminateHangDetection@MiniDumper@@QAEXXZ 1000447b f   mdump.obj
 0001:000034af       ?TopLevelUnhandledExceptionFilter@MiniDumper@@SGJPAU_EXCEPTION_POINTERS@@@Z 100044af f   mdump.obj
 0001:00003532       ?TrimLeft@?$CStringT@_WV?$StrTraitATL@_WV?$ChTraitsCRT@_W@ATL@@@ATL@@@ATL@@QAEAAV12@XZ 10004532 f i mdump.obj
 0001:00003596       ?TrimRight@?$CStringT@_WV?$StrTraitATL@_WV?$ChTraitsCRT@_W@ATL@@@ATL@@@ATL@@QAEAAV12@XZ 10004596 f i mdump.obj
 0001:000035ec       ?_Adjust_manually_vector_aligned@std@@YAXAAPAXAAI@Z 100045ec f i mdump.obj
 0001:00003610       ?_Calculate_growth@?$vector@V?$CStringT@_WV?$StrTraitATL@_WV?$ChTraitsCRT@_W@ATL@@@ATL@@@ATL@@V?$allocator@V?$CStringT@_WV?$StrTraitATL@_WV?$ChTraitsCRT@_W@ATL@@@ATL@@@ATL@@@std@@@std@@ABEII@Z 10004610 f i mdump.obj
 0001:00003639       ?_Change_array@?$vector@V?$CStringT@_WV?$StrTraitATL@_WV?$ChTraitsCRT@_W@ATL@@@ATL@@@ATL@@V?$allocator@V?$CStringT@_WV?$StrTraitATL@_WV?$ChTraitsCRT@_W@ATL@@@ATL@@@ATL@@@std@@@std@@AAEXQAV?$CStringT@_WV?$StrTraitATL@_WV?$ChTraitsCRT@_W@ATL@@@ATL@@@ATL@@II@Z 10004639 f i mdump.obj
 0001:0000367e       ?_Destroy@?$vector@V?$CStringT@_WV?$StrTraitATL@_WV?$ChTraitsCRT@_W@ATL@@@ATL@@@ATL@@V?$allocator@V?$CStringT@_WV?$StrTraitATL@_WV?$ChTraitsCRT@_W@ATL@@@ATL@@@ATL@@@std@@@std@@AAEXPAV?$CStringT@_WV?$StrTraitATL@_WV?$ChTraitsCRT@_W@ATL@@@ATL@@@ATL@@0@Z 1000467e f i mdump.obj
 0001:00003694       ?_Tidy@?$vector@V?$CStringT@_WV?$StrTraitATL@_WV?$ChTraitsCRT@_W@ATL@@@ATL@@@ATL@@V?$allocator@V?$CStringT@_WV?$StrTraitATL@_WV?$ChTraitsCRT@_W@ATL@@@ATL@@@ATL@@@std@@@std@@AAEXXZ 10004694 f i mdump.obj
 0001:000036c6       ?_Xlength@?$vector@V?$CStringT@_WV?$StrTraitATL@_WV?$ChTraitsCRT@_W@ATL@@@ATL@@@ATL@@V?$allocator@V?$CStringT@_WV?$StrTraitATL@_WV?$ChTraitsCRT@_W@ATL@@@ATL@@@ATL@@@std@@@std@@CAXXZ 100046c6 f i mdump.obj
 0001:000036d1       ?allocate@?$allocator@V?$CStringT@_WV?$StrTraitATL@_WV?$ChTraitsCRT@_W@ATL@@@ATL@@@ATL@@@std@@QAEPAV?$CStringT@_WV?$StrTraitATL@_WV?$ChTraitsCRT@_W@ATL@@@ATL@@@ATL@@I@Z 100046d1 f i mdump.obj
 0001:000036f2       ?bugsplatMessage@MiniDumper@@SAIPB_WII@Z 100046f2 f   mdump.obj
 0001:0000372f       ?capture@TotalUptimeAndCrashCalculator@@QAEX_N@Z 1000472f f i mdump.obj
 0001:0000388b       ?createReport@MiniDumper@@QAEXK@Z 1000488b f   mdump.obj
 0001:000038ad       ?createReport@MiniDumper@@QAEXPAU_EXCEPTION_POINTERS@@@Z 100048ad f   mdump.obj
 0001:000038cf       ?createReport@MiniDumper@@QAEXPB_W@Z 100048cf f   mdump.obj
 0001:00003947       ?deallocate@?$allocator@V?$CStringT@_WV?$StrTraitATL@_WV?$ChTraitsCRT@_W@ATL@@@ATL@@@ATL@@@std@@QAEXQAV?$CStringT@_WV?$StrTraitATL@_WV?$ChTraitsCRT@_W@ATL@@@ATL@@@ATL@@I@Z 10004947 f i mdump.obj
 0001:0000395f       ?debugMode@@YA_NXZ         1000495f f   mdump.obj
 0001:000039d7       ?eatException@@YA_NK@Z     100049d7 f i mdump.obj
 0001:00003a2b       ?enableExceptionFilter@MiniDumper@@QAE_N_N@Z 10004a2b f   mdump.obj
 0001:00003a4a       ?enableFullMemoryDumpAndExit@MiniDumper@@QAE_N_N@Z 10004a4a f   mdump.obj
 0001:00003a59       ?fileVersionInfo@@YA_NPA_WAAK1@Z 10004a59 f   mdump.obj
 0001:00003ac9       ?getLogFilePath@MiniDumper@@QAEPB_WXZ 10004ac9 f   mdump.obj
 0001:00003acd       ?getMiniDumpType@MiniDumper@@QBE?AW4_BS_MINIDUMP_TYPE@MiniDmpSender@@XZ 10004acd f   mdump.obj
 0001:00003ad3       ?getRegistryBase@@YAXAAV?$CStringT@_WV?$StrTraitATL@_WV?$ChTraitsCRT@_W@ATL@@@ATL@@@ATL@@@Z 10004ad3 f   mdump.obj
 0001:00003af0       ?getRegistryRoot@@YAXAAV?$CStringT@_WV?$StrTraitATL@_WV?$ChTraitsCRT@_W@ATL@@@ATL@@@ATL@@PB_W11@Z 10004af0 f   mdump.obj
 0001:00003b5f       ?initExceptionHandler@MiniDumper@@QAEXPB_W000K@Z 10004b5f f   mdump.obj
 0001:00003d71       ?invalid_parameter_handler@@YAXPB_W00II@Z 10004d71 f i mdump.obj
 0001:00003d7a       ?isExceptionFilterEnabled@MiniDumper@@QBE_NXZ 10004d7a f   mdump.obj
 0001:00003d80       ?isFullMemoryDumpAndExitEnabled@MiniDumper@@QBE_NXZ 10004d80 f   mdump.obj
 0001:00003d86       ?logOutput@@YAXIPB_W_N@Z   10004d86 f   mdump.obj
 0001:00003fbb       ?memmove_s@Checked@ATL@@YAXPAXIPBXI@Z 10004fbb f i mdump.obj
 0001:00003fda       ?removeAdditionalFile@MiniDumper@@QAE_NPB_W@Z 10004fda f   mdump.obj
 0001:00004017       ?resetDescriptionString@MiniDumper@@QAEXPB_W@Z 10005017 f   mdump.obj
 0001:00004023       ?resetVersionString@MiniDumper@@QAEXPB_W@Z 10005023 f   mdump.obj
 0001:0000402f       ?sendAdditionalFile@MiniDumper@@QAEXPB_W@Z 1000502f f   mdump.obj
 0001:0000406b       ?setCallback@MiniDumper@@QAEXP6A_NIPAX0@Z@Z 1000506b f   mdump.obj
 0001:00004078       ?setDefaultUserDescription@MiniDumper@@QAEXPB_W@Z 10005078 f   mdump.obj
 0001:00004084       ?setDefaultUserEmail@MiniDumper@@QAEXPB_W@Z 10005084 f   mdump.obj
 0001:00004090       ?setDefaultUserName@MiniDumper@@QAEXPB_W@Z 10005090 f   mdump.obj
 0001:0000409c       ?setFlags@MiniDumper@@QAE_NK@Z 1000509c f   mdump.obj
 0001:000040db       ?setGuardByteBufferSize@MiniDumper@@QAEHH@Z 100050db f   mdump.obj
 0001:00004107       ?setLogFilePath@MiniDumper@@QAEXPB_W@Z 10005107 f   mdump.obj
 0001:00004113       ?setMiniDumpType@MiniDumper@@QAEXW4_BS_MINIDUMP_TYPE@MiniDmpSender@@@Z 10005113 f   mdump.obj
 0001:00004122       ?setResourceDllPath@MiniDumper@@QAEXPB_W@Z 10005122 f   mdump.obj
 0001:0000412e       ?setUserZipPath@MiniDumper@@QAEXPB_W@Z 1000512e f   mdump.obj
 0001:0000413a       ?signal_handler@@YAXH@Z    1000513a f i mdump.obj
 0001:00004143       ?terminator@@YAXXZ         10005143 f i mdump.obj
 0001:0000414c       __fwprintf_p               1000514c f i mdump.obj
 0001:00004165       __vfwprintf_l              10005165 f i mdump.obj
 0001:00004188       __vfwprintf_p_l            10005188 f i mdump.obj
 0001:00004276       _wprintf                   10005276 f i mdump.obj
 0001:00004295       ??0MiniDmpSender@@QAE@PB_W000K@Z 10005295 f   BugSplatNative.obj
 0001:0000432b       ??1MiniDmpSender@@UAE@XZ   1000532b f   BugSplatNative.obj
 0001:00004347       ?createReport@MiniDmpSender@@QAEXPAU_EXCEPTION_POINTERS@@@Z 10005347 f   BugSplatNative.obj
 0001:00004353       ?createReport@MiniDmpSender@@QAEXPB_W@Z 10005353 f   BugSplatNative.obj
 0001:0000435f       ?enableExceptionFilter@MiniDmpSender@@QAE_N_N@Z 1000535f f   BugSplatNative.obj
 0001:0000436b       ?enableFullMemoryDumpAndExit@MiniDmpSender@@QAE_N_N@Z 1000536b f   BugSplatNative.obj
 0001:00004377       ?getFlags@MiniDmpSender@@QBEKXZ 10005377 f   BugSplatNative.obj
 0001:0000437e       ?getMiniDumpType@MiniDmpSender@@QBE?AW4_BS_MINIDUMP_TYPE@1@XZ 1000537e f   BugSplatNative.obj
 0001:00004386       ?getMinidumpPath@MiniDmpSender@@QAEXPA_WI@Z 10005386 f   BugSplatNative.obj
 0001:000043a3       ?imp@MiniDmpSender@@QAEPAXXZ 100053a3 f   BugSplatNative.obj
 0001:000043a9       ?isExceptionFilterEnabled@MiniDmpSender@@QBE_NXZ 100053a9 f   BugSplatNative.obj
 0001:000043b1       ?isFullMemoryDumpAndExitEnabled@MiniDmpSender@@QBE_NXZ 100053b1 f   BugSplatNative.obj
 0001:000043b9       ?removeAdditionalFile@MiniDmpSender@@QAE_NPB_W@Z 100053b9 f   BugSplatNative.obj
 0001:000043c5       ?resetAppIdentifier@MiniDmpSender@@QAEXPB_W@Z 100053c5 f   BugSplatNative.obj
 0001:000043d1       ?resetVersionString@MiniDmpSender@@QAEXPB_W@Z 100053d1 f   BugSplatNative.obj
 0001:000043dd       ?sendAdditionalFile@MiniDmpSender@@QAEXPB_W@Z 100053dd f   BugSplatNative.obj
 0001:000043e9       ?setCallback@MiniDmpSender@@QAEXP6A_NIPAX0@Z@Z 100053e9 f   BugSplatNative.obj
 0001:000043f5       ?setDefaultUserDescription@MiniDmpSender@@QAEXPB_W@Z 100053f5 f   BugSplatNative.obj
 0001:00004401       ?setDefaultUserEmail@MiniDmpSender@@QAEXPB_W@Z 10005401 f   BugSplatNative.obj
 0001:0000440d       ?setDefaultUserName@MiniDmpSender@@QAEXPB_W@Z 1000540d f   BugSplatNative.obj
 0001:00004419       ?setFlags@MiniDmpSender@@QAE_NK@Z 10005419 f   BugSplatNative.obj
 0001:00004425       ?setGuardByteBufferSize@MiniDmpSender@@QAEHH@Z 10005425 f   BugSplatNative.obj
 0001:00004431       ?setLogFilePath@MiniDmpSender@@QAEXPB_W@Z 10005431 f   BugSplatNative.obj
 0001:0000443d       ?setMiniDumpType@MiniDmpSender@@QAEXW4_BS_MINIDUMP_TYPE@1@@Z 1000543d f   BugSplatNative.obj
 0001:00004449       ?setResourceDllPath@MiniDmpSender@@QAEXPB_W@Z 10005449 f   BugSplatNative.obj
 0001:00004455       ?setUserZipPath@MiniDmpSender@@QAEXPB_W@Z 10005455 f   BugSplatNative.obj
 0001:00004461       ?unhandledExceptionHandler@MiniDmpSender@@QAEJPAU_EXCEPTION_POINTERS@@@Z 10005461 f   BugSplatNative.obj
 0001:0000446a       ?Lock@CAtlModule@ATL@@UAEJXZ 1000546a f i BugSplatNativeApp.obj
 0001:00004474       ?Unlock@CAtlModule@ATL@@UAEJXZ 10005474 f i BugSplatNativeApp.obj
 0001:0000447e       ?GetLockCount@CAtlModule@ATL@@UAEJXZ 1000547e f i BugSplatNativeApp.obj
 0001:00004482       ?GetGITPtr@CAtlModule@ATL@@UAEJPAPAUIGlobalInterfaceTable@@@Z 10005482 f i BugSplatNativeApp.obj
 0001:000044ce       ?AddCommonRGSReplacements@?$CAtlModuleT@VCComModule@ATL@@@ATL@@UAEJPAUIRegistrarBase@@@Z 100054ce f i BugSplatNativeApp.obj
 0001:000044e8       ?UpdateRegistryFromResourceD@CComModule@ATL@@UAGJPB_WHPAU_ATL_REGMAP_ENTRY@2@@Z 100054e8 f i BugSplatNativeApp.obj
 0001:000044f0       ?UpdateRegistryFromResourceD@CComModule@ATL@@UAGJIHPAU_ATL_REGMAP_ENTRY@2@@Z 100054f0 f i BugSplatNativeApp.obj
 0001:000044f8       ?UpdateRegistryFromResource@CComModule@ATL@@UAGJPB_WHPAU_ATL_REGMAP_ENTRY@2@@Z 100054f8 f i BugSplatNativeApp.obj
 0001:00004501       ?UpdateRegistryFromResource@CComModule@ATL@@UAGJIHPAU_ATL_REGMAP_ENTRY@2@@Z 10005501 f i BugSplatNativeApp.obj
 0001:0000450a       ??_ECComModule@ATL@@UAEPAXI@Z 1000550a f i BugSplatNativeApp.obj
 0001:0000450a       ??_GCComModule@ATL@@UAEPAXI@Z 1000550a f i BugSplatNativeApp.obj
 0001:00004532       ??_GCAppModule@WTL@@UAEPAXI@Z 10005532 f i BugSplatNativeApp.obj
 0001:00004532       ??_ECAppModule@WTL@@UAEPAXI@Z 10005532 f i BugSplatNativeApp.obj
 0001:0000455a       ?QueryInterface@CRegObject@ATL@@UAGJABU_GUID@@PAPAX@Z 1000555a f i BugSplatNativeApp.obj
 0001:00004562       ?AddRef@CRegObject@ATL@@UAGKXZ 10005562 f i BugSplatNativeApp.obj
 0001:00004568       ?Release@CRegObject@ATL@@UAGKXZ 10005568 f i BugSplatNativeApp.obj
 0001:0000456d       ?AddReplacement@CRegObject@ATL@@UAGJPB_W0@Z 1000556d f i BugSplatNativeApp.obj
 0001:000045cc       ?ClearReplacements@CRegObject@ATL@@UAGJXZ 100055cc f i BugSplatNativeApp.obj
 0001:000045f7       ??_GCRegObject@ATL@@UAEPAXI@Z 100055f7 f i BugSplatNativeApp.obj
 0001:000045f7       ??_ECRegObject@ATL@@UAEPAXI@Z 100055f7 f i BugSplatNativeApp.obj
 0001:00004619       ??$AtlMultiplyThrow@I@ATL@@YAIII@Z 10005619 f i BugSplatNativeApp.obj
 0001:0000463f       ??0CAtlComModule@ATL@@QAE@XZ 1000563f f i BugSplatNativeApp.obj
 0001:0000467e       ??0CAtlModule@ATL@@QAE@XZ  1000567e f i BugSplatNativeApp.obj
 0001:000046bf       ??0CParseBuffer@CRegParser@ATL@@QAE@H@Z 100056bf f i BugSplatNativeApp.obj
 0001:000046f5       ??0CRegObject@ATL@@QAE@XZ  100056f5 f i BugSplatNativeApp.obj
 0001:0000472b       ??0_ATL_COM_MODULE70@ATL@@QAE@XZ 1000572b f i BugSplatNativeApp.obj
 0001:00004742       ??0_ATL_MODULE70@ATL@@QAE@XZ 10005742 f i BugSplatNativeApp.obj
 0001:00004759       ??1?$CAtlSafeAllocBufferManager@VCCRTAllocator@ATL@@@_ATL_SAFE_ALLOCA_IMPL@ATL@@QAE@XZ 10005759 f i BugSplatNativeApp.obj
 0001:00004772       ??1?$CAutoVectorPtr@_W@ATL@@QAE@XZ 10005772 f i BugSplatNativeApp.obj
 0001:00004782       ??1?$CComCritSecLock@VCComCriticalSection@ATL@@@ATL@@QAE@XZ 10005782 f i BugSplatNativeApp.obj
 0001:00004799       ??1?$CTempBuffer@E$0BAA@VCCRTAllocator@ATL@@@ATL@@QAE@XZ 10005799 f i BugSplatNativeApp.obj
 0001:000047a5       ??1?$CTempBuffer@_W$0BAA@VCCRTAllocator@ATL@@@ATL@@QAE@XZ 100057a5 f i BugSplatNativeApp.obj
 0001:000047b1       ??1?$CTempBuffer@_W$0EAA@VCCRTAllocator@ATL@@@ATL@@QAE@XZ 100057b1 f i BugSplatNativeApp.obj
 0001:000047bd       ??1CAtlModule@ATL@@UAE@XZ  100057bd f i BugSplatNativeApp.obj
 0001:000047c2       ??1CParseBuffer@CRegParser@ATL@@QAE@XZ 100057c2 f i BugSplatNativeApp.obj
 0001:000047cc       ??1CRegKey@ATL@@QAE@XZ     100057cc f i BugSplatNativeApp.obj
 0001:000047d1       ??1CRegObject@ATL@@UAE@XZ  100057d1 f i BugSplatNativeApp.obj
 0001:00004805       ??A?$CSimpleArray@PAUHWND__@@V?$CSimpleArrayEqualHelper@PAUHWND__@@@ATL@@@ATL@@QAEAAPAUHWND__@@H@Z 10005805 f i BugSplatNativeApp.obj
 0001:0000482a       ?Add@?$CSimpleMap@PA_WPA_WVCExpansionVectorEqualHelper@ATL@@@ATL@@QAEHABQA_W0@Z 1000582a f i BugSplatNativeApp.obj
 0001:0000487f       ?Add@CExpansionVector@ATL@@QAEHPB_W0@Z 1000587f f i BugSplatNativeApp.obj
 0001:0000496d       ?AddString@CParseBuffer@CRegParser@ATL@@QAEHPB_W@Z 1000596d f i BugSplatNativeApp.obj
 0001:000049a9       ?AddValue@CRegParser@ATL@@IAEJAAVCRegKey@2@PB_WPA_W@Z 100059a9 f i BugSplatNativeApp.obj
 0001:00004d32       ?Allocate@?$CTempBuffer@E$0BAA@VCCRTAllocator@ATL@@@ATL@@QAEPAEI@Z 10005d32 f i BugSplatNativeApp.obj
 0001:00004d61       ?Allocate@?$CTempBuffer@_W$0BAA@VCCRTAllocator@ATL@@@ATL@@QAEPA_WI@Z 10005d61 f i BugSplatNativeApp.obj
 0001:00004d90       ?Allocate@?$CTempBuffer@_W$0EAA@VCCRTAllocator@ATL@@@ATL@@QAEPA_WI@Z 10005d90 f i BugSplatNativeApp.obj
 0001:00004dbf       ?AllocateHeap@?$CTempBuffer@E$0BAA@VCCRTAllocator@ATL@@@ATL@@AAEXI@Z 10005dbf f i BugSplatNativeApp.obj
 0001:00004de4       ?AllocateHeap@?$CTempBuffer@_W$0BAA@VCCRTAllocator@ATL@@@ATL@@AAEXI@Z 10005de4 f i BugSplatNativeApp.obj
 0001:00004e09       ?AllocateHeap@?$CTempBuffer@_W$0EAA@VCCRTAllocator@ATL@@@ATL@@AAEXI@Z 10005e09 f i BugSplatNativeApp.obj
 0001:00004e2e       ?Append@CParseBuffer@CRegParser@ATL@@QAEHPB_WH@Z 10005e2e f i BugSplatNativeApp.obj
 0001:00004ebc       ?AtlCallTermFunc@ATL@@YGXPAU_ATL_MODULE70@1@@Z 10005ebc f i BugSplatNativeApp.obj
 0001:00004f00       ?AtlCoTaskMemCAlloc@ATL@@YAPAXKK@Z 10005f00 f i BugSplatNativeApp.obj
 0001:00004f2d       ?AtlCoTaskMemRecalloc@ATL@@YAPAXPAXKK@Z 10005f2d f i BugSplatNativeApp.obj
 0001:00004f5d       ?AtlHresultFromLastError@ATL@@YAJXZ 10005f5d f i BugSplatNativeApp.obj
 0001:00004f74       ?AtlHresultFromWin32@ATL@@YAJK@Z 10005f74 f i BugSplatNativeApp.obj
 0001:00004f89       ?CanForceRemoveKey@CRegParser@ATL@@IAEHPB_W@Z 10005f89 f i BugSplatNativeApp.obj
 0001:00004fb8       ?ChToByte@CRegParser@ATL@@KAE_W@Z 10005fb8 f i BugSplatNativeApp.obj
 0001:00004feb       ?ClearReplacements@CExpansionVector@ATL@@QAEJXZ 10005feb f i BugSplatNativeApp.obj
 0001:00005028       ?Close@CRegKey@ATL@@QAEJXZ 10006028 f i BugSplatNativeApp.obj
 0001:00005042       ?Create@CRegKey@ATL@@QAEJPAUHKEY__@@PB_WPA_WKKPAU_SECURITY_ATTRIBUTES@@PAK@Z 10006042 f i BugSplatNativeApp.obj
 0001:000050b1       ?DeleteSubKey@CRegKey@ATL@@QAEJPB_W@Z 100060b1 f i BugSplatNativeApp.obj
 0001:0000512a       ?EndOfVar@CRegParser@ATL@@IAEHXZ 1000612a f i BugSplatNativeApp.obj
 0001:0000514a       ?EscapeSingleQuote@CAtlModule@ATL@@SAXPA_WIPB_W@Z 1000614a f i BugSplatNativeApp.obj
 0001:00005199       ?FindKey@?$CSimpleMap@PA_WPA_WVCExpansionVectorEqualHelper@ATL@@@ATL@@QBEHABQA_W@Z 10006199 f i BugSplatNativeApp.obj
 0001:000051d0       ?FreeHeap@?$CTempBuffer@E$0BAA@VCCRTAllocator@ATL@@@ATL@@AAEXXZ 100061d0 f i BugSplatNativeApp.obj
 0001:000051d9       ?FreeHeap@?$CTempBuffer@_W$0BAA@VCCRTAllocator@ATL@@@ATL@@AAEXXZ 100061d9 f i BugSplatNativeApp.obj
 0001:000051e2       ?FreeHeap@?$CTempBuffer@_W$0EAA@VCCRTAllocator@ATL@@@ATL@@AAEXXZ 100061e2 f i BugSplatNativeApp.obj
 0001:000051eb       ?GetKeyAt@?$CSimpleMap@PA_WPA_WVCExpansionVectorEqualHelper@ATL@@@ATL@@QBEAAPA_WH@Z 100061eb f i BugSplatNativeApp.obj
 0001:00005210       ?GetValueAt@?$CSimpleMap@PA_WPA_WVCExpansionVectorEqualHelper@ATL@@@ATL@@QBEAAPA_WH@Z 10006210 f i BugSplatNativeApp.obj
 0001:00005236       ?HKeyFromString@CRegParser@ATL@@KAPAUHKEY__@@PA_W@Z 10006236 f i BugSplatNativeApp.obj
 0001:00005264       ?HasSubKeys@CRegParser@ATL@@IAEHPAUHKEY__@@@Z 10006264 f i BugSplatNativeApp.obj
 0001:00005299       ?Init@CAppModule@WTL@@QAEJPAU_ATL_OBJMAP_ENTRY30@ATL@@PAUHINSTANCE__@@PBU_GUID@@@Z 10006299 f i BugSplatNativeApp.obj
 0001:00005318       ?Init@CComCriticalSection@ATL@@QAEJXZ 10006318 f i BugSplatNativeApp.obj
 0001:00005340       ?Init@CComModule@ATL@@QAEJPAU_ATL_OBJMAP_ENTRY30@2@PAUHINSTANCE__@@PBU_GUID@@@Z 10006340 f i BugSplatNativeApp.obj
 0001:0000539f       ?InternalSetAtIndex@?$CSimpleMap@PA_WPA_WVCExpansionVectorEqualHelper@ATL@@@ATL@@QAEXHABQA_W0@Z 1000639f f i BugSplatNativeApp.obj
 0001:000053d3       ?IsSpace@CRegParser@ATL@@IAEH_W@Z 100063d3 f i BugSplatNativeApp.obj
 0001:000053fd       ?Lookup@?$CSimpleMap@PA_WPA_WVCExpansionVectorEqualHelper@ATL@@@ATL@@QBEPA_WABQA_W@Z 100063fd f i BugSplatNativeApp.obj
 0001:00005423       ?NextToken@CRegParser@ATL@@IAEJPA_W@Z 10006423 f i BugSplatNativeApp.obj
 0001:0000555b       ?Open@CRegKey@ATL@@QAEJPAUHKEY__@@PB_WK@Z 1000655b f i BugSplatNativeApp.obj
 0001:000055b0       ?PreProcessBuffer@CRegParser@ATL@@QAEJPA_WPAPA_W@Z 100065b0 f i BugSplatNativeApp.obj
 0001:000057f4       ?RecurseDeleteKey@CRegKey@ATL@@QAEJPB_W@Z 100067f4 f i BugSplatNativeApp.obj
 0001:000058b6       ?RegCreateKeyExW@CAtlTransactionManager@ATL@@QAEJPAUHKEY__@@PB_WKPA_WKKQAU_SECURITY_ATTRIBUTES@@PAPAU3@PAK@Z 100068b6 f i BugSplatNativeApp.obj
 0001:00005919       ?RegDeleteKeyW@CAtlTransactionManager@ATL@@QAEJPAUHKEY__@@PB_W@Z 10006919 f i BugSplatNativeApp.obj
 0001:0000596b       ?RegOpenKeyExW@CAtlTransactionManager@ATL@@QAEJPAUHKEY__@@PB_WKKPAPAU3@@Z 1000696b f i BugSplatNativeApp.obj
 0001:000059c2       ?RegisterBuffer@CRegParser@ATL@@QAEJPA_WH@Z 100069c2 f i BugSplatNativeApp.obj
 0001:00005afb       ?RegisterFromResource@CRegObject@ATL@@IAEJPB_W00H@Z 10006afb f i BugSplatNativeApp.obj
 0001:00005c72       ?RegisterSubkeys@CRegParser@ATL@@IAEJPA_WPAUHKEY__@@HH@Z 10006c72 f i BugSplatNativeApp.obj
 0001:0000624b       ?RemoveAll@?$CSimpleArray@PAUHWND__@@V?$CSimpleArrayEqualHelper@PAUHWND__@@@ATL@@@ATL@@QAEXXZ 1000724b f i BugSplatNativeApp.obj
 0001:00006268       ?RemoveAll@?$CSimpleMap@KPAVCMessageLoop@WTL@@V?$CSimpleMapEqualHelper@KPAVCMessageLoop@WTL@@@ATL@@@ATL@@QAEXXZ 10007268 f i BugSplatNativeApp.obj
 0001:00006294       ?RemoveAll@?$CSimpleMap@PA_WPA_WVCExpansionVectorEqualHelper@ATL@@@ATL@@QAEXXZ 10007294 f i BugSplatNativeApp.obj
 0001:000062c0       ?ResourceRegister@CRegObject@ATL@@QAGJPB_WI0@Z 100072c0 f i BugSplatNativeApp.obj
 0001:000062f1       ?ResourceRegisterSz@CRegObject@ATL@@QAGJPB_W00@Z 100072f1 f i BugSplatNativeApp.obj
 0001:00006333       ?ResourceUnregister@CRegObject@ATL@@QAGJPB_WI0@Z 10007333 f i BugSplatNativeApp.obj
 0001:00006363       ?ResourceUnregisterSz@CRegObject@ATL@@QAGJPB_W00@Z 10007363 f i BugSplatNativeApp.obj
 0001:000063a2       ?SetMultiStringValue@CRegKey@ATL@@QAEJPB_W0@Z 100073a2 f i BugSplatNativeApp.obj
 0001:000063ea       ?SetStringValue@CRegKey@ATL@@QAEJPB_W0K@Z 100073ea f i BugSplatNativeApp.obj
 0001:00006424       ?SkipAssignment@CRegParser@ATL@@IAEJPA_W@Z 10007424 f i BugSplatNativeApp.obj
 0001:00006489       ?SkipWhiteSpace@CRegParser@ATL@@IAEXXZ 10007489 f i BugSplatNativeApp.obj
 0001:000064ab       ?StrChrW@CRegParser@ATL@@KAPA_WPA_W_W@Z 100074ab f i BugSplatNativeApp.obj
 0001:000064e8       ?StrFromMap@CRegObject@ATL@@QAEPB_WPA_W@Z 100074e8 f i BugSplatNativeApp.obj
 0001:00006516       ?Term@CAppModule@WTL@@QAEXXZ 10007516 f i BugSplatNativeApp.obj
 0001:00006540       ?Term@CAtlComModule@ATL@@QAEXXZ 10007540 f i BugSplatNativeApp.obj
 0001:0000658a       ?Term@CAtlModule@ATL@@QAEXXZ 1000758a f i BugSplatNativeApp.obj
 0001:000065c3       ?Term@CComModule@ATL@@QAEXXZ 100075c3 f i BugSplatNativeApp.obj
 0001:0000661b       ?TermSettingChangeNotify@CAppModule@WTL@@QAEXXZ 1000761b f i BugSplatNativeApp.obj
 0001:0000668a       ?UpdateRegistryFromResource@CAtlModule@ATL@@QAGJIHPAU_ATL_REGMAP_ENTRY@2@@Z 1000768a f i BugSplatNativeApp.obj
 0001:0000684f       ?UpdateRegistryFromResource@CAtlModule@ATL@@QAGJPB_WHPAU_ATL_REGMAP_ENTRY@2@@Z 1000784f f i BugSplatNativeApp.obj
 0001:00006a17       ?VTFromRegType@CRegParser@ATL@@KAHPB_WAAG@Z 10007a17 f i BugSplatNativeApp.obj
 0001:00006a84       ?_AtlInitializeCriticalSectionEx@ATL@@YAHPAU_RTL_CRITICAL_SECTION@@KK@Z 10007a84 f i BugSplatNativeApp.obj
 0001:00006a98       ?_AtlRaiseException@ATL@@YAXKK@Z 10007a98 f i BugSplatNativeApp.obj
 0001:00006aad       ?memcpy_s@Checked@ATL@@YAXPAXIPBXI@Z 10007aad f i BugSplatNativeApp.obj
 0001:00006acc       ?ocscpy_s@@YA_NPA_WIPB_W@Z 10007acc f i BugSplatNativeApp.obj
 0001:00006b06       _DllMain@12                10007b06 f   BugSplatNativeApp.obj
 0001:00006bb8       ??0CAtlWinModule@ATL@@QAE@XZ 10007bb8 f i StdAfx.obj
 0001:00006be6       ??0_ATL_WIN_MODULE70@ATL@@QAE@XZ 10007be6 f i StdAfx.obj
 0001:00006c11       ??1stringdispid@CComTypeInfoHolder@ATL@@QAE@XZ 10007c11 f i StdAfx.obj
 0001:00006c1a       ??A?$CSimpleArray@GV?$CSimpleArrayEqualHelper@G@ATL@@@ATL@@QAEAAGH@Z 10007c1a f i StdAfx.obj
 0001:00006c3f       ??_Estringdispid@CComTypeInfoHolder@ATL@@QAEPAXI@Z 10007c3f f i StdAfx.obj
 0001:00006cc1       ?AtlWinModuleInit@ATL@@YGJPAU_ATL_WIN_MODULE70@1@@Z 10007cc1 f i StdAfx.obj
 0001:00006ce7       ?AtlWinModuleTerm@ATL@@YGJPAU_ATL_WIN_MODULE70@1@PAUHINSTANCE__@@@Z 10007ce7 f i StdAfx.obj
 0001:00006d4a       ?RemoveAll@?$CSimpleArray@GV?$CSimpleArrayEqualHelper@G@ATL@@@ATL@@QAEXXZ 10007d4a f i StdAfx.obj
 0001:00006d67       _PathFileExistsW@4         10007d67 f   shlwapi:SHLWAPI.dll
 0001:00006d6d       _PathAppendW@8             10007d6d f   shlwapi:SHLWAPI.dll
 0001:00006d73       _PathRemoveExtensionW@4    10007d73 f   shlwapi:SHLWAPI.dll
 0001:00006d79       _PathStripPathW@4          10007d79 f   shlwapi:SHLWAPI.dll
 0001:00006d7f       _CreateFileW@28            10007d7f f   kernel32:KERNEL32.dll
 0001:00006d85       _DeleteFileW@4             10007d85 f   kernel32:KERNEL32.dll
 0001:00006d8b       _GetTempPathW@8            10007d8b f   kernel32:KERNEL32.dll
 0001:00006d91       _CloseHandle@4             10007d91 f   kernel32:KERNEL32.dll
 0001:00006d97       _GetLastError@0            10007d97 f   kernel32:KERNEL32.dll
 0001:00006d9d       _HeapDestroy@4             10007d9d f   kernel32:KERNEL32.dll
 0001:00006da3       _HeapAlloc@12              10007da3 f   kernel32:KERNEL32.dll
 0001:00006da9       _HeapReAlloc@16            10007da9 f   kernel32:KERNEL32.dll
 0001:00006daf       _HeapFree@12               10007daf f   kernel32:KERNEL32.dll
 0001:00006db5       _HeapSize@12               10007db5 f   kernel32:KERNEL32.dll
 0001:00006dbb       _GetProcessHeap@0          10007dbb f   kernel32:KERNEL32.dll
 0001:00006dc1       _GetCurrentProcess@0       10007dc1 f   kernel32:KERNEL32.dll
 0001:00006dc7       _GetCurrentProcessId@0     10007dc7 f   kernel32:KERNEL32.dll
 0001:00006dcd       _GetCurrentThreadId@0      10007dcd f   kernel32:KERNEL32.dll
 0001:00006dd3       _OpenThread@12             10007dd3 f   kernel32:KERNEL32.dll
 0001:00006dd9       _SuspendThread@4           10007dd9 f   kernel32:KERNEL32.dll
 0001:00006ddf       _ResumeThread@4            10007ddf f   kernel32:KERNEL32.dll
 0001:00006de5       _GetProcessId@4            10007de5 f   kernel32:KERNEL32.dll
 0001:00006deb       _GetThreadContext@8        10007deb f   kernel32:KERNEL32.dll
 0001:00006df1       _FindResourceExW@16        10007df1 f   kernel32:KERNEL32.dll
 0001:00006df7       _GetProcAddress@8          10007df7 f   kernel32:KERNEL32.dll
 0001:00006dfd       _LoadResource@8            10007dfd f   kernel32:KERNEL32.dll
 0001:00006e03       _LockResource@4            10007e03 f   kernel32:KERNEL32.dll
 0001:00006e09       _SizeofResource@8          10007e09 f   kernel32:KERNEL32.dll
 0001:00006e0f       _FindResourceW@12          10007e0f f   kernel32:KERNEL32.dll
 0001:00006e15       _LoadLibraryW@4            10007e15 f   kernel32:KERNEL32.dll
 0001:00006e1b       _LocalFree@4               10007e1b f   kernel32:KERNEL32.dll
 0001:00006e21       _FormatMessageW@28         10007e21 f   kernel32:KERNEL32.dll
 0001:00006e27       _CreateToolhelp32Snapshot@8 10007e27 f   kernel32:KERNEL32.dll
 0001:00006e2d       _Thread32First@8           10007e2d f   kernel32:KERNEL32.dll
 0001:00006e33       _Thread32Next@8            10007e33 f   kernel32:KERNEL32.dll
 0001:00006e39       _OutputDebugStringW@4      10007e39 f   kernel32:KERNEL32.dll
 0001:00006e3f       _SetUnhandledExceptionFilter@4 10007e3f f   kernel32:KERNEL32.dll
 0001:00006e45       _SetLastError@4            10007e45 f   kernel32:KERNEL32.dll
 0001:00006e4b       _SetErrorMode@4            10007e4b f   kernel32:KERNEL32.dll
 0001:00006e51       _WaitForSingleObject@8     10007e51 f   kernel32:KERNEL32.dll
 0001:00006e57       _TerminateProcess@8        10007e57 f   kernel32:KERNEL32.dll
 0001:00006e5d       _CreateProcessW@40         10007e5d f   kernel32:KERNEL32.dll
 0001:00006e63       _FlushInstructionCache@12  10007e63 f   kernel32:KERNEL32.dll
 0001:00006e69       _OpenProcess@12            10007e69 f   kernel32:KERNEL32.dll
 0001:00006e6f       _GetSystemTime@4           10007e6f f   kernel32:KERNEL32.dll
 0001:00006e75       _VirtualProtect@16         10007e75 f   kernel32:KERNEL32.dll
 0001:00006e7b       _VirtualQuery@12           10007e7b f   kernel32:KERNEL32.dll
 0001:00006e81       _FreeLibrary@4             10007e81 f   kernel32:KERNEL32.dll
 0001:00006e87       _GetModuleFileNameW@12     10007e87 f   kernel32:KERNEL32.dll
 0001:00006e8d       _GetModuleHandleW@4        10007e8d f   kernel32:KERNEL32.dll
 0001:00006e93       _WritePrivateProfileStringW@16 10007e93 f   kernel32:KERNEL32.dll
 0001:00006e99       _SystemTimeToFileTime@8    10007e99 f   kernel32:KERNEL32.dll
 0001:00006e9f       _DecodePointer@4           10007e9f f   kernel32:KERNEL32.dll
 0001:00006ea5       _RaiseException@16         10007ea5 f   kernel32:KERNEL32.dll
 0001:00006eab       _EnterCriticalSection@4    10007eab f   kernel32:KERNEL32.dll
 0001:00006eb1       _LeaveCriticalSection@4    10007eb1 f   kernel32:KERNEL32.dll
 0001:00006eb7       _InitializeCriticalSectionEx@12 10007eb7 f   kernel32:KERNEL32.dll
 0001:00006ebd       _DeleteCriticalSection@4   10007ebd f   kernel32:KERNEL32.dll
 0001:00006ec3       _LoadLibraryExW@12         10007ec3 f   kernel32:KERNEL32.dll
 0001:00006ec9       _lstrcmpiW@8               10007ec9 f   kernel32:KERNEL32.dll
 0001:00006ecf       _MultiByteToWideChar@24    10007ecf f   kernel32:KERNEL32.dll
 0001:00006ed5       _MessageBoxW@16            10007ed5 f   user32:USER32.dll
 0001:00006edb       _LoadStringW@16            10007edb f   user32:USER32.dll
 0001:00006ee1       _DestroyWindow@4           10007ee1 f   user32:USER32.dll
 0001:00006ee7       _CharNextW@4               10007ee7 f   user32:USER32.dll
 0001:00006eed       _UnregisterClassW@8        10007eed f   user32:USER32.dll
 0001:00006ef3       _RegCloseKey@4             10007ef3 f   advapi32:ADVAPI32.dll
 0001:00006ef9       _RegCreateKeyW@12          10007ef9 f   advapi32:ADVAPI32.dll
 0001:00006eff       _RegOpenKeyW@12            10007eff f   advapi32:ADVAPI32.dll
 0001:00006f05       _RegQueryValueExW@24       10007f05 f   advapi32:ADVAPI32.dll
 0001:00006f0b       _RegSetValueExW@24         10007f0b f   advapi32:ADVAPI32.dll
 0001:00006f11       _RegCreateKeyExW@36        10007f11 f   advapi32:ADVAPI32.dll
 0001:00006f17       _RegDeleteKeyW@8           10007f17 f   advapi32:ADVAPI32.dll
 0001:00006f1d       _RegDeleteValueW@8         10007f1d f   advapi32:ADVAPI32.dll
 0001:00006f23       _RegEnumKeyExW@32          10007f23 f   advapi32:ADVAPI32.dll
 0001:00006f29       _RegOpenKeyExW@20          10007f29 f   advapi32:ADVAPI32.dll
 0001:00006f2f       _RegQueryInfoKeyW@48       10007f2f f   advapi32:ADVAPI32.dll
 0001:00006f35       _CoCreateInstance@20       10007f35 f   ole32:ole32.dll
 0001:00006f3b       _CoTaskMemAlloc@4          10007f3b f   ole32:ole32.dll
 0001:00006f41       _CoTaskMemRealloc@8        10007f41 f   ole32:ole32.dll
 0001:00006f47       _CoTaskMemFree@4           10007f47 f   ole32:ole32.dll
 0001:00006f4d       _VarUI4FromStr@16          10007f4d f   oleaut32:OLEAUT32.dll
 0001:00006f53       _SysFreeString@4           10007f53 f   oleaut32:OLEAUT32.dll
 0001:00006f59       ??$?2PAUHINSTANCE__@@@Wrapper@?$CSimpleArray@PAUHINSTANCE__@@V?$CSimpleArrayEqualHelper@PAUHINSTANCE__@@@ATL@@@ATL@@SAPAXIPAPAUHINSTANCE__@@@Z 10007f59 f i atls:atlbase.obj
 0001:00006f61       ??0?$CComCritSecLock@VCComCriticalSection@ATL@@@ATL@@QAE@AAVCComCriticalSection@1@_N@Z 10007f61 f i atls:atlbase.obj
 0001:00006f88       ??0?$CSimpleArray@PAUHINSTANCE__@@V?$CSimpleArrayEqualHelper@PAUHINSTANCE__@@@ATL@@@ATL@@QAE@XZ 10007f88 f i atls:atlbase.obj
 0001:00006f95       ??0CAtlBaseModule@ATL@@QAE@XZ 10007f95 f   atls:atlbase.obj
 0001:00006fe8       ??0CComCriticalSection@ATL@@QAE@XZ 10007fe8 f i atls:atlbase.obj
 0001:00006ffc       ??0Wrapper@?$CSimpleArray@PAUHINSTANCE__@@V?$CSimpleArrayEqualHelper@PAUHINSTANCE__@@@ATL@@@ATL@@QAE@ABQAUHINSTANCE__@@@Z 10007ffc f i atls:atlbase.obj
 0001:0000700c       ??0_ATL_BASE_MODULE70@ATL@@QAE@XZ 1000800c f i atls:atlbase.obj
 0001:0000702f       ??1?$CSimpleArray@PAUHINSTANCE__@@V?$CSimpleArrayEqualHelper@PAUHINSTANCE__@@@ATL@@@ATL@@QAE@XZ 1000802f f i atls:atlbase.obj
 0001:00007034       ??1CAtlBaseModule@ATL@@QAE@XZ 10008034 f   atls:atlbase.obj
 0001:0000704a       ??1CComCriticalSection@ATL@@QAE@XZ 1000804a f i atls:atlbase.obj
 0001:0000704b       ??1_ATL_BASE_MODULE70@ATL@@QAE@XZ 1000804b f i atls:atlbase.obj
 0001:00007053       ??A?$CSimpleArray@PAUHINSTANCE__@@V?$CSimpleArrayEqualHelper@PAUHINSTANCE__@@@ATL@@@ATL@@QAEAAPAUHINSTANCE__@@H@Z 10008053 f i atls:atlbase.obj
 0001:00007078       ?Add@?$CSimpleArray@PAUHINSTANCE__@@V?$CSimpleArrayEqualHelper@PAUHINSTANCE__@@@ATL@@@ATL@@QAEHABQAUHINSTANCE__@@@Z 10008078 f i atls:atlbase.obj
 0001:000070fa       ?AddResourceInstance@CAtlBaseModule@ATL@@QAE_NPAUHINSTANCE__@@@Z 100080fa f   atls:atlbase.obj
 0001:0000712d       ?GetHInstanceAt@CAtlBaseModule@ATL@@QAEPAUHINSTANCE__@@H@Z 1000812d f   atls:atlbase.obj
 0001:00007172       ?GetSize@?$CSimpleArray@PAUHINSTANCE__@@V?$CSimpleArrayEqualHelper@PAUHINSTANCE__@@@ATL@@@ATL@@QBEHXZ 10008172 f i atls:atlbase.obj
 0001:00007176       ?InternalSetAtIndex@?$CSimpleArray@PAUHINSTANCE__@@V?$CSimpleArrayEqualHelper@PAUHINSTANCE__@@@ATL@@@ATL@@QAEXHABQAUHINSTANCE__@@@Z 10008176 f i atls:atlbase.obj
 0001:00007190       ?Lock@?$CComCritSecLock@VCComCriticalSection@ATL@@@ATL@@QAEJXZ 10008190 f i atls:atlbase.obj
 0001:000071a3       ?Lock@CComCriticalSection@ATL@@QAEJXZ 100081a3 f i atls:atlbase.obj
 0001:000071ad       ?RemoveAll@?$CSimpleArray@PAUHINSTANCE__@@V?$CSimpleArrayEqualHelper@PAUHINSTANCE__@@@ATL@@@ATL@@QAEXXZ 100081ad f i atls:atlbase.obj
 0001:000071ca       ?RemoveAt@?$CSimpleArray@PAUHINSTANCE__@@V?$CSimpleArrayEqualHelper@PAUHINSTANCE__@@@ATL@@@ATL@@QAEHH@Z 100081ca f i atls:atlbase.obj
 0001:00007218       ?RemoveResourceInstance@CAtlBaseModule@ATL@@QAE_NPAUHINSTANCE__@@@Z 10008218 f   atls:atlbase.obj
 0001:00007275       ?Term@CComCriticalSection@ATL@@QAEJXZ 10008275 f i atls:atlbase.obj
 0001:0000727f       ?Unlock@?$CComCritSecLock@VCComCriticalSection@ATL@@@ATL@@QAEXXZ 1000827f f i atls:atlbase.obj
 0001:00007290       ?Unlock@CComCriticalSection@ATL@@QAEJXZ 10008290 f i atls:atlbase.obj
 0001:0000729a       _HRESULT_FROM_WIN32        1000829a f i atls:atlbase.obj
 0001:000072fa       ??0?$CTraceCategoryEx@$00$0A@@ATL@@QAE@PB_W@Z 100082fa f i atls:stdafx.obj
 0001:000072ff       ??0?$CTraceCategoryEx@$01$0A@@ATL@@QAE@PB_W@Z 100082ff f i atls:stdafx.obj
 0001:00007304       ??0?$CTraceCategoryEx@$03$0A@@ATL@@QAE@PB_W@Z 10008304 f i atls:stdafx.obj
 0001:00007309       ??0?$CTraceCategoryEx@$07$0A@@ATL@@QAE@PB_W@Z 10008309 f i atls:stdafx.obj
 0001:0000730e       ??0?$CTraceCategoryEx@$0BA@$0A@@ATL@@QAE@PB_W@Z 1000830e f i atls:stdafx.obj
 0001:00007313       ??0?$CTraceCategoryEx@$0BAA@$0A@@ATL@@QAE@PB_W@Z 10008313 f i atls:stdafx.obj
 0001:00007318       ??0?$CTraceCategoryEx@$0BAAA@$0A@@ATL@@QAE@PB_W@Z 10008318 f i atls:stdafx.obj
 0001:0000731d       ??0?$CTraceCategoryEx@$0BAAAA@$0A@@ATL@@QAE@PB_W@Z 1000831d f i atls:stdafx.obj
 0001:00007322       ??0?$CTraceCategoryEx@$0BAAAAA@$0A@@ATL@@QAE@PB_W@Z 10008322 f i atls:stdafx.obj
 0001:00007327       ??0?$CTraceCategoryEx@$0CA@$0A@@ATL@@QAE@PB_W@Z 10008327 f i atls:stdafx.obj
 0001:0000732c       ??0?$CTraceCategoryEx@$0CAA@$0A@@ATL@@QAE@PB_W@Z 1000832c f i atls:stdafx.obj
 0001:00007331       ??0?$CTraceCategoryEx@$0CAAA@$0A@@ATL@@QAE@PB_W@Z 10008331 f i atls:stdafx.obj
 0001:00007336       ??0?$CTraceCategoryEx@$0CAAAA@$0A@@ATL@@QAE@PB_W@Z 10008336 f i atls:stdafx.obj
 0001:0000733b       ??0?$CTraceCategoryEx@$0CAAAAA@$0A@@ATL@@QAE@PB_W@Z 1000833b f i atls:stdafx.obj
 0001:00007340       ??0?$CTraceCategoryEx@$0EA@$0A@@ATL@@QAE@PB_W@Z 10008340 f i atls:stdafx.obj
 0001:00007345       ??0?$CTraceCategoryEx@$0EAA@$0A@@ATL@@QAE@PB_W@Z 10008345 f i atls:stdafx.obj
 0001:0000734a       ??0?$CTraceCategoryEx@$0EAAA@$0A@@ATL@@QAE@PB_W@Z 1000834a f i atls:stdafx.obj
 0001:0000734f       ??0?$CTraceCategoryEx@$0EAAAA@$0A@@ATL@@QAE@PB_W@Z 1000834f f i atls:stdafx.obj
 0001:00007354       ??0?$CTraceCategoryEx@$0EAAAAA@$0A@@ATL@@QAE@PB_W@Z 10008354 f i atls:stdafx.obj
 0001:00007359       ??0?$CTraceCategoryEx@$0IA@$0A@@ATL@@QAE@PB_W@Z 10008359 f i atls:stdafx.obj
 0001:0000735e       ??0?$CTraceCategoryEx@$0IAA@$0A@@ATL@@QAE@PB_W@Z 1000835e f i atls:stdafx.obj
 0001:00007363       ??0?$CTraceCategoryEx@$0IAAA@$0A@@ATL@@QAE@PB_W@Z 10008363 f i atls:stdafx.obj
 0001:00007368       ??0?$CTraceCategoryEx@$0IAAAA@$0A@@ATL@@QAE@PB_W@Z 10008368 f i atls:stdafx.obj
 0001:0000736d       ??_I@YGXPAXIIP6EX0@Z@Z     1000836d f i atls:stdafx.obj
 0001:000073a0       ??_M@YGXPAXIHP6EX0@Z@Z     100083a0 f   LIBCMT:ehvecdtr.obj
 0001:000073a5       ??_M@YGXPAXIIP6EX0@Z@Z     100083a5 f   LIBCMT:ehvecdtr.obj
 0001:00007443       ?__ArrayUnwind@@YGXPAXIIP6EX0@Z@Z 10008443 f   LIBCMT:ehvecdtr.obj
 0001:000074bc       ??3@YAXPAXI@Z              100084bc f   LIBCMT:delete_scalar_size.obj
 0001:000074ca       ??_V@YAXPAXI@Z             100084ca f   LIBCMT:delete_array_size.obj
 0001:000074d8       ??$__crt_fast_decode_pointer@PAP6AXXZ@@YAPAP6AXXZQAP6AXXZ@Z 100084d8 f i LIBCMT:utility.obj
 0001:000074ec       ??$__crt_fast_encode_pointer@PAP6AXXZ@@YAPAP6AXXZQAP6AXXZ@Z 100084ec f i LIBCMT:utility.obj
 0001:00007509       ?__crt_rotate_pointer_value@@YAIIH@Z 10008509 f i LIBCMT:utility.obj
 0001:00007516       ?configure_argv@__scrt_narrow_argv_policy@@SAHXZ 10008516 f i LIBCMT:utility.obj
 0001:00007567       ?initialize_environment@__scrt_narrow_environment_policy@@SAHXZ 10008567 f i LIBCMT:utility.obj
 0001:000075a0       _NtCurrentTeb              100085a0 f i LIBCMT:utility.obj
 0001:000075a7       ___scrt_acquire_startup_lock 100085a7 f   LIBCMT:utility.obj
 0001:000075d9       ___scrt_dllmain_after_initialize_c 100085d9 f   LIBCMT:utility.obj
 0001:00007604       ___scrt_dllmain_before_initialize_c 10008604 f   LIBCMT:utility.obj
 0001:00007612       ___scrt_dllmain_crt_thread_attach 10008612 f   LIBCMT:utility.obj
 0001:00007631       ___scrt_dllmain_crt_thread_detach 10008631 f   LIBCMT:utility.obj
 0001:0000763e       ___scrt_dllmain_exception_filter 1000863e f   LIBCMT:utility.obj
 0001:00007672       ___scrt_dllmain_uninitialize_c 10008672 f   LIBCMT:utility.obj
 0001:00007695       ___scrt_dllmain_uninitialize_critical 10008695 f   LIBCMT:utility.obj
 0001:000076a2       ___scrt_initialize_crt     100086a2 f   LIBCMT:utility.obj
 0001:000076db       ___scrt_initialize_onexit_tables 100086db f   LIBCMT:utility.obj
 0001:00007780       ___scrt_is_nonwritable_in_current_image 10008780 f   LIBCMT:utility.obj
 0001:00007814       ___scrt_release_startup_lock 10008814 f   LIBCMT:utility.obj
 0001:00007831       ___scrt_uninitialize_crt   10008831 f   LIBCMT:utility.obj
 0001:00007859       __onexit                   10008859 f   LIBCMT:utility.obj
 0001:00007894       _at_quick_exit             10008894 f   LIBCMT:utility.obj
 0001:000078c5       _atexit                    100088c5 f   LIBCMT:utility.obj
 0001:00007901       ??$__crt_fast_decode_pointer@P6GHPAU_RTL_CONDITION_VARIABLE@@PAU_RTL_CRITICAL_SECTION@@K@Z@@YAP6GHPAU_RTL_CONDITION_VARIABLE@@PAU_RTL_CRITICAL_SECTION@@K@ZQ6GH01K@Z@Z 10008901 f i LIBCMT:thread_safe_statics.obj
 0001:00007915       ??$__crt_fast_decode_pointer@P6GXPAU_RTL_CONDITION_VARIABLE@@@Z@@YAP6GXPAU_RTL_CONDITION_VARIABLE@@@ZQ6GX0@Z@Z 10008915 f i LIBCMT:thread_safe_statics.obj
 0001:00007929       ??$__crt_fast_encode_pointer@P6GHPAU_RTL_CONDITION_VARIABLE@@PAU_RTL_CRITICAL_SECTION@@K@Z@@YAP6GHPAU_RTL_CONDITION_VARIABLE@@PAU_RTL_CRITICAL_SECTION@@K@ZQ6GH01K@Z@Z 10008929 f i LIBCMT:thread_safe_statics.obj
 0001:00007946       ??$__crt_fast_encode_pointer@P6GXPAU_RTL_CONDITION_VARIABLE@@@Z@@YAP6GXPAU_RTL_CONDITION_VARIABLE@@@ZQ6GX0@Z@Z 10008946 f i LIBCMT:thread_safe_statics.obj
 0001:00007a52       ?__scrt_is_event_api_used@@YA_NQAX@Z 10008a52 f i LIBCMT:thread_safe_statics.obj
 0001:00007a7a       __Init_thread_abort        10008a7a f   LIBCMT:thread_safe_statics.obj
 0001:00007a9e       __Init_thread_footer       10008a9e f   LIBCMT:thread_safe_statics.obj
 0001:00007ae8       __Init_thread_header       10008ae8 f   LIBCMT:thread_safe_statics.obj
 0001:00007b3a       __Init_thread_lock         10008b3a f   LIBCMT:thread_safe_statics.obj
 0001:00007b46       __Init_thread_notify       10008b46 f   LIBCMT:thread_safe_statics.obj
 0001:00007b88       __Init_thread_unlock       10008b88 f   LIBCMT:thread_safe_statics.obj
 0001:00007b94       __Init_thread_wait         10008b94 f   LIBCMT:thread_safe_statics.obj
 0001:00007bf4       @__security_check_cookie@4 10008bf4 f   LIBCMT:secchk.obj
 0001:00007c05       __EH_epilog3               10008c05 f   LIBCMT:ehprolg3.obj
 0001:00007c1a       __EH_epilog3_GS            10008c1a f   LIBCMT:ehprolg3.obj
 0001:00007c2b       __EH_epilog3_catch_GS      10008c2b f   LIBCMT:ehprolg3.obj
 0001:00007c3c       __EH_prolog3               10008c3c f   LIBCMT:ehprolg3.obj
 0001:00007c70       __EH_prolog3_GS            10008c70 f   LIBCMT:ehprolg3.obj
 0001:00007ca7       __EH_prolog3_catch         10008ca7 f   LIBCMT:ehprolg3.obj
 0001:00007cde       __EH_prolog3_catch_GS      10008cde f   LIBCMT:ehprolg3.obj
 0001:00007d20       __SEH_prolog4              10008d20 f   LIBCMT:sehprolg4.obj
 0001:00007d66       __SEH_epilog4              10008d66 f   LIBCMT:sehprolg4.obj
 0001:00007d7b       ??1type_info@@UAE@XZ       10008d7b f   LIBCMT:std_type_info_static.obj
 0001:00007d82       ??_Etype_info@@UAEPAXI@Z   10008d82 f i LIBCMT:std_type_info_static.obj
 0001:00007d82       ??_Gtype_info@@UAEPAXI@Z   10008d82 f i LIBCMT:std_type_info_static.obj
 0001:00007da5       ??3@YAXPAX@Z               10008da5 f   LIBCMT:delete_scalar.obj
 0001:00007daa       ??2@YAPAXI@Z               10008daa f   LIBCMT:new_scalar.obj
 0001:00007dda       ??_U@YAPAXI@Z              10008dda f   LIBCMT:new_array.obj
 0001:00007de3       ??_V@YAXPAX@Z              10008de3 f   LIBCMT:delete_array.obj
 0001:00007df0       __alldiv                   10008df0 f   LIBCMT:lldiv.obj
 0001:00007e9a       ___raise_securityfailure   10008e9a f   LIBCMT:gs_report.obj
 0001:00007ec2       ___report_gsfailure        10008ec2 f   LIBCMT:gs_report.obj
 0001:00007fbb       ___report_rangecheckfailure 10008fbb f   LIBCMT:gs_report.obj
 0001:00007fc7       ___report_securityfailure  10008fc7 f   LIBCMT:gs_report.obj
 0001:00008095       ___report_securityfailureEx 10009095 f   LIBCMT:gs_report.obj
 0001:000081a9       ??_U@YAPAXIABUnothrow_t@std@@@Z 100091a9 f   LIBCMT:new_array_nothrow.obj
 0001:000081c0       __alloca_probe             100091c0 f   LIBCMT:chkstk.obj
 0001:000081c0       __chkstk                   100091c0 f   LIBCMT:chkstk.obj
 0001:0000850d       __CRT_INIT@12              1000950d f   LIBCMT:dll_dllmain.obj
 0001:00008516       __DllMainCRTStartup@12     10009516 f   LIBCMT:dll_dllmain.obj
 0001:00008539       @_guard_check_icall_nop@4  10009539 f i LIBCMT:guard_support.obj
 0001:0000853a       _ReadNoFence               1000953a f i LIBCMT:guard_support.obj
 0001:00008544       _ReadPointerNoFence        10009544 f i LIBCMT:guard_support.obj
 0001:0000854e       __guard_icall_checks_enforced 1000954e f i LIBCMT:guard_support.obj
 0001:00008560       ___isa_available_init      10009560 f   LIBCMT:cpu_disp.obj
 0001:000086f7       __get_startup_argv_mode    100096f7 f   LIBCMT:argv_mode.obj
 0001:000086fb       ___scrt_is_ucrt_dll_in_use 100096fb f   LIBCMT:ucrt_detection.obj
 0001:00008707       ___scrt_fastfail           10009707 f   LIBCMT:utility_desktop.obj
 0001:00008821       ___scrt_get_show_window_mode 10009821 f   LIBCMT:utility_desktop.obj
 0001:00008852       ___scrt_initialize_mta     10009852 f   LIBCMT:utility_desktop.obj
 0001:00008857       ___scrt_initialize_winrt   10009857 f   LIBCMT:utility_desktop.obj
 0001:0000885a       ___scrt_is_managed_app     1000985a f   LIBCMT:utility_desktop.obj
 0001:0000889d       ___scrt_set_unhandled_exception_filter 1000989d f   LIBCMT:utility_desktop.obj
 0001:000088a9       ___scrt_exe_initialize_mta 100098a9 f   LIBCMT:utility_desktop.obj
 0001:000088a9       ___scrt_stub_for_initialize_mta 100098a9 f   LIBCMT:utility_desktop.obj
 0001:000088ac       ___scrt_unhandled_exception_filter@4 100098ac f   LIBCMT:utility_desktop.obj
 0001:000088ed       __crt_debugger_hook        100098ed f   LIBCMT:utility_desktop.obj
 0001:000088f5       ??0bad_alloc@std@@AAE@QBD@Z 100098f5 f i LIBCMT:throw_bad_alloc.obj
 0001:00008912       ??0bad_alloc@std@@QAE@ABV01@@Z 10009912 f i LIBCMT:throw_bad_alloc.obj
 0001:0000892d       ??0bad_alloc@std@@QAE@XZ   1000992d f i LIBCMT:throw_bad_alloc.obj
 0001:00008945       ??0bad_array_new_length@std@@QAE@ABV01@@Z 10009945 f i LIBCMT:throw_bad_alloc.obj
 0001:00008960       ??0bad_array_new_length@std@@QAE@XZ 10009960 f i LIBCMT:throw_bad_alloc.obj
 0001:00008978       ??0exception@std@@QAE@ABV01@@Z 10009978 f i LIBCMT:throw_bad_alloc.obj
 0001:000089a4       ??0exception@std@@QAE@QBDH@Z 100099a4 f i LIBCMT:throw_bad_alloc.obj
 0001:000089c1       ??1bad_alloc@std@@UAE@XZ   100099c1 f i LIBCMT:throw_bad_alloc.obj
 0001:000089d2       ??1bad_array_new_length@std@@UAE@XZ 100099d2 f i LIBCMT:throw_bad_alloc.obj
 0001:000089e3       ??1exception@std@@UAE@XZ   100099e3 f i LIBCMT:throw_bad_alloc.obj
 0001:000089f4       ??_Gbad_alloc@std@@UAEPAXI@Z 100099f4 f i LIBCMT:throw_bad_alloc.obj
 0001:000089f4       ??_Ebad_alloc@std@@UAEPAXI@Z 100099f4 f i LIBCMT:throw_bad_alloc.obj
 0001:00008a21       ??_Gbad_array_new_length@std@@UAEPAXI@Z 10009a21 f i LIBCMT:throw_bad_alloc.obj
 0001:00008a21       ??_Ebad_array_new_length@std@@UAEPAXI@Z 10009a21 f i LIBCMT:throw_bad_alloc.obj
 0001:00008a4e       ??_Gexception@std@@UAEPAXI@Z 10009a4e f i LIBCMT:throw_bad_alloc.obj
 0001:00008a4e       ??_Eexception@std@@UAEPAXI@Z 10009a4e f i LIBCMT:throw_bad_alloc.obj
 0001:00008a7b       ?__scrt_throw_std_bad_alloc@@YAXXZ 10009a7b f   LIBCMT:throw_bad_alloc.obj
 0001:00008a98       ?__scrt_throw_std_bad_array_new_length@@YAXXZ 10009a98 f   LIBCMT:throw_bad_alloc.obj
 0001:00008ab5       ?what@exception@std@@UBEPBDXZ 10009ab5 f i LIBCMT:throw_bad_alloc.obj
 0001:00008ac2       ??2@YAPAXIABUnothrow_t@std@@@Z 10009ac2 f   LIBCMT:new_scalar_nothrow.obj
 0001:00008b5f       ___security_init_cookie    10009b5f f   LIBCMT:gs_support.obj
 0001:00008baa       ?__scrt_initialize_type_info@@YAXXZ 10009baa f   LIBCMT:tncleanup.obj
 0001:00008bb6       ?__scrt_uninitialize_type_info@@YAXXZ 10009bb6 f   LIBCMT:tncleanup.obj
 0001:00008bc2       ___local_stdio_scanf_options 10009bc2 f i LIBCMT:default_local_stdio_options.obj
 0001:00008bc8       ___scrt_initialize_default_local_stdio_options 10009bc8 f   LIBCMT:default_local_stdio_options.obj
 0001:00008be5       ___scrt_get_dyn_tls_init_callback 10009be5 f   LIBCMT:dyn_tls_init.obj
 0001:00008beb       __RTC_Initialize           10009beb f   LIBCMT:initsect.obj
 0001:00008c17       __RTC_Terminate            10009c17 f   LIBCMT:initsect.obj
 0001:00008c43       ??0bad_function_call@std@@QAE@ABV01@@Z 10009c43 f i libcpmt:xthrow.obj
 0001:00008c5e       ??0bad_function_call@std@@QAE@XZ 10009c5e f i libcpmt:xthrow.obj
 0001:00008c6f       ??0exception@std@@QAE@QBD@Z 10009c6f f i libcpmt:xthrow.obj
 0001:00008ca4       ??0exception@std@@QAE@XZ   10009ca4 f i libcpmt:xthrow.obj
 0001:00008cb5       ??0invalid_argument@std@@QAE@ABV01@@Z 10009cb5 f i libcpmt:xthrow.obj
 0001:00008cd0       ??0invalid_argument@std@@QAE@PBD@Z 10009cd0 f i libcpmt:xthrow.obj
 0001:00008cef       ??0length_error@std@@QAE@ABV01@@Z 10009cef f i libcpmt:xthrow.obj
 0001:00008d0a       ??0length_error@std@@QAE@PBD@Z 10009d0a f i libcpmt:xthrow.obj
 0001:00008d29       ??0logic_error@std@@QAE@ABV01@@Z 10009d29 f i libcpmt:xthrow.obj
 0001:00008d44       ??0logic_error@std@@QAE@PBD@Z 10009d44 f i libcpmt:xthrow.obj
 0001:00008d63       ??0out_of_range@std@@QAE@ABV01@@Z 10009d63 f i libcpmt:xthrow.obj
 0001:00008d7e       ??0out_of_range@std@@QAE@PBD@Z 10009d7e f i libcpmt:xthrow.obj
 0001:00008d9d       ??0overflow_error@std@@QAE@ABV01@@Z 10009d9d f i libcpmt:xthrow.obj
 0001:00008db8       ??0overflow_error@std@@QAE@PBD@Z 10009db8 f i libcpmt:xthrow.obj
 0001:00008dd7       ??0regex_error@std@@QAE@ABV01@@Z 10009dd7 f i libcpmt:xthrow.obj
 0001:00008dfb       ??0regex_error@std@@QAE@W4error_type@regex_constants@1@@Z 10009dfb f i libcpmt:xthrow.obj
 0001:00008e29       ??0runtime_error@std@@QAE@ABV01@@Z 10009e29 f i libcpmt:xthrow.obj
 0001:00008e44       ??0runtime_error@std@@QAE@PBD@Z 10009e44 f i libcpmt:xthrow.obj
 0001:00008e63       ??1bad_function_call@std@@UAE@XZ 10009e63 f i libcpmt:xthrow.obj
 0001:00008e74       ??1invalid_argument@std@@UAE@XZ 10009e74 f i libcpmt:xthrow.obj
 0001:00008e85       ??1length_error@std@@UAE@XZ 10009e85 f i libcpmt:xthrow.obj
 0001:00008e96       ??1logic_error@std@@UAE@XZ 10009e96 f i libcpmt:xthrow.obj
 0001:00008ea7       ??1out_of_range@std@@UAE@XZ 10009ea7 f i libcpmt:xthrow.obj
 0001:00008eb8       ??1overflow_error@std@@UAE@XZ 10009eb8 f i libcpmt:xthrow.obj
 0001:00008ec9       ??1regex_error@std@@UAE@XZ 10009ec9 f i libcpmt:xthrow.obj
 0001:00008eda       ??1runtime_error@std@@UAE@XZ 10009eda f i libcpmt:xthrow.obj
 0001:00008eeb       ??_Ebad_function_call@std@@UAEPAXI@Z 10009eeb f i libcpmt:xthrow.obj
 0001:00008eeb       ??_Gbad_function_call@std@@UAEPAXI@Z 10009eeb f i libcpmt:xthrow.obj
 0001:00008f18       ??_Einvalid_argument@std@@UAEPAXI@Z 10009f18 f i libcpmt:xthrow.obj
 0001:00008f18       ??_Ginvalid_argument@std@@UAEPAXI@Z 10009f18 f i libcpmt:xthrow.obj
 0001:00008f45       ??_Elength_error@std@@UAEPAXI@Z 10009f45 f i libcpmt:xthrow.obj
 0001:00008f45       ??_Glength_error@std@@UAEPAXI@Z 10009f45 f i libcpmt:xthrow.obj
 0001:00008f72       ??_Glogic_error@std@@UAEPAXI@Z 10009f72 f i libcpmt:xthrow.obj
 0001:00008f72       ??_Elogic_error@std@@UAEPAXI@Z 10009f72 f i libcpmt:xthrow.obj
 0001:00008f9f       ??_Gout_of_range@std@@UAEPAXI@Z 10009f9f f i libcpmt:xthrow.obj
 0001:00008f9f       ??_Eout_of_range@std@@UAEPAXI@Z 10009f9f f i libcpmt:xthrow.obj
 0001:00008fcc       ??_Goverflow_error@std@@UAEPAXI@Z 10009fcc f i libcpmt:xthrow.obj
 0001:00008fcc       ??_Eoverflow_error@std@@UAEPAXI@Z 10009fcc f i libcpmt:xthrow.obj
 0001:00008ff9       ??_Gregex_error@std@@UAEPAXI@Z 10009ff9 f i libcpmt:xthrow.obj
 0001:00008ff9       ??_Eregex_error@std@@UAEPAXI@Z 10009ff9 f i libcpmt:xthrow.obj
 0001:00009026       ??_Gruntime_error@std@@UAEPAXI@Z 1000a026 f i libcpmt:xthrow.obj
 0001:00009026       ??_Eruntime_error@std@@UAEPAXI@Z 1000a026 f i libcpmt:xthrow.obj
 0001:00009053       ?_Stringify@regex_error@std@@CAPBDW4error_type@regex_constants@2@@Z 1000a053 f i libcpmt:xthrow.obj
 0001:00009113       ?_Xbad_alloc@std@@YAXXZ    1000a113 f   libcpmt:xthrow.obj
 0001:00009130       ?_Xbad_function_call@std@@YAXXZ 1000a130 f   libcpmt:xthrow.obj
 0001:0000914d       ?_Xinvalid_argument@std@@YAXPBD@Z 1000a14d f   libcpmt:xthrow.obj
 0001:0000916d       ?_Xlength_error@std@@YAXPBD@Z 1000a16d f   libcpmt:xthrow.obj
 0001:0000918d       ?_Xout_of_range@std@@YAXPBD@Z 1000a18d f   libcpmt:xthrow.obj
 0001:000091ad       ?_Xoverflow_error@std@@YAXPBD@Z 1000a1ad f   libcpmt:xthrow.obj
 0001:000091cd       ?_Xregex_error@std@@YAXW4error_type@regex_constants@1@@Z 1000a1cd f   libcpmt:xthrow.obj
 0001:000091ed       ?_Xruntime_error@std@@YAXPBD@Z 1000a1ed f   libcpmt:xthrow.obj
 0001:0000920d       ?what@bad_function_call@std@@UBEPBDXZ 1000a20d f i libcpmt:xthrow.obj
 0001:00009213       _GetFileVersionInfoSizeW@8 1000a213 f   version:VERSION.dll
 0001:00009219       _GetFileVersionInfoW@16    1000a219 f   version:VERSION.dll
 0001:0000921f       _RpcStringFreeW@4          1000a21f f   Rpcrt4:RPCRT4.dll
 0001:00009225       _UuidCreate@4              1000a225 f   Rpcrt4:RPCRT4.dll
 0001:0000922b       _UuidToStringW@8           1000a22b f   Rpcrt4:RPCRT4.dll
 0001:00009240       _memcpy                    1000a240 f   libvcruntime:memcpy.obj
 0001:000097c0       _memmove                   1000a7c0 f   libvcruntime:memmove.obj
 0001:00009d40       _memset                    1000ad40 f   libvcruntime:memset.obj
 0001:00009e9a       _wcsstr                    1000ae9a f   libvcruntime:wcsstr.obj
 0001:0000a116       __CxxThrowException@8      1000b116 f   libvcruntime:throw.obj
 0001:0000a183       ??$?0AAViterator@TryBlockMap@__FrameHandler3@@AAV012@$0A@@?$pair@Viterator@TryBlockMap@__FrameHandler3@@V123@@std@@QAE@AAViterator@TryBlockMap@__FrameHandler3@@0@Z 1000b183 f i libvcruntime:trnsctrl.obj
 0001:0000a1a7       ??$forward@AAViterator@TryBlockMap@__FrameHandler3@@@std@@YAAAViterator@TryBlockMap@__FrameHandler3@@AAV123@@Z 1000b1a7 f i libvcruntime:trnsctrl.obj
 0001:0000a1af       ??0iterator@TryBlockMap@__FrameHandler3@@QAE@AAV12@I@Z 1000b1af f i libvcruntime:trnsctrl.obj
 0001:0000a1c3       ?GetRangeOfTrysToCheck@__FrameHandler3@@SA?AU?$pair@Viterator@TryBlockMap@__FrameHandler3@@V123@@std@@AAVTryBlockMap@1@HH@Z 1000b1c3 f   libvcruntime:trnsctrl.obj
 0001:0000a245       ?_CallCatchBlock2@@YAPAXPAUEHRegistrationNode@@PBU_s_FuncInfo@@PAXHK@Z 1000b245 f   libvcruntime:trnsctrl.obj
 0001:0000a2a3       ?_CallSETranslator@@YAHPAUEHExceptionRecord@@PAUEHRegistrationNode@@PAX2PBU_s_FuncInfo@@H1@Z 1000b2a3 f   libvcruntime:trnsctrl.obj
 0001:0000a37e       ?_JumpToContinuation@@YGXPAXPAUEHRegistrationNode@@@Z 1000b37e f   libvcruntime:trnsctrl.obj
 0001:0000a3ae       ?_UnwindNestedFrames@@YGXPAUEHRegistrationNode@@PAUEHExceptionRecord@@@Z 1000b3ae f   libvcruntime:trnsctrl.obj
 0001:0000a401       ?getFuncInfo@TryBlockMap@__FrameHandler3@@QAEPBU_s_FuncInfo@@XZ 1000b401 f i libvcruntime:trnsctrl.obj
 0001:0000a404       __CatchGuardHandler        1000b404 f   libvcruntime:trnsctrl.obj
 0001:0000a435       __CreateFrameInfo          1000b435 f   libvcruntime:trnsctrl.obj
 0001:0000a459       __FindAndUnlinkFrame       1000b459 f   libvcruntime:trnsctrl.obj
 0001:0000a49e       __TranslatorGuardHandler   1000b49e f   libvcruntime:trnsctrl.obj
 0001:0000a53b       ___CxxFrameHandler         1000b53b f   libvcruntime:trnsctrl.obj
 0001:0000a571       ___CxxFrameHandler2        1000b571 f   libvcruntime:trnsctrl.obj
 0001:0000a5a7       ___CxxFrameHandler3        1000b5a7 f   libvcruntime:trnsctrl.obj
 0001:0000a5dd       ___CxxLongjmpUnwind@4      1000b5dd f   libvcruntime:trnsctrl.obj
 0001:0000a650       __except_handler4          1000b650 f   libvcruntime:chandler4.obj
 0001:0000a7a7       ??$__crt_fast_decode_pointer@P6AXXZ@@YAP6AXXZQ6AXXZ@Z 1000b7a7 f i libvcruntime:purevirt.obj
 0001:0000a7bb       ??$__crt_fast_encode_pointer@P6AXXZ@@YAP6AXXZQ6AXXZ@Z 1000b7bb f i libvcruntime:purevirt.obj
 0001:0000a7d8       ??$__crt_interlocked_exchange_pointer@$$A6AXXZP6AXXZ@@YAP6AXXZPDS6AXXZQ6AXXZ@Z 1000b7d8 f i libvcruntime:purevirt.obj
 0001:0000a7e5       ??$__crt_interlocked_read_pointer@$$A6AXXZ@@YAP6AXXZPDS6AXXZ@Z 1000b7e5 f i libvcruntime:purevirt.obj
 0001:0000a7ef       ?__crt_interlocked_read_32@@YAHPDH@Z 1000b7ef f i libvcruntime:purevirt.obj
 0001:0000a7f9       __get_purecall_handler     1000b7f9 f   libvcruntime:purevirt.obj
 0001:0000a80e       __purecall                 1000b80e f   libvcruntime:purevirt.obj
 0001:0000a82a       __set_purecall_handler     1000b82a f   libvcruntime:purevirt.obj
 0001:0000a84f       _wcsrchr                   1000b84f f   libvcruntime:wcsrchr.obj
 0001:0000a905       __get_unexpected           1000b905 f   libvcruntime:unexpected.obj
 0001:0000a917       _set_unexpected            1000b917 f   libvcruntime:unexpected.obj
 0001:0000a935       _unexpected                1000b935 f   libvcruntime:unexpected.obj
 0001:0000a952       ___DestructExceptionObject 1000b952 f   libvcruntime:ehhelpers.obj
 0001:0000a9f2       ?_CallMemberFunction0@@YGXQAX0@Z 1000b9f2 f i libvcruntime:ehhelpers.obj
 0001:0000a9ff       ?raw_name@type_info@@QBEPBDXZ 1000b9ff f i libvcruntime:ehhelpers.obj
 0001:0000aa03       __IsExceptionObjectToBeDestroyed 1000ba03 f   libvcruntime:ehhelpers.obj
 0001:0000aa29       __SetWinRTOutOfMemoryExceptionCallback 1000ba29 f   libvcruntime:ehhelpers.obj
 0001:0000aa36       ___AdjustPointer           1000ba36 f   libvcruntime:ehhelpers.obj
 0001:0000aa5b       ___FrameUnwindFilter       1000ba5b f   libvcruntime:ehhelpers.obj
 0001:0000aaa0       ___GetPlatformExceptionInfo 1000baa0 f   libvcruntime:ehhelpers.obj
 0001:0000aaec       ___current_exception       1000baec f   libvcruntime:ehhelpers.obj
 0001:0000aaf5       ___current_exception_context 1000baf5 f   libvcruntime:ehhelpers.obj
 0001:0000aafe       ___processing_throw        1000bafe f   libvcruntime:ehhelpers.obj
 0001:0000ab07       ___std_terminate           1000bb07 f   libvcruntime:ehhelpers.obj
 0001:0000ab0c       __is_exception_typeof      1000bb0c f   libvcruntime:ehhelpers.obj
 0001:0000abb0       ___vcrt_initialize         1000bbb0 f   libvcruntime:initialization.obj
 0001:0000abd9       ___vcrt_thread_attach      1000bbd9 f   libvcruntime:initialization.obj
 0001:0000abe4       ___vcrt_thread_detach      1000bbe4 f   libvcruntime:initialization.obj
 0001:0000abef       ___vcrt_uninitialize       1000bbef f   libvcruntime:initialization.obj
 0001:0000ac0e       ___vcrt_uninitialize_critical 1000bc0e f   libvcruntime:initialization.obj
 0001:0000ac17       ??$?RD@__crt_public_free_policy@@QBEXQBD@Z 1000bc17 f i libvcruntime:std_exception.obj
 0001:0000ac27       ??0?$__crt_unique_heap_ptr@DU__crt_public_free_policy@@@@QAE@QAD@Z 1000bc27 f i libvcruntime:std_exception.obj
 0001:0000ac35       ??1?$__crt_unique_heap_ptr@DU__crt_public_free_policy@@@@QAE@XZ 1000bc35 f i libvcruntime:std_exception.obj
 0001:0000ac45       ??B?$__crt_unique_heap_ptr@DU__crt_public_free_policy@@@@QBE_NXZ 1000bc45 f i libvcruntime:std_exception.obj
 0001:0000ac4c       ?detach@?$__crt_unique_heap_ptr@DU__crt_public_free_policy@@@@QAEPADXZ 1000bc4c f i libvcruntime:std_exception.obj
 0001:0000ac52       ?get@?$__crt_unique_heap_ptr@DU__crt_public_free_policy@@@@QBEPADXZ 1000bc52 f i libvcruntime:std_exception.obj
 0001:0000ac55       ?is_valid@?$__crt_unique_heap_ptr@DU__crt_public_free_policy@@@@QBE_NXZ 1000bc55 f i libvcruntime:std_exception.obj
 0001:0000ac5c       ?release@?$__crt_unique_heap_ptr@DU__crt_public_free_policy@@@@QAEXXZ 1000bc5c f i libvcruntime:std_exception.obj
 0001:0000ac6c       ___std_exception_copy      1000bc6c f   libvcruntime:std_exception.obj
 0001:0000accf       ___std_exception_destroy   1000bccf f   libvcruntime:std_exception.obj
 0001:0000acfc       ??$?RD@__crt_internal_free_policy@@QBEXQBD@Z 1000bcfc f i libvcruntime:std_type_info.obj
 0001:0000ad0c       ??$?RX@__crt_internal_free_policy@@QBEXQBX@Z 1000bd0c f i libvcruntime:std_type_info.obj
 0001:0000ad1c       ??$__crt_interlocked_compare_exchange_pointer@$$CBDPAD$$T@@YAPBDPDSBDQAD$$T@Z 1000bd1c f i libvcruntime:std_type_info.obj
 0001:0000ad2e       ??$__crt_interlocked_read_pointer@$$CBD@@YAPBDPDSBD@Z 1000bd2e f i libvcruntime:std_type_info.obj
 0001:0000ad38       ??0?$__crt_unique_heap_ptr@DU__crt_internal_free_policy@@@@QAE@QAD@Z 1000bd38 f i libvcruntime:std_type_info.obj
 0001:0000ad46       ??0?$__crt_unique_heap_ptr@XU__crt_internal_free_policy@@@@QAE@QAX@Z 1000bd46 f i libvcruntime:std_type_info.obj
 0001:0000ad54       ??1?$__crt_unique_heap_ptr@DU__crt_internal_free_policy@@@@QAE@XZ 1000bd54 f i libvcruntime:std_type_info.obj
 0001:0000ad64       ??1?$__crt_unique_heap_ptr@XU__crt_internal_free_policy@@@@QAE@XZ 1000bd64 f i libvcruntime:std_type_info.obj
 0001:0000ad80       ??B?$__crt_unique_heap_ptr@DU__crt_internal_free_policy@@@@QBE_NXZ 1000bd80 f i libvcruntime:std_type_info.obj
 0001:0000ad87       ??B?$__crt_unique_heap_ptr@XU__crt_internal_free_policy@@@@QBE_NXZ 1000bd87 f i libvcruntime:std_type_info.obj
 0001:0000adae       ?detach@?$__crt_unique_heap_ptr@XU__crt_internal_free_policy@@@@QAEPAXXZ 1000bdae f i libvcruntime:std_type_info.obj
 0001:0000adb4       ?get@?$__crt_unique_heap_ptr@DU__crt_internal_free_policy@@@@QBEPADXZ 1000bdb4 f i libvcruntime:std_type_info.obj
 0001:0000adb7       ?get@?$__crt_unique_heap_ptr@XU__crt_internal_free_policy@@@@QBEPAXXZ 1000bdb7 f i libvcruntime:std_type_info.obj
 0001:0000adba       ?is_valid@?$__crt_unique_heap_ptr@DU__crt_internal_free_policy@@@@QBE_NXZ 1000bdba f i libvcruntime:std_type_info.obj
 0001:0000adc1       ?is_valid@?$__crt_unique_heap_ptr@XU__crt_internal_free_policy@@@@QBE_NXZ 1000bdc1 f i libvcruntime:std_type_info.obj
 0001:0000adc8       ?release@?$__crt_unique_heap_ptr@DU__crt_internal_free_policy@@@@QAEXXZ 1000bdc8 f i libvcruntime:std_type_info.obj
 0001:0000add8       ?release@?$__crt_unique_heap_ptr@XU__crt_internal_free_policy@@@@QAEXXZ 1000bdd8 f i libvcruntime:std_type_info.obj
 0001:0000ade8       ___std_type_info_compare   1000bde8 f   libvcruntime:std_type_info.obj
 0001:0000ae24       ___std_type_info_destroy_list 1000be24 f   libvcruntime:std_type_info.obj
 0001:0000ae47       ___std_type_info_hash      1000be47 f   libvcruntime:std_type_info.obj
 0001:0000ae6d       ___std_type_info_name      1000be6d f   libvcruntime:std_type_info.obj
 0001:0000af30       ??$?RU__vcrt_ptd@@@__crt_internal_free_policy@@QBEXQBU__vcrt_ptd@@@Z 1000bf30 f i libvcruntime:per_thread_data.obj
 0001:0000af40       ??0?$__crt_unique_heap_ptr@U__vcrt_ptd@@U__crt_internal_free_policy@@@@QAE@QAU__vcrt_ptd@@@Z 1000bf40 f i libvcruntime:per_thread_data.obj
 0001:0000af5d       ??1?$__crt_unique_heap_ptr@U__vcrt_ptd@@U__crt_internal_free_policy@@@@QAE@XZ 1000bf5d f i libvcruntime:per_thread_data.obj
 0001:0000af76       ??B?$__crt_unique_heap_ptr@U__vcrt_ptd@@U__crt_internal_free_policy@@@@QBE_NXZ 1000bf76 f i libvcruntime:per_thread_data.obj
 0001:0000af7d       ?detach@?$__crt_unique_heap_ptr@U__vcrt_ptd@@U__crt_internal_free_policy@@@@QAEPAU__vcrt_ptd@@XZ 1000bf7d f i libvcruntime:per_thread_data.obj
[...]
 0002:0000c050       __sehtable$??$?RV<lambda_3b12a17125e8c5b5e6e6f6c6050db0c1>@@AAV<lambda_522ac1b1e1a1180d6f374a882b81d1c8>@@V<lambda_e92b96cac182f562f30acc9fb7872857>@@@?$__crt_seh_guarded_call@H@@QAEH$$QAV<lambda_3b12a17125e8c5b5e6e6f6c6050db0c1>@@AAV<lambda_522ac1b1e1a1180d6f374a882b81d1c8>@@$$QAV<lambda_e92b96cac182f562f30acc9fb7872857>@@@Z 1005b050     libucrt:chsize.obj
 0002:0000c070       __sehtable$___set_fpsr_sse2 1005b070     libucrt:fpctrl.obj
 0002:0000c090       __sehtable$__IsNonwritableInCurrentImage 1005b090     LIBCMT:pesect.obj
 0002:0000c0c0       .edata                     1005b0c0     BugSplat.exp
 0002:0000c0e8       rgpv                       1005b0e8     BugSplat.exp
 0002:0000c190       rgszName                   1005b190     BugSplat.exp
 0002:0000c238       rgwOrd                     1005b238     BugSplat.exp
 0002:0000c28c       szName                     1005b28c     BugSplat.exp
 0002:0000c299       $N00001                    1005b299     BugSplat.exp
 0002:0000c2b0       $N00002                    1005b2b0     BugSplat.exp
 0002:0000c2ce       $N00003                    1005b2ce     BugSplat.exp
 0002:0000c2ef       $N00004                    1005b2ef     BugSplat.exp
 0002:0000c308       $N00005                    1005b308     BugSplat.exp
 0002:0000c32a       $N00006                    1005b32a     BugSplat.exp
 0002:0000c34a       $N00007                    1005b34a     BugSplat.exp
 0002:0000c36c       $N00008                    1005b36c     BugSplat.exp
 0002:0000c383       $N00009                    1005b383     BugSplat.exp
 0002:0000c3dd       $N00010                    1005b3dd     BugSplat.exp
 0002:0000c409       $N00011                    1005b409     BugSplat.exp
 0002:0000c432       $N00012                    1005b432     BugSplat.exp
 0002:0000c473       $N00013                    1005b473     BugSplat.exp
 0002:0000c49e       $N00014                    1005b49e     BugSplat.exp
 0002:0000c4ca       $N00015                    1005b4ca     BugSplat.exp
 0002:0000c4fd       $N00016                    1005b4fd     BugSplat.exp
 0002:0000c531       $N00017                    1005b531     BugSplat.exp
 0002:0000c56d       $N00018                    1005b56d     BugSplat.exp
 0002:0000c595       $N00019                    1005b595     BugSplat.exp
 0002:0000c5c0       $N00020                    1005b5c0     BugSplat.exp
 0002:0000c5f0       $N00021                    1005b5f0     BugSplat.exp
 0002:0000c626       $N00022                    1005b626     BugSplat.exp
 0002:0000c646       $N00023                    1005b646     BugSplat.exp
 0002:0000c684       $N00024                    1005b684     BugSplat.exp
 0002:0000c6b0       $N00025                    1005b6b0     BugSplat.exp
 0002:0000c6cd       $N00026                    1005b6cd     BugSplat.exp
 0002:0000c6fe       $N00027                    1005b6fe     BugSplat.exp
 0002:0000c735       $N00028                    1005b735     BugSplat.exp
 0002:0000c766       $N00029                    1005b766     BugSplat.exp
 0002:0000c794       $N00030                    1005b794     BugSplat.exp
 0002:0000c7c2       $N00031                    1005b7c2     BugSplat.exp
 0002:0000c7f0       $N00032                    1005b7f0     BugSplat.exp
 0002:0000c81f       $N00033                    1005b81f     BugSplat.exp
 0002:0000c854       $N00034                    1005b854     BugSplat.exp
 0002:0000c883       $N00035                    1005b883     BugSplat.exp
 0002:0000c8b1       $N00036                    1005b8b1     BugSplat.exp
 0002:0000c8d3       $N00037                    1005b8d3     BugSplat.exp
 0002:0000c902       $N00038                    1005b902     BugSplat.exp
 0002:0000c92c       $N00039                    1005b92c     BugSplat.exp
 0002:0000c969       $N00040                    1005b969     BugSplat.exp
 0002:0000c997       $N00041                    1005b997     BugSplat.exp
 0002:0000c9c1       $N00042                    1005b9c1     BugSplat.exp
 0002:0000cd86       .idata$6                   1005bd86     shlwapi:SHLWAPI.dll
 0002:0000d1a2       .idata$6                   1005c1a2     kernel32:KERNEL32.dll
 0002:0000d1fc       .idata$6                   1005c1fc     user32:USER32.dll
 0002:0000d2c2       .idata$6                   1005c2c2     advapi32:ADVAPI32.dll
 0002:0000d31a       .idata$6                   1005c31a     ole32:ole32.dll
 0002:0000d324       .idata$6                   1005c324     oleaut32:OLEAUT32.dll
 0002:0000d362       .idata$6                   1005c362     version:VERSION.dll
 0002:0000d39e       .idata$6                   1005c39e     Rpcrt4:RPCRT4.dll
 0003:00000040       ?__vcrt_flsindex@@3KA      1005d040     libvcruntime:per_thread_data.obj
 0003:00000060       ?errno_no_memory@@3HA      1005d060     libucrt:errno.obj
 0003:00000064       ?doserrno_no_memory@@3KA   1005d064     libucrt:errno.obj
 0003:00000120       ?__acrt_flsindex@@3KA      1005d120     libucrt:per_thread_data.obj
 0003:00000124       __ctype_loc_style          1005d124     libucrt:wsetlocale.obj
 0003:00000230       ?tzstd_program@@3PADA      1005d230     libucrt:timeset.obj
 0003:00000270       ?tzdst_program@@3PADA      1005d270     libucrt:timeset.obj
 0003:000002b0       ?tzname_states@@3PAY01PADA 1005d2b0     libucrt:timeset.obj
 0003:000002b8       ?dststart@@3Utransitiondate@?A0x7639d0b4@@A 1005d2b8     libucrt:tzset.obj
 0003:000002c4       ?dstend@@3Utransitiondate@?A0x7639d0b4@@A 1005d2c4     libucrt:tzset.obj
 0003:000004f0       __mbctypes                 1005d4f0     libucrt:mbctype.obj
 0003:000005f8       __mbcasemaps               1005d5f8     libucrt:mbctype.obj
 0003:000006f8       ?__rgctypeflag@@3PADA      1005d6f8     libucrt:mbctype.obj
 0003:00000700       ?__rgcode_page_info@@3PAUcode_page_info@@A 1005d700     libucrt:mbctype.obj
 0003:00000960       ?__dcrt_lowio_console_output_handle@@3PAXA 1005d960     libucrt:initcon.obj
 0003:00000964       ?__DAZ_ENABLED@?1??__set_fpsr_sse2@@9@9 1005d964     libucrt:fpctrl.obj
 0003:00002e10       ?crashReportFile@?1??createReport@MiniDumper@@QAEXPB_W@Z@4PA_WA 1005fe10     mdump.obj
 0003:00003018       ?szMFA@?1??SendReportThreaded@MiniDumper@@SGIPAX@Z@4PA_WA 10060018     mdump.obj
 0003:00003220       ?szSendReport@?1??SendReportThreaded@MiniDumper@@SGIPAX@Z@4PA_WA 10060220     mdump.obj
 0003:00003428       ?szIniFile@?1??SendReportThreaded@MiniDumper@@SGIPAX@Z@4PA_WA 10060428     mdump.obj
 0003:00003630       ?startupInfo@?1??SendReportThreaded@MiniDumper@@SGIPAX@Z@4U_STARTUPINFOW@@A 10060630     mdump.obj
 0003:00003674       ?processInfo@?1??SendReportThreaded@MiniDumper@@SGIPAX@Z@4U_PROCESS_INFORMATION@@A 10060674     mdump.obj
 0003:00003684       ?strApp@?1??SendReportThreaded@MiniDumper@@SGIPAX@Z@4V?$CStringT@_WV?$StrTraitATL@_WV?$ChTraitsCRT@_W@ATL@@@ATL@@@ATL@@A 10060684     mdump.obj
 0003:00003688       ?$TSS0@?1??SendReportThreaded@MiniDumper@@SGIPAX@Z@4HA 10060688     mdump.obj
 0003:00003690       ?startupInfo@?1??LaunchHangDetection@MiniDumper@@QAEXXZ@4U_STARTUPINFOW@@A 10060690     mdump.obj
 0003:000036d4       ?processInfo@?1??LaunchHangDetection@MiniDumper@@QAEXXZ@4U_PROCESS_INFORMATION@@A 100606d4     mdump.obj
 0003:0000380c       ?atlTraceUI@WTL@@3VCTraceCategory@ATL@@B 1006080c     StdAfx.obj
 0003:00003858       ?is_initialized_as_dll@@3_NA 10060858     LIBCMT:utility.obj
 0003:00003859       ?module_local_atexit_table_initialized@@3_NA 10060859     LIBCMT:utility.obj
 0003:0000385c       ?module_local_atexit_table@@3U_onexit_table_t@@A 1006085c     LIBCMT:utility.obj
 0003:00003868       ?module_local_at_quick_exit_table@@3U_onexit_table_t@@A 10060868     LIBCMT:utility.obj
 0003:00003874       ?_Tss_mutex@@3U_RTL_CRITICAL_SECTION@@A 10060874     LIBCMT:thread_safe_statics.obj
 0003:0000388c       ?_Tss_cv@@3U_RTL_CONDITION_VARIABLE@@A 1006088c     LIBCMT:thread_safe_statics.obj
 0003:00003890       ?_Tss_event@@3PAXA         10060890     LIBCMT:thread_safe_statics.obj
 0003:00003894       ?encoded_sleep_condition_variable_cs@@3P6GHPAU_RTL_CONDITION_VARIABLE@@PAU_RTL_CRITICAL_SECTION@@K@ZA 10060894     LIBCMT:thread_safe_statics.obj
 0003:00003898       ?encoded_wake_all_condition_variable@@3P6GXPAU_RTL_CONDITION_VARIABLE@@@ZA 10060898     LIBCMT:thread_safe_statics.obj
 0003:000038a0       _GS_ExceptionRecord        100608a0     LIBCMT:gs_report.obj
 0003:000038f0       _GS_ContextRecord          100608f0     LIBCMT:gs_report.obj
 0003:00003bbc       ?__proc_attached@@3HA      10060bbc     LIBCMT:dll_dllmain.obj
 0003:00003be4       ?__vcrt_startup_thread_ptd@@3U__vcrt_ptd@@A 10060be4     libvcruntime:per_thread_data.obj
 0003:00003c10       ___vcrt_lock_table         10060c10     libvcruntime:locks.obj
 0003:00003c28       ___vcrt_locks_initialized  10060c28     libvcruntime:locks.obj
 0003:00003c2c       ?module_handles@@3PAPAUHINSTANCE__@@A 10060c2c     libvcruntime:winapi_downlevel.obj
 0003:00003c38       ?encoded_function_pointers@@3PAPAXA 10060c38     libvcruntime:winapi_downlevel.obj
 0003:00003c74       ?heap@@3V_HeapManager@@A   10060c74     libvcruntime:undname.obj
 0003:00003c88       ?__acrt_invalid_parameter_handler@@3V?$dual_state_global@P6AXPB_W00II@Z@__crt_state_management@@A 10060c88     libucrt:invalid_parameter.obj
 0003:00003c8c       ?c_termination_complete@@3JA 10060c8c     libucrt:exit.obj
 0003:00003c90       ?thread_local_exit_callback_func@@3P6GXPAXK0@ZA 10060c90     libucrt:exit.obj
 0003:00003ca4       ?console_ctrl_handler_installed@@3_NA 10060ca4     libucrt:signal.obj
 0003:00003ca8       ?ctrlc_action@@3V?$dual_state_global@P6AXH@Z@__crt_state_management@@A 10060ca8     libucrt:signal.obj
 0003:00003cac       ?ctrlbreak_action@@3V?$dual_state_global@P6AXH@Z@__crt_state_management@@A 10060cac     libucrt:signal.obj
 0003:00003cb0       ?abort_action@@3V?$dual_state_global@P6AXH@Z@__crt_state_management@@A 10060cb0     libucrt:signal.obj
 0003:00003cb4       ?term_action@@3V?$dual_state_global@P6AXH@Z@__crt_state_management@@A 10060cb4     libucrt:signal.obj
 0003:00003cb8       ?program_name@?1???$common_configure_argv@D@@YAHW4_crt_argv_mode@@@Z@4PADA 10060cb8     libucrt:argv_parsing.obj
 0003:00003dc0       ?program_name@?1???$common_configure_argv@_W@@YAHW4_crt_argv_mode@@@Z@4PA_WA 10060dc0     libucrt:argv_parsing.obj
 0003:00003ff4       ?__acrt_new_handler@@3V?$dual_state_global@P6AHI@Z@__crt_state_management@@A 10060ff4     libucrt:new_handler.obj
 0003:00003ff8       ?__acrt_lock_table@@3PAU_RTL_CRITICAL_SECTION@@A 10060ff8     libucrt:locks.obj
 0003:00004148       ?__acrt_locks_initialized@@3IA 10061148     libucrt:locks.obj
 0003:0000414c       ?state_cache@?1???$get_cached_win_policy@Ubegin_thread_init_policy_properties@?1??__acrt_get_begin_thread_init_policy@@YA?AW4begin_thread_init_policy@@XZ@@@YA?AW4begin_thread_init_policy@@W4AppPolicyThreadInitializationType@@@Z@4JA 1006114c     libucrt:win_policies.obj
 0003:00004150       ?state_cache@?1???$get_cached_win_policy@Udeveloper_information_policy_properties@?1??__acrt_get_developer_information_policy@@YA?AW4developer_information_policy@@XZ@@@YA?AW4developer_information_policy@@W4AppPolicyShowDeveloperDiagnostic@@@Z@4JA 10061150     libucrt:win_policies.obj
 0003:00004154       ?state_cache@?1???$get_cached_win_policy@Uwindowing_model_policy_properties@?1??__acrt_get_windowing_model_policy@@YA?AW4windowing_model_policy@@XZ@@@YA?AW4windowing_model_policy@@W4AppPolicyWindowingModel@@@Z@4JA 10061154     libucrt:win_policies.obj
 0003:00004160       ?internal_state@?1??_mbtowc_l@@9@4U_Mbstatet@@A 10061160     libucrt:mbtowc.obj
 0003:00004168       ?enable_percent_n@@3IA     10061168     libucrt:printf_count_output.obj
 0003:00004380       ?module_handles@@3PAPAUHINSTANCE__@@A 10061380     libucrt:winapi_thunks.obj
 0003:000043d0       ?encoded_function_pointers@@3PAPAXA 100613d0     libucrt:winapi_thunks.obj
 0003:00004458       ?static_enum_proc@?1??enum_system_locales_ex_nolock@@YAHQ6GHPA_WKJ@Z@Z@4P6GH0KJ@ZA 10061458     libucrt:winapi_thunks.obj
 0003:00004468       ?_tzname@@3V?$dual_state_global@PAPAD@__crt_state_management@@A 10061468     libucrt:timeset.obj
 0003:0000446c       ?last_tz@@3PADA            1006146c     libucrt:tzset.obj
 0003:00004470       ?tz_api_used@@3HA          10061470     libucrt:tzset.obj
 0003:00004478       ?tz_info@@3U_TIME_ZONE_INFORMATION@@A 10061478     libucrt:tzset.obj
 0003:00004524       ?first_time@?1??__tzset@@9@4JA 10061524     libucrt:tzset.obj
 0003:00004534       ?fSystemSet@@3HA           10061534     libucrt:mbctype.obj
 0003:00004538       ?initialized@?1??__acrt_initialize_multibyte@@9@4_NA 10061538     libucrt:mbctype.obj
 0003:0000455c       ?user_matherr@@3V?$dual_state_global@P6AHPAU_exception@@@Z@__crt_state_management@@A 1006155c     libucrt:matherr.obj
 0003:00004560       ?__acrt_global_new_mode@@3V?$dual_state_global@J@__crt_state_management@@A 10061560     libucrt:new_mode.obj
 0003:0000456c       ?mbst@?1??mbrlen@@9@4U_Mbstatet@@A 1006156c     libucrt:mbrtowc.obj
 0003:00004574       ?mbst@?1??mbrtowc@@9@4U_Mbstatet@@A 10061574     libucrt:mbrtowc.obj
 0003:0000457c       ?mbst@?1??_mbsrtowcs_helper@@YAIPA_WPAPBDIPAU_Mbstatet@@@Z@4U2@A 1006157c     libucrt:mbrtowc.obj
 0003:00004588       ?internal_pst@?1??__mbrtoc32_utf8@__crt_mbstring@@YAIPA_UPBDIPAU_Mbstatet@@@Z@4U3@A 10061588     libucrt:mbrtoc32.obj
 0003:00004590       ?__acrt_app_type@@3W4_crt_app_type@@A 10061590     libucrt:report_runtime_error.obj
 0003:00004598       ?outmsg@?9??__acrt_report_runtime_error@@9@4PA_WA 10061598     libucrt:report_runtime_error.obj
 0003:00004bc8       __pmatherr_set             10061bc8     libucrt:libm_error.obj
 0003:00004bcc       ___acrt_error_mode         10061bcc     libucrt:set_error_mode.obj
 0004:00000120       $R000000                   10062120     BugSplatNative.res
 0004:00000458       $R000338                   10062458     BugSplatNative.res
 0004:00000690       $R000570                   10062690     BugSplatNative.res
 0004:00000ab0       $R000990                   10062ab0     BugSplatNative.res

 Exports

  ordinal    name

        1    ??0BugSplatImp@@QAE@XZ (public: __thiscall BugSplatImp::BugSplatImp(void))
        2    ??0MiniDmpSender@@QAE@ABV0@@Z (public: __thiscall MiniDmpSender::MiniDmpSender(class MiniDmpSender const &))
        3    ??0MiniDmpSender@@QAE@PB_W000K@Z (public: __thiscall MiniDmpSender::MiniDmpSender(wchar_t const *,wchar_t const *,wchar_t const *,wchar_t const *,unsigned long))
        4    ??1MiniDmpSender@@UAE@XZ (public: virtual __thiscall MiniDmpSender::~MiniDmpSender(void))
        5    ??4BugSplatImp@@QAEAAV0@$$QAV0@@Z (public: class BugSplatImp & __thiscall BugSplatImp::operator=(class BugSplatImp &&))
        6    ??4BugSplatImp@@QAEAAV0@ABV0@@Z (public: class BugSplatImp & __thiscall BugSplatImp::operator=(class BugSplatImp const &))
        7    ??4MiniDmpSender@@QAEAAV0@ABV0@@Z (public: class MiniDmpSender & __thiscall MiniDmpSender::operator=(class MiniDmpSender const &))
        8    ??_7MiniDmpSender@@6B@ (const MiniDmpSender::`vftable')
        9    ?CreateMiniDump@BugSplatImp@@QAEHPAUHINSTANCE__@@KPAXKPAU_EXCEPTION_POINTERS@@PB_WPA_WK@Z (public: int __thiscall BugSplatImp::CreateMiniDump(struct HINSTANCE__ *,unsigned long,void *,unsigned long,struct _EXCEPTION_POINTERS *,wchar_t const *,wchar_t *,unsigned long))
       10    ?DoFullMemoryDumpThenExit@BugSplatImp@@2_NA (public: static bool BugSplatImp::DoFullMemoryDumpThenExit)
       11    ?GetReducedGuid@BugSplatImp@@QAEXPA_WK@Z (public: void __thiscall BugSplatImp::GetReducedGuid(wchar_t *,unsigned long))
       12    ?MiniDumpType@BugSplatImp@@2W4_BS_MINIDUMP_TYPE@MiniDmpSender@@A (public: static enum MiniDmpSender::_BS_MINIDUMP_TYPE BugSplatImp::MiniDumpType)
       13    ?ReduceGuidString@BugSplatImp@@QAEXPA_WK@Z (public: void __thiscall BugSplatImp::ReduceGuidString(wchar_t *,unsigned long))
       14    ?ResumeSuspendedThreads@BugSplatImp@@QAEXXZ (public: void __thiscall BugSplatImp::ResumeSuspendedThreads(void))
       15    ?SuspendAllThreadsInProcess@BugSplatImp@@QAEXPAX@Z (public: void __thiscall BugSplatImp::SuspendAllThreadsInProcess(void *))
       16    ?SuspendThreadsInCurrentProcess@BugSplatImp@@QAEXXZ (public: void __thiscall BugSplatImp::SuspendThreadsInCurrentProcess(void))
       17    ?createReport@MiniDmpSender@@QAEXPAU_EXCEPTION_POINTERS@@@Z (public: void __thiscall MiniDmpSender::createReport(struct _EXCEPTION_POINTERS *))
       18    ?createReport@MiniDmpSender@@QAEXPB_W@Z (public: void __thiscall MiniDmpSender::createReport(wchar_t const *))
       19    ?createReportAndExit@MiniDmpSender@@QAEXXZ (public: void __thiscall MiniDmpSender::createReportAndExit(void))
       20    ?enableExceptionFilter@MiniDmpSender@@QAE_N_N@Z (public: bool __thiscall MiniDmpSender::enableExceptionFilter(bool))
       21    ?enableFullMemoryDumpAndExit@MiniDmpSender@@QAE_N_N@Z (public: bool __thiscall MiniDmpSender::enableFullMemoryDumpAndExit(bool))
       22    ?getFlags@MiniDmpSender@@QBEKXZ (public: unsigned long __thiscall MiniDmpSender::getFlags(void)const )
       23    ?getMiniDumpType@MiniDmpSender@@QBE?AW4_BS_MINIDUMP_TYPE@1@XZ (public: enum MiniDmpSender::_BS_MINIDUMP_TYPE __thiscall MiniDmpSender::getMiniDumpType(void)const )
       24    ?getMinidumpPath@MiniDmpSender@@QAEXPA_WI@Z (public: void __thiscall MiniDmpSender::getMinidumpPath(wchar_t *,unsigned int))
       25    ?imp@MiniDmpSender@@QAEPAXXZ (public: void * __thiscall MiniDmpSender::imp(void))
       26    ?isExceptionFilterEnabled@MiniDmpSender@@QBE_NXZ (public: bool __thiscall MiniDmpSender::isExceptionFilterEnabled(void)const )
       27    ?isFullMemoryDumpAndExitEnabled@MiniDmpSender@@QBE_NXZ (public: bool __thiscall MiniDmpSender::isFullMemoryDumpAndExitEnabled(void)const )
       28    ?removeAdditionalFile@MiniDmpSender@@QAE_NPB_W@Z (public: bool __thiscall MiniDmpSender::removeAdditionalFile(wchar_t const *))
       29    ?resetAppIdentifier@MiniDmpSender@@QAEXPB_W@Z (public: void __thiscall MiniDmpSender::resetAppIdentifier(wchar_t const *))
       30    ?resetVersionString@MiniDmpSender@@QAEXPB_W@Z (public: void __thiscall MiniDmpSender::resetVersionString(wchar_t const *))
       31    ?sendAdditionalFile@MiniDmpSender@@QAEXPB_W@Z (public: void __thiscall MiniDmpSender::sendAdditionalFile(wchar_t const *))
       32    ?setCallback@MiniDmpSender@@QAEXP6A_NIPAX0@Z@Z (public: void __thiscall MiniDmpSender::setCallback(bool (__cdecl*)(unsigned int,void *,void *)))
       33    ?setDefaultUserDescription@MiniDmpSender@@QAEXPB_W@Z (public: void __thiscall MiniDmpSender::setDefaultUserDescription(wchar_t const *))
       34    ?setDefaultUserEmail@MiniDmpSender@@QAEXPB_W@Z (public: void __thiscall MiniDmpSender::setDefaultUserEmail(wchar_t const *))
       35    ?setDefaultUserName@MiniDmpSender@@QAEXPB_W@Z (public: void __thiscall MiniDmpSender::setDefaultUserName(wchar_t const *))
       36    ?setFlags@MiniDmpSender@@QAE_NK@Z (public: bool __thiscall MiniDmpSender::setFlags(unsigned long))
       37    ?setGuardByteBufferSize@MiniDmpSender@@QAEHH@Z (public: int __thiscall MiniDmpSender::setGuardByteBufferSize(int))
       38    ?setLogFilePath@MiniDmpSender@@QAEXPB_W@Z (public: void __thiscall MiniDmpSender::setLogFilePath(wchar_t const *))
       39    ?setMiniDumpType@MiniDmpSender@@QAEXW4_BS_MINIDUMP_TYPE@1@@Z (public: void __thiscall MiniDmpSender::setMiniDumpType(enum MiniDmpSender::_BS_MINIDUMP_TYPE))
       40    ?setResourceDllPath@MiniDmpSender@@QAEXPB_W@Z (public: void __thiscall MiniDmpSender::setResourceDllPath(wchar_t const *))
       41    ?setUserZipPath@MiniDmpSender@@QAEXPB_W@Z (public: void __thiscall MiniDmpSender::setUserZipPath(wchar_t const *))
       42    ?unhandledExceptionHandler@MiniDmpSender@@QAEJPAU_EXCEPTION_POINTERS@@@Z (public: long __thiscall MiniDmpSender::unhandledExceptionHandler(struct _EXCEPTION_POINTERS *))
