 BugSplat

 Timestamp is 67194d36 (Wed Oct 23 19:23:34 2024)

 Preferred load address is 10000000

 Start         Length     Name                   Class
 0001:00000000 000001b0H .text$di                CODE
 0001:000001b0 0005c82aH .text$mn                CODE
 0001:0005c9da 00001173H .text$x                 CODE
 0001:0005db4d 00000123H .text$yd                CODE
 0002:00000000 000002b8H .idata$5                DATA
 0002:000002b8 00000008H .00cfg                  DATA
 0002:000002c0 00000004H .CRT$XCA                DATA
 0002:000002c4 00000004H .CRT$XCL                DATA
 0002:000002c8 00000028H .CRT$XCU                DATA
 0002:000002f0 00000004H .CRT$XCZ                DATA
 0002:000002f4 00000004H .CRT$XIA                DATA
 0002:000002f8 00000018H .CRT$XIC                DATA
 0002:00000310 00000004H .CRT$XIZ                DATA
 0002:00000314 00000004H .CRT$XLA                DATA
 0002:00000318 00000004H .CRT$XLZ                DATA
 0002:0000031c 00000004H .CRT$XPA                DATA
 0002:00000320 00000008H .CRT$XPX                DATA
 0002:00000328 00000004H .CRT$XPXA               DATA
 0002:0000032c 00000004H .CRT$XPZ                DATA
 0002:00000330 00000004H .CRT$XTA                DATA
 0002:00000334 0000000cH .CRT$XTZ                DATA
 0002:00000338 00000000H .gfids$y                DATA
 0002:00000340 0000ad80H .rdata                  DATA
 0002:0000b0c0 00000004H .rdata$CastGuardVftablesA DATA
 0002:0000b0c4 00000004H .rdata$CastGuardVftablesC DATA
 0002:0000b0c8 00000018H .rdata$T                DATA
 0002:0000b0e0 000009b4H .rdata$r                DATA
 0002:0000ba94 00000178H .rdata$sxdata           DATA
 0002:0000bc0c 000002b0H .rdata$voltmd           DATA
 0002:0000bebc 0000046cH .rdata$zzzdbg           DATA
 0002:0000c328 00000004H .rtc$IAA                DATA
 0002:0000c32c 00000004H .rtc$IZZ                DATA
 0002:0000c330 00000004H .rtc$TAA                DATA
 0002:0000c334 00000004H .rtc$TZZ                DATA
 0002:0000c338 00000008H .tls                    DATA
 0002:0000c340 00000014H .tls$                   DATA
 0002:0000c354 00000004H .tls$ZZZ                DATA
 0002:0000c358 0000211cH .xdata$x                DATA
 0002:0000e474 00000004H ATL$__a                 DATA
 0002:0000e478 00000008H ATL$__z                 DATA
 0002:0000e480 00000a1cH .edata                  DATA
 0002:0000ee9c 000000a0H .idata$2                DATA
 0002:0000ef3c 00000014H .idata$3                DATA
 0002:0000ef50 000002b8H .idata$4                DATA
 0002:0000f208 00000c2cH .idata$6                DATA
 0003:00000000 00000a80H .data                   DATA
 0003:00000a80 000001b8H .data$r                 DATA
 0003:00000c38 00000298H .data$rs                DATA
 0003:00000ed0 00004afcH .bss                    DATA
 0004:00000000 00000120H .rsrc$01                DATA
 0004:00000120 00000b30H .rsrc$02                DATA

  Address         Publics by Value              Rva+Base       Lib:Object

 0000:00000000       ___x64_code_ranges_to_entry_points 00000000     <absolute>
 0000:00000000       __except_list              00000000     <absolute>
 0000:00000000       ___guard_fids_count        00000000     <absolute>
 0000:00000000       ___guard_iat_count         00000000     <absolute>
 0000:00000000       ___hybrid_code_map_count   00000000     <absolute>
 0000:00000000       ___x64_code_ranges_to_entry_points_count 00000000     <absolute>
 0000:00000000       ___arm64x_redirection_metadata 00000000     <absolute>
 0000:00000000       ___guard_eh_cont_count     00000000     <absolute>
 0000:00000000       ___guard_iat_table         00000000     <absolute>
 0000:00000000       ___arm64x_extra_rfe_table  00000000     <absolute>
 0000:00000000       ___AbsoluteZero            00000000     <absolute>
 0000:00000000       ___arm64x_redirection_metadata_count 00000000     <absolute>
 0000:00000000       ___guard_check_icall_a64n_fptr 00000000     <absolute>
 0000:00000000       ___arm64x_native_entrypoint 00000000     <absolute>
 0000:00000000       ___hybrid_code_map         00000000     <absolute>
 0000:00000000       ___guard_eh_cont_table     00000000     <absolute>
 0000:00000000       ___guard_fids_table        00000000     <absolute>
 0000:00000000       ___hybrid_auxiliary_iat_copy 00000000     <absolute>
 0000:00000000       ___guard_longjmp_count     00000000     <absolute>
 0000:00000000       ___arm64x_extra_rfe_table_size 00000000     <absolute>
 0000:00000000       ___dynamic_value_reloc_table 00000000     <absolute>
 0000:00000000       ___hybrid_auxiliary_iat    00000000     <absolute>
 0000:00000000       ___guard_longjmp_table     00000000     <absolute>
 0000:00000000       ___enclave_config          00000000     <absolute>
 0000:0000002c       __tls_array                0000002c     <absolute>
 0000:0000005e       ___safe_se_handler_count   0000005e     <absolute>
 0000:00000100       ___guard_flags             00000100     <absolute>
 0000:00000000       ___ImageBase               10000000     <linker-defined>
 0001:000001b0       ??$AtlAdd@H@ATL@@YAJPAHHH@Z 100011b0 f i GenericHTTPClient.obj
 0001:000001d6       ??$AtlAdd@I@ATL@@YAJPAIII@Z 100011d6 f i GenericHTTPClient.obj
 0001:000001f9       ??$AtlAdd@K@ATL@@YAJPAKKK@Z 100011f9 f i GenericHTTPClient.obj
 0001:0000021c       ??$AtlMultiply@I@ATL@@YAJPAIII@Z 1000121c f i GenericHTTPClient.obj
 0001:0000023e       ??$AtlMultiply@K@ATL@@YAJPAKKK@Z 1000123e f i GenericHTTPClient.obj
 0001:00000260       ??$_Allocate@$07U_Default_allocate_traits@std@@$0A@@std@@YAPAXI@Z 10001260 f i GenericHTTPClient.obj
 0001:00000286       ??$_Allocate_manually_vector_aligned@U_Default_allocate_traits@std@@@std@@YAPAXI@Z 10001286 f i GenericHTTPClient.obj
 0001:000002b4       ??$_Copy_memmove@PAU__GENERIC_HTTP_ARGUMENT@GenericHTTPClient@@PAU12@@std@@YAPAU__GENERIC_HTTP_ARGUMENT@GenericHTTPClient@@PAU12@00@Z 100012b4 f i GenericHTTPClient.obj
 0001:000002d6       ??$_Deallocate@$07$0A@@std@@YAXPAXI@Z 100012d6 f i GenericHTTPClient.obj
 0001:00000302       ??$_Emplace_reallocate@ABU__GENERIC_HTTP_ARGUMENT@GenericHTTPClient@@@?$vector@U__GENERIC_HTTP_ARGUMENT@GenericHTTPClient@@V?$allocator@U__GENERIC_HTTP_ARGUMENT@GenericHTTPClient@@@std@@@std@@QAEPAU__GENERIC_HTTP_ARGUMENT@GenericHTTPClient@@QAU23@ABU23@@Z 10001302 f i GenericHTTPClient.obj
 0001:000003bf       ??$_Get_size_of_n@$0KAE@@std@@YAII@Z 100013bf f i GenericHTTPClient.obj
 0001:000003d8       ??$_Uninitialized_move@PAU__GENERIC_HTTP_ARGUMENT@GenericHTTPClient@@V?$allocator@U__GENERIC_HTTP_ARGUMENT@GenericHTTPClient@@@std@@@std@@YAPAU__GENERIC_HTTP_ARGUMENT@GenericHTTPClient@@QAU12@0PAU12@AAV?$allocator@U__GENERIC_HTTP_ARGUMENT@GenericHTTPClient@@@0@@Z 100013d8 f i GenericHTTPClient.obj
 0001:00000407       ??$emplace_back@ABU__GENERIC_HTTP_ARGUMENT@GenericHTTPClient@@@?$vector@U__GENERIC_HTTP_ARGUMENT@GenericHTTPClient@@V?$allocator@U__GENERIC_HTTP_ARGUMENT@GenericHTTPClient@@@std@@@std@@QAE?A_TABU__GENERIC_HTTP_ARGUMENT@GenericHTTPClient@@@Z 10001407 f i GenericHTTPClient.obj
 0001:0000043a       ??0?$CStringT@_WV?$StrTraitATL@_WV?$ChTraitsCRT@_W@ATL@@@ATL@@@ATL@@QAE@PBD@Z 1000143a f i GenericHTTPClient.obj
 0001:00000491       ??0?$CStringT@_WV?$StrTraitATL@_WV?$ChTraitsCRT@_W@ATL@@@ATL@@@ATL@@QAE@PB_W@Z 10001491 f i GenericHTTPClient.obj
 0001:000004f6       ??0CAtlComModule@ATL@@QAE@XZ 100014f6 f i GenericHTTPClient.obj
 0001:00000535       ??0CAtlException@ATL@@QAE@J@Z 10001535 f i GenericHTTPClient.obj
 0001:00000543       ??0CAtlStringMgr@ATL@@QAE@PAUIAtlMemMgr@1@@Z 10001543 f i GenericHTTPClient.obj
 0001:0000056f       ??0CAtlWinModule@ATL@@QAE@XZ 1000156f f i GenericHTTPClient.obj
 0001:0000059d       ??0GenericHTTPClient@@QAE@XZ 1000159d f   GenericHTTPClient.obj
 0001:000005cb       ??0_ATL_COM_MODULE70@ATL@@QAE@XZ 100015cb f i GenericHTTPClient.obj
 0001:000005e2       ??0_ATL_WIN_MODULE70@ATL@@QAE@XZ 100015e2 f i GenericHTTPClient.obj
 0001:0000060d       ??0bad_alloc@std@@QAE@ABV01@@Z 1000160d f i GenericHTTPClient.obj
 0001:00000628       ??0bad_array_new_length@std@@QAE@ABV01@@Z 10001628 f i GenericHTTPClient.obj
 0001:00000643       ??0bad_array_new_length@std@@QAE@XZ 10001643 f i GenericHTTPClient.obj
 0001:0000065b       ??0exception@std@@QAE@ABV01@@Z 1000165b f i GenericHTTPClient.obj
 0001:00000687       ??1?$CSimpleStringT@_W$0A@@ATL@@QAE@XZ 10001687 f i GenericHTTPClient.obj
 0001:00000691       ??1?$CStringT@_WV?$StrTraitATL@_WV?$ChTraitsCRT@_W@ATL@@@ATL@@@ATL@@QAE@XZ 10001691 f i GenericHTTPClient.obj
 0001:0000069b       ??1CAtlStringMgr@ATL@@UAE@XZ 1000169b f i GenericHTTPClient.obj
 0001:000006a9       ??1CWin32Heap@ATL@@UAE@XZ  100016a9 f i GenericHTTPClient.obj
 0001:000006c5       ??1GenericHTTPClient@@UAE@XZ 100016c5 f   GenericHTTPClient.obj
 0001:000006e7       ??1bad_array_new_length@std@@UAE@XZ 100016e7 f i GenericHTTPClient.obj
 0001:000006f8       ??1exception@std@@UAE@XZ   100016f8 f i GenericHTTPClient.obj
 0001:00000709       ??4?$CStringT@_WV?$StrTraitATL@_WV?$ChTraitsCRT@_W@ATL@@@ATL@@@ATL@@QAEAAV01@PBD@Z 10001709 f i GenericHTTPClient.obj
 0001:00000757       ??A?$CSimpleArray@GV?$CSimpleArrayEqualHelper@G@ATL@@@ATL@@QAEAAGH@Z 10001757 f i GenericHTTPClient.obj
 0001:0000077c       ??_GCAtlStringMgr@ATL@@UAEPAXI@Z 1000177c f i GenericHTTPClient.obj
 0001:0000077c       ??_ECAtlStringMgr@ATL@@UAEPAXI@Z 1000177c f i GenericHTTPClient.obj
 0001:000007a6       ??_ECWin32Heap@ATL@@UAEPAXI@Z 100017a6 f i GenericHTTPClient.obj
 0001:000007a6       ??_GCWin32Heap@ATL@@UAEPAXI@Z 100017a6 f i GenericHTTPClient.obj
 0001:000007c8       ??_GGenericHTTPClient@@UAEPAXI@Z 100017c8 f i GenericHTTPClient.obj
 0001:000007c8       ??_EGenericHTTPClient@@UAEPAXI@Z 100017c8 f i GenericHTTPClient.obj
 0001:000007ed       ??_Gbad_alloc@std@@UAEPAXI@Z 100017ed f i GenericHTTPClient.obj
 0001:000007ed       ??_Ebad_alloc@std@@UAEPAXI@Z 100017ed f i GenericHTTPClient.obj
 0001:0000081a       ??_Gbad_array_new_length@std@@UAEPAXI@Z 1000181a f i GenericHTTPClient.obj
 0001:0000081a       ??_Ebad_array_new_length@std@@UAEPAXI@Z 1000181a f i GenericHTTPClient.obj
 0001:00000847       ??_Eexception@std@@UAEPAXI@Z 10001847 f i GenericHTTPClient.obj
 0001:00000847       ??_Gexception@std@@UAEPAXI@Z 10001847 f i GenericHTTPClient.obj
 0001:00000874       ?AddPutPostArguments@GenericHTTPClient@@QAEXPB_W0H@Z 10001874 f   GenericHTTPClient.obj
 0001:000008f8       ?AddPutPostArguments@GenericHTTPClient@@QAEXPB_WK@Z 100018f8 f   GenericHTTPClient.obj
 0001:00000979       ?Allocate@CAtlStringMgr@ATL@@UAEPAUCStringData@2@HH@Z 10001979 f i GenericHTTPClient.obj
 0001:000009fc       ?Allocate@CWin32Heap@ATL@@UAEPAXI@Z 100019fc f i GenericHTTPClient.obj
 0001:00000a11       ?AtlCrtErrorCheck@ATL@@YAHH@Z 10001a11 f i GenericHTTPClient.obj
 0001:00000a4c       ?AtlFindStringResourceInstance@ATL@@YAPAUHINSTANCE__@@IG@Z 10001a4c f i GenericHTTPClient.obj
 0001:00000a90       ?AtlGetStringResourceImage@ATL@@YAPBUATLSTRINGRESOURCEIMAGE@1@PAUHINSTANCE__@@I@Z 10001a90 f i GenericHTTPClient.obj
 0001:00000ac0       ?AtlGetStringResourceImage@ATL@@YAPBUATLSTRINGRESOURCEIMAGE@1@PAUHINSTANCE__@@IG@Z 10001ac0 f i GenericHTTPClient.obj
 0001:00000af3       ?AtlThrowImpl@ATL@@YGXJ@Z  10001af3 f i GenericHTTPClient.obj
 0001:00000b10       ?AtlWinModuleInit@ATL@@YGJPAU_ATL_WIN_MODULE70@1@@Z 10001b10 f i GenericHTTPClient.obj
 0001:00000b36       ?AtlWinModuleTerm@ATL@@YGJPAU_ATL_WIN_MODULE70@1@PAUHINSTANCE__@@@Z 10001b36 f i GenericHTTPClient.obj
 0001:00000b99       ?CheckImplicitLoad@?$CStringT@_WV?$StrTraitATL@_WV?$ChTraitsCRT@_W@ATL@@@ATL@@@ATL@@AAE_NPBX@Z 10001b99 f i GenericHTTPClient.obj
 0001:00000bbd       ?Clone@CAtlStringMgr@ATL@@UAEPAUIAtlStringMgr@2@XZ 10001bbd f i GenericHTTPClient.obj
 0001:00000bc0       ?CloneData@?$CSimpleStringT@_W$0A@@ATL@@CAPAUCStringData@2@PAU32@@Z 10001bc0 f i GenericHTTPClient.obj
 0001:00000c1b       ?Close@GenericHTTPClient@@QAEHXZ 10001c1b f   GenericHTTPClient.obj
 0001:00000c52       ?Connect@GenericHTTPClient@@QAEHV?$CStringT@_WV?$StrTraitATL@_WV?$ChTraitsCRT@_W@ATL@@@ATL@@@ATL@@0G00@Z 10001c52 f   GenericHTTPClient.obj
 0001:00000e4d       ?ConvertToBaseType@?$ChTraitsCRT@_W@ATL@@SAXPA_WHPB_WH@Z 10001e4d f i GenericHTTPClient.obj
 0001:00000e80       ?CopyChars@?$CSimpleStringT@_W$0A@@ATL@@SAXPA_WIPB_WH@Z 10001e80 f i GenericHTTPClient.obj
 0001:00000e9f       ?CopyCharsOverlapped@?$CSimpleStringT@_W$0A@@ATL@@SAXPA_WIPB_WH@Z 10001e9f f i GenericHTTPClient.obj
 0001:00000ef0       ?CopyWideToMultibyte@GenericHTTPClient@@QAEHV?$CStringT@_WV?$StrTraitATL@_WV?$ChTraitsCRT@_W@ATL@@@ATL@@@ATL@@PADKK@Z 10001ef0 f   GenericHTTPClient.obj
 0001:00000f5e       ?DebuggerConsoleMessage@GenericHTTPClient@@QAEXXZ 10001f5e f   GenericHTTPClient.obj
 0001:00000f6f       ?Empty@?$CSimpleStringT@_W$0A@@ATL@@QAEXXZ 10001f6f f i GenericHTTPClient.obj
 0001:00000fa4       ?EncodeSpecialCharacters@GenericHTTPClient@@QAE?AV?$CStringT@_WV?$StrTraitATL@_WV?$ChTraitsCRT@_W@ATL@@@ATL@@@ATL@@V23@@Z 10001fa4 f   GenericHTTPClient.obj
 0001:00001006       ?EnsureLinked@CAtlStringMgrStaticInitializer@ATLImplementationDetails@ATL@@QAEPAXXZ 10002006 f i GenericHTTPClient.obj
 0001:00001009       ?Fork@?$CSimpleStringT@_W$0A@@ATL@@AAEXH@Z 10002009 f i GenericHTTPClient.obj
 0001:00001073       ?Free@CAtlStringMgr@ATL@@UAEXPAUCStringData@2@@Z 10002073 f i GenericHTTPClient.obj
 0001:0000107f       ?Free@CWin32Heap@ATL@@UAEXPAX@Z 1000207f f i GenericHTTPClient.obj
 0001:0000109a       ?GetBaseTypeLength@?$ChTraitsCRT@_W@ATL@@SAHPBD@Z 1000209a f i GenericHTTPClient.obj
 0001:000010b2       ?GetContentType@GenericHTTPClient@@QAEPB_WPB_W@Z 100020b2 f   GenericHTTPClient.obj
 0001:00001179       ?GetInstance@CAtlStringMgr@ATL@@SAPAUIAtlStringMgr@2@XZ 10002179 f i GenericHTTPClient.obj
 0001:00001228       ?GetNilString@CAtlStringMgr@ATL@@UAEPAUCStringData@2@XZ 10002228 f i GenericHTTPClient.obj
 0001:00001230       ?GetPostArguments@GenericHTTPClient@@QAEKPADK@Z 10002230 f   GenericHTTPClient.obj
 0001:00001317       ?GetSize@CWin32Heap@ATL@@UAEIPAX@Z 10002317 f i GenericHTTPClient.obj
 0001:0000132c       ?Init@CComCriticalSection@ATL@@QAEJXZ 1000232c f i GenericHTTPClient.obj
 0001:00001354       ?InitilizePutPostArguments@GenericHTTPClient@@QAEXXZ 10002354 f   GenericHTTPClient.obj
 0001:0000135b       ?LoadStringW@?$CStringT@_WV?$StrTraitATL@_WV?$ChTraitsCRT@_W@ATL@@@ATL@@@ATL@@QAEHI@Z 1000235b f i GenericHTTPClient.obj
 0001:00001381       ?LoadStringW@?$CStringT@_WV?$StrTraitATL@_WV?$ChTraitsCRT@_W@ATL@@@ATL@@@ATL@@QAEHPAUHINSTANCE__@@I@Z 10002381 f i GenericHTTPClient.obj
 0001:000013cb       ?ParseURLW@GenericHTTPClient@@QAEXPB_WPA_WH1H@Z 100023cb f   GenericHTTPClient.obj
 0001:000014d6       ?PrepareWrite2@?$CSimpleStringT@_W$0A@@ATL@@AAEXH@Z 100024d6 f i GenericHTTPClient.obj
 0001:0000152b       ?PrepareWrite@?$CSimpleStringT@_W$0A@@ATL@@AAEPA_WH@Z 1000252b f i GenericHTTPClient.obj
 0001:00001567       ?QueryHTTPResponse@GenericHTTPClient@@QAEPB_WXZ 10002567 f   GenericHTTPClient.obj
 0001:0000156b       ?QueryHTTPResponseHeader@GenericHTTPClient@@QAEPB_WXZ 1000256b f   GenericHTTPClient.obj
 0001:00001572       ?Reallocate@?$CSimpleStringT@_W$0A@@ATL@@AAEXH@Z 10002572 f i GenericHTTPClient.obj
 0001:000015aa       ?Reallocate@CAtlStringMgr@ATL@@UAEPAUCStringData@2@PAU32@HH@Z 100025aa f i GenericHTTPClient.obj
 0001:00001624       ?Reallocate@CWin32Heap@ATL@@UAEPAXPAXI@Z 10002624 f i GenericHTTPClient.obj
 0001:0000165a       ?Reconnect@GenericHTTPClient@@QAEHXZ 1000265a f   GenericHTTPClient.obj
 0001:000016e8       ?Release@CStringData@ATL@@QAEXXZ 100026e8 f i GenericHTTPClient.obj
 0001:00001700       ?RemoveAll@?$CSimpleArray@GV?$CSimpleArrayEqualHelper@G@ATL@@@ATL@@QAEXXZ 10002700 f i GenericHTTPClient.obj
 0001:0000171d       ?Replace@?$CStringT@_WV?$StrTraitATL@_WV?$ChTraitsCRT@_W@ATL@@@ATL@@@ATL@@QAEHPB_W0@Z 1000271d f i GenericHTTPClient.obj
 0001:000018b0       ?Request@GenericHTTPClient@@QAEHPB_WH0@Z 100028b0 f   GenericHTTPClient.obj
 0001:00001a04       ?RequestGet@GenericHTTPClient@@QAEHPB_W@Z 10002a04 f   GenericHTTPClient.obj
 0001:00001a9f       ?RequestOfURI@GenericHTTPClient@@QAEHPB_WH@Z 10002a9f f   GenericHTTPClient.obj
 0001:00001afc       ?RequestPost@GenericHTTPClient@@QAEHPB_W@Z 10002afc f   GenericHTTPClient.obj
 0001:00001bee       ?RequestPut@GenericHTTPClient@@QAEHPB_W@Z 10002bee f   GenericHTTPClient.obj
 0001:00001c51       ?Response@GenericHTTPClient@@QAEHPA_WK0KAAK@Z 10002c51 f   GenericHTTPClient.obj
 0001:00001dd0       ?ResponseOfBytes@GenericHTTPClient@@QAEKPAEK@Z 10002dd0 f   GenericHTTPClient.obj
 0001:00001e1f       ?SendPutFileData@GenericHTTPClient@@QAEKXZ 10002e1f f   GenericHTTPClient.obj
 0001:00001ece       ?SetLength@?$CSimpleStringT@_W$0A@@ATL@@AAEXH@Z 10002ece f i GenericHTTPClient.obj
 0001:00001ef9       ?SetString@?$CSimpleStringT@_W$0A@@ATL@@QAEXPB_WH@Z 10002ef9 f i GenericHTTPClient.obj
 0001:00001f6e       ?Term@CAtlComModule@ATL@@QAEXXZ 10002f6e f i GenericHTTPClient.obj
 0001:00001fb8       ?ThrowMemoryException@?$CSimpleStringT@_W$0A@@ATL@@KAXXZ 10002fb8 f i GenericHTTPClient.obj
 0001:00001fc3       ?_Adjust_manually_vector_aligned@std@@YAXAAPAXAAI@Z 10002fc3 f i GenericHTTPClient.obj
 0001:00001fe9       ?_AtlGetStringResourceImage@ATL@@YAPBUATLSTRINGRESOURCEIMAGE@1@PAUHINSTANCE__@@PAUHRSRC__@@I@Z 10002fe9 f i GenericHTTPClient.obj
 0001:00002046       ?_AtlInitializeCriticalSectionEx@ATL@@YAHPAU_RTL_CRITICAL_SECTION@@KK@Z 10003046 f i GenericHTTPClient.obj
 0001:0000205a       ?_AtlRaiseException@ATL@@YAXKK@Z 1000305a f i GenericHTTPClient.obj
 0001:0000206f       ?_Calculate_growth@?$vector@U__GENERIC_HTTP_ARGUMENT@GenericHTTPClient@@V?$allocator@U__GENERIC_HTTP_ARGUMENT@GenericHTTPClient@@@std@@@std@@ABEII@Z 1000306f f i GenericHTTPClient.obj
 0001:000020a2       ?_Change_array@?$vector@U__GENERIC_HTTP_ARGUMENT@GenericHTTPClient@@V?$allocator@U__GENERIC_HTTP_ARGUMENT@GenericHTTPClient@@@std@@@std@@AAEXQAU__GENERIC_HTTP_ARGUMENT@GenericHTTPClient@@II@Z 100030a2 f i GenericHTTPClient.obj
 0001:000020ec       ?_Throw_bad_array_new_length@std@@YAXXZ 100030ec f i GenericHTTPClient.obj
 0001:00002109       ?_Tidy@?$vector@U__GENERIC_HTTP_ARGUMENT@GenericHTTPClient@@V?$allocator@U__GENERIC_HTTP_ARGUMENT@GenericHTTPClient@@@std@@@std@@AAEXXZ 10003109 f i GenericHTTPClient.obj
 0001:0000213a       ?_Xlength@?$vector@U__GENERIC_HTTP_ARGUMENT@GenericHTTPClient@@V?$allocator@U__GENERIC_HTTP_ARGUMENT@GenericHTTPClient@@@std@@@std@@CAXXZ 1000313a f i GenericHTTPClient.obj
 0001:00002145       ?memcpy_s@Checked@ATL@@YAXPAXIPBXI@Z 10003145 f i GenericHTTPClient.obj
 0001:00002164       ?memmove_s@Checked@ATL@@YAXPAXIPBXI@Z 10003164 f i GenericHTTPClient.obj
 0001:000021b5       ?what@exception@std@@UBEPBDXZ 100031b5 f i GenericHTTPClient.obj
 0001:000021c3       ?wmemcpy_s@Checked@ATL@@YAXPA_WIPB_WI@Z 100031c3 f i GenericHTTPClient.obj
 0001:000021e2       ___local_stdio_printf_options 100031e2 f i GenericHTTPClient.obj
 0001:000021e8       __vswprintf_s_l            100031e8 f i GenericHTTPClient.obj
 0001:00002295       _swprintf_s                10003295 f i GenericHTTPClient.obj
 0001:000022b1       ??$AtlAddThrow@H@ATL@@YAHHH@Z 100032b1 f i BugSplatImp.obj
 0001:000022d7       ??0?$CSimpleStringT@_W$0A@@ATL@@QAE@PB_WHPAUIAtlStringMgr@1@@Z 100032d7 f i BugSplatImp.obj
 0001:00002338       ??0?$CStringT@_WV?$StrTraitATL@_WV?$ChTraitsCRT@_W@ATL@@@ATL@@@ATL@@QAE@XZ 10003338 f i BugSplatImp.obj
 0001:0000235f       ??0BugSplatImp@@QAE@XZ     1000335f f   BugSplatImp.obj
 0001:0000237d       ??0MiniDmpSender@@QAE@ABV0@@Z 1000337d f i BugSplatImp.obj
 0001:00002395       ??4?$CSimpleStringT@_W$0A@@ATL@@QAEAAV01@ABV01@@Z 10003395 f i BugSplatImp.obj
 0001:000023e5       ??4BugSplatImp@@QAEAAV0@$$QAV0@@Z 100033e5 f i BugSplatImp.obj
 0001:00002442       ??4BugSplatImp@@QAEAAV0@ABV0@@Z 10003442 f i BugSplatImp.obj
 0001:00002460       ??4MiniDmpSender@@QAEAAV0@ABV0@@Z 10003460 f i BugSplatImp.obj
 0001:00002472       ??A?$CSimpleStringT@_W$0A@@ATL@@QBE_WH@Z 10003472 f i BugSplatImp.obj
 0001:00002496       ??HATL@@YA?AV?$CStringT@_WV?$StrTraitATL@_WV?$ChTraitsCRT@_W@ATL@@@ATL@@@0@ABV10@0@Z 10003496 f i BugSplatImp.obj
 0001:000024fd       ??_EMiniDmpSender@@UAEPAXI@Z 100034fd f i BugSplatImp.obj
 0001:00002588       ??_GMiniDmpSender@@UAEPAXI@Z 10003588 f i BugSplatImp.obj
 0001:000025aa       ?Append@?$CSimpleStringT@_W$0A@@ATL@@QAEXPB_WH@Z 100035aa f i BugSplatImp.obj
 0001:00002636       ?AppendChar@?$CSimpleStringT@_W$0A@@ATL@@QAEX_W@Z 10003636 f i BugSplatImp.obj
 0001:00002663       ?CalculateBeginningOfCallInstruction@@YAHAAI@Z 10003663 f   BugSplatImp.obj
 0001:000026b8       ?Concatenate@?$CSimpleStringT@_W$0A@@ATL@@KAXAAV12@PB_WH1H@Z 100036b8 f i BugSplatImp.obj
 0001:000026ff       ?CreateMiniDump@BugSplatImp@@QAEHPAUHINSTANCE__@@KPAXKPAU_EXCEPTION_POINTERS@@W4_BS_MINIDUMP_TYPE@MiniDmpSender@@PB_WPA_WK@Z 100036ff f   BugSplatImp.obj
 0001:000028df       ?CreateMiniDumpFromSnap@@YAHPAXKKW4_BS_MINIDUMP_TYPE@MiniDmpSender@@P6GH0K0W4_MINIDUMP_TYPE@@QAU_MINIDUMP_EXCEPTION_INFORMATION@@QAU_MINIDUMP_USER_STREAM_INFORMATION@@QAU_MINIDUMP_CALLBACK_INFORMATION@@@Z0PAU_CONTEXT@@@Z 100038df f   BugSplatImp.obj
 0001:00002a25       ?Find@?$CStringT@_WV?$StrTraitATL@_WV?$ChTraitsCRT@_W@ATL@@@ATL@@@ATL@@QBEHPB_WH@Z 10003a25 f i BugSplatImp.obj
 0001:00002a5f       ?GetManager@?$CStringT@_WV?$StrTraitATL@_WV?$ChTraitsCRT@_W@ATL@@@ATL@@@ATL@@QBEPAUIAtlStringMgr@2@XZ 10003a5f f i BugSplatImp.obj
 0001:00002a7e       ?GetReducedGuid@BugSplatImp@@SAXPA_WK@Z 10003a7e f   BugSplatImp.obj
 0001:00002b02       ?Left@?$CStringT@_WV?$StrTraitATL@_WV?$ChTraitsCRT@_W@ATL@@@ATL@@@ATL@@QBE?AV12@H@Z 10003b02 f i BugSplatImp.obj
 0001:00002b47       ?MakeUpper@?$CStringT@_WV?$StrTraitATL@_WV?$ChTraitsCRT@_W@ATL@@@ATL@@@ATL@@QAEAAV12@XZ 10003b47 f i BugSplatImp.obj
 0001:00002b6f       ?Mid@?$CStringT@_WV?$StrTraitATL@_WV?$ChTraitsCRT@_W@ATL@@@ATL@@@ATL@@QBE?AV12@HH@Z 10003b6f f i BugSplatImp.obj
 0001:00002bf5       ?ReduceGuidString@BugSplatImp@@SAXPA_WK@Z 10003bf5 f   BugSplatImp.obj
 0001:00002e98       ?ResumeSuspendedThreads@BugSplatImp@@QAEXXZ 10003e98 f   BugSplatImp.obj
 0001:00002ed2       ?SnapCurrentProcessMinidump@@YAHPAXKKW4_BS_MINIDUMP_TYPE@MiniDmpSender@@P6GH0K0W4_MINIDUMP_TYPE@@QAU_MINIDUMP_EXCEPTION_INFORMATION@@QAU_MINIDUMP_USER_STREAM_INFORMATION@@QAU_MINIDUMP_CALLBACK_INFORMATION@@@Z0@Z 10003ed2 f   BugSplatImp.obj
 0001:00003098       ?StringUppercase@?$ChTraitsCRT@_W@ATL@@SAPA_WPA_WI@Z 10004098 f i BugSplatImp.obj
 0001:000030b4       ?SuspendAllThreadsInProcess@BugSplatImp@@QAEXPAX@Z 100040b4 f   BugSplatImp.obj
 0001:0000315e       ?SuspendThreadsInCurrentProcess@BugSplatImp@@QAEXXZ 1000415e f   BugSplatImp.obj
 0001:0000321c       ?UINTtoWchar_t@@YA_WI@Z    1000421c f   BugSplatImp.obj
 0001:0000323e       ?Wchar_tToUINT@@YAI_W@Z    1000423e f   BugSplatImp.obj
 0001:0000326a       ?combine1_4@@YAIII@Z       1000426a f   BugSplatImp.obj
 0001:0000327b       ?combine2_3@@YAIII@Z       1000427b f   BugSplatImp.obj
 0001:00003290       ?combine3_2@@YAIII@Z       10004290 f   BugSplatImp.obj
 0001:000032a6       ?combine4_1@@YAIII@Z       100042a6 f   BugSplatImp.obj
 0001:000032b8       ?combineLast3@@YAII@Z      100042b8 f   BugSplatImp.obj
 0001:000032c3       ?createReportAndExit@MiniDmpSender@@QAEXXZ 100042c3 f i BugSplatImp.obj
 0001:000032ed       ??$?8V?$MemoryPoolAllocator@VCrtAllocator@rapidjson@@@rapidjson@@@?$GenericValue@U?$UTF16@_W@rapidjson@@V?$MemoryPoolAllocator@VCrtAllocator@rapidjson@@@2@@rapidjson@@QBE_NABV01@@Z 100042ed f i mdump.obj
 0001:00003433       ??$?A$$CB_W@?$GenericValue@U?$UTF16@_W@rapidjson@@V?$MemoryPoolAllocator@VCrtAllocator@rapidjson@@@2@@rapidjson@@QAEAAV01@PB_W@Z 10004433 f i mdump.obj
 0001:00003488       ??$?AV?$MemoryPoolAllocator@VCrtAllocator@rapidjson@@@rapidjson@@@?$GenericValue@U?$UTF16@_W@rapidjson@@V?$MemoryPoolAllocator@VCrtAllocator@rapidjson@@@2@@rapidjson@@QAEAAV01@ABV01@@Z 10004488 f i mdump.obj
 0001:000034d4       ??$DoFindMember@V?$MemoryPoolAllocator@VCrtAllocator@rapidjson@@@rapidjson@@@?$GenericValue@U?$UTF16@_W@rapidjson@@V?$MemoryPoolAllocator@VCrtAllocator@rapidjson@@@2@@rapidjson@@AAE?AV?$GenericMemberIterator@$0A@U?$UTF16@_W@rapidjson@@V?$MemoryPoolAllocator@VCrtAllocator@rapidjson@@@2@@1@ABV01@@Z 100044d4 f i mdump.obj
 0001:00003514       ??$Encode@V?$StackStream@_W@?$GenericReader@U?$UTF16@_W@rapidjson@@U12@VCrtAllocator@2@@rapidjson@@@?$UTF16@_W@rapidjson@@SAXAAV?$StackStream@_W@?$GenericReader@U?$UTF16@_W@rapidjson@@U12@VCrtAllocator@2@@1@I@Z 10004514 f i mdump.obj
 0001:000035aa       ??$Expand@V?$GenericValue@U?$UTF16@_W@rapidjson@@V?$MemoryPoolAllocator@VCrtAllocator@rapidjson@@@2@@rapidjson@@@?$Stack@VCrtAllocator@rapidjson@@@internal@rapidjson@@AAEXI@Z 100045aa f i mdump.obj
 0001:000035f9       ??$Expand@_W@?$Stack@VCrtAllocator@rapidjson@@@internal@rapidjson@@AAEXI@Z 100045f9 f i mdump.obj
 0001:0000364a       ??$Parse@$0A@U?$GenericStringStream@U?$UTF16@_W@rapidjson@@@rapidjson@@V?$GenericDocument@U?$UTF16@_W@rapidjson@@V?$MemoryPoolAllocator@VCrtAllocator@rapidjson@@@2@VCrtAllocator@2@@2@@?$GenericReader@U?$UTF16@_W@rapidjson@@U12@VCrtAllocator@2@@rapidjson@@QAE?AUParseResult@1@AAU?$GenericStringStream@U?$UTF16@_W@rapidjson@@@1@AAV?$GenericDocument@U?$UTF16@_W@rapidjson@@V?$MemoryPoolAllocator@VCrtAllocator@rapidjson@@@2@VCrtAllocator@2@@1@@Z 1000464a f i mdump.obj
 0001:000036da       ??$ParseArray@$0A@U?$GenericStringStream@U?$UTF16@_W@rapidjson@@@rapidjson@@V?$GenericDocument@U?$UTF16@_W@rapidjson@@V?$MemoryPoolAllocator@VCrtAllocator@rapidjson@@@2@VCrtAllocator@2@@2@@?$GenericReader@U?$UTF16@_W@rapidjson@@U12@VCrtAllocator@2@@rapidjson@@AAEXAAU?$GenericStringStream@U?$UTF16@_W@rapidjson@@@1@AAV?$GenericDocument@U?$UTF16@_W@rapidjson@@V?$MemoryPoolAllocator@VCrtAllocator@rapidjson@@@2@VCrtAllocator@2@@1@@Z 100046da f i mdump.obj
 0001:000037aa       ??$ParseFalse@$0A@U?$GenericStringStream@U?$UTF16@_W@rapidjson@@@rapidjson@@V?$GenericDocument@U?$UTF16@_W@rapidjson@@V?$MemoryPoolAllocator@VCrtAllocator@rapidjson@@@2@VCrtAllocator@2@@2@@?$GenericReader@U?$UTF16@_W@rapidjson@@U12@VCrtAllocator@2@@rapidjson@@AAEXAAU?$GenericStringStream@U?$UTF16@_W@rapidjson@@@1@AAV?$GenericDocument@U?$UTF16@_W@rapidjson@@V?$MemoryPoolAllocator@VCrtAllocator@rapidjson@@@2@VCrtAllocator@2@@1@@Z 100047aa f i mdump.obj
 0001:00003818       ??$ParseHex4@U?$GenericStringStream@U?$UTF16@_W@rapidjson@@@rapidjson@@@?$GenericReader@U?$UTF16@_W@rapidjson@@U12@VCrtAllocator@2@@rapidjson@@AAEIAAU?$GenericStringStream@U?$UTF16@_W@rapidjson@@@1@I@Z 10004818 f i mdump.obj
 0001:00003887       ??$ParseNull@$0A@U?$GenericStringStream@U?$UTF16@_W@rapidjson@@@rapidjson@@V?$GenericDocument@U?$UTF16@_W@rapidjson@@V?$MemoryPoolAllocator@VCrtAllocator@rapidjson@@@2@VCrtAllocator@2@@2@@?$GenericReader@U?$UTF16@_W@rapidjson@@U12@VCrtAllocator@2@@rapidjson@@AAEXAAU?$GenericStringStream@U?$UTF16@_W@rapidjson@@@1@AAV?$GenericDocument@U?$UTF16@_W@rapidjson@@V?$MemoryPoolAllocator@VCrtAllocator@rapidjson@@@2@VCrtAllocator@2@@1@@Z 10004887 f i mdump.obj
 0001:000038e9       ??$ParseNumber@$0A@U?$GenericStringStream@U?$UTF16@_W@rapidjson@@@rapidjson@@V?$GenericDocument@U?$UTF16@_W@rapidjson@@V?$MemoryPoolAllocator@VCrtAllocator@rapidjson@@@2@VCrtAllocator@2@@2@@?$GenericReader@U?$UTF16@_W@rapidjson@@U12@VCrtAllocator@2@@rapidjson@@AAEXAAU?$GenericStringStream@U?$UTF16@_W@rapidjson@@@1@AAV?$GenericDocument@U?$UTF16@_W@rapidjson@@V?$MemoryPoolAllocator@VCrtAllocator@rapidjson@@@2@VCrtAllocator@2@@1@@Z 100048e9 f i mdump.obj
 0001:00003f3f       ??$ParseObject@$0A@U?$GenericStringStream@U?$UTF16@_W@rapidjson@@@rapidjson@@V?$GenericDocument@U?$UTF16@_W@rapidjson@@V?$MemoryPoolAllocator@VCrtAllocator@rapidjson@@@2@VCrtAllocator@2@@2@@?$GenericReader@U?$UTF16@_W@rapidjson@@U12@VCrtAllocator@2@@rapidjson@@AAEXAAU?$GenericStringStream@U?$UTF16@_W@rapidjson@@@1@AAV?$GenericDocument@U?$UTF16@_W@rapidjson@@V?$MemoryPoolAllocator@VCrtAllocator@rapidjson@@@2@VCrtAllocator@2@@1@@Z 10004f3f f i mdump.obj
 0001:00004070       ??$ParseStream@$0A@U?$UTF16@_W@rapidjson@@U?$GenericStringStream@U?$UTF16@_W@rapidjson@@@2@@?$GenericDocument@U?$UTF16@_W@rapidjson@@V?$MemoryPoolAllocator@VCrtAllocator@rapidjson@@@2@VCrtAllocator@2@@rapidjson@@QAEAAV01@AAU?$GenericStringStream@U?$UTF16@_W@rapidjson@@@1@@Z 10005070 f i mdump.obj
 0001:000040ee       ??$ParseString@$0A@U?$GenericStringStream@U?$UTF16@_W@rapidjson@@@rapidjson@@V?$GenericDocument@U?$UTF16@_W@rapidjson@@V?$MemoryPoolAllocator@VCrtAllocator@rapidjson@@@2@VCrtAllocator@2@@2@@?$GenericReader@U?$UTF16@_W@rapidjson@@U12@VCrtAllocator@2@@rapidjson@@AAEXAAU?$GenericStringStream@U?$UTF16@_W@rapidjson@@@1@AAV?$GenericDocument@U?$UTF16@_W@rapidjson@@V?$MemoryPoolAllocator@VCrtAllocator@rapidjson@@@2@VCrtAllocator@2@@1@_N@Z 100050ee f i mdump.obj
 0001:00004352       ??$ParseTrue@$0A@U?$GenericStringStream@U?$UTF16@_W@rapidjson@@@rapidjson@@V?$GenericDocument@U?$UTF16@_W@rapidjson@@V?$MemoryPoolAllocator@VCrtAllocator@rapidjson@@@2@VCrtAllocator@2@@2@@?$GenericReader@U?$UTF16@_W@rapidjson@@U12@VCrtAllocator@2@@rapidjson@@AAEXAAU?$GenericStringStream@U?$UTF16@_W@rapidjson@@@1@AAV?$GenericDocument@U?$UTF16@_W@rapidjson@@V?$MemoryPoolAllocator@VCrtAllocator@rapidjson@@@2@VCrtAllocator@2@@1@@Z 10005352 f i mdump.obj
 0001:000043b5       ??$ParseValue@$0A@U?$GenericStringStream@U?$UTF16@_W@rapidjson@@@rapidjson@@V?$GenericDocument@U?$UTF16@_W@rapidjson@@V?$MemoryPoolAllocator@VCrtAllocator@rapidjson@@@2@VCrtAllocator@2@@2@@?$GenericReader@U?$UTF16@_W@rapidjson@@U12@VCrtAllocator@2@@rapidjson@@AAEXAAU?$GenericStringStream@U?$UTF16@_W@rapidjson@@@1@AAV?$GenericDocument@U?$UTF16@_W@rapidjson@@V?$MemoryPoolAllocator@VCrtAllocator@rapidjson@@@2@VCrtAllocator@2@@1@@Z 100053b5 f i mdump.obj
 0001:0000441f       ??$SkipWhitespace@U?$GenericStringStream@U?$UTF16@_W@rapidjson@@@rapidjson@@@rapidjson@@YAXAAU?$GenericStringStream@U?$UTF16@_W@rapidjson@@@0@@Z 1000541f f i mdump.obj
 0001:0000444f       ??$StringEqual@V?$MemoryPoolAllocator@VCrtAllocator@rapidjson@@@rapidjson@@@?$GenericValue@U?$UTF16@_W@rapidjson@@V?$MemoryPoolAllocator@VCrtAllocator@rapidjson@@@2@@rapidjson@@ABE_NABV01@@Z 1000544f f i mdump.obj
 0001:000044aa       ??$_Destroy_range@V?$allocator@V?$CStringT@_WV?$StrTraitATL@_WV?$ChTraitsCRT@_W@ATL@@@ATL@@@ATL@@@std@@@std@@YAXPAV?$CStringT@_WV?$StrTraitATL@_WV?$ChTraitsCRT@_W@ATL@@@ATL@@@ATL@@QAV12@AAV?$allocator@V?$CStringT@_WV?$StrTraitATL@_WV?$ChTraitsCRT@_W@ATL@@@ATL@@@ATL@@@0@@Z 100054aa f i mdump.obj
 0001:000044c7       ??$_Emplace_reallocate@ABVCrashAttribute@@@?$vector@VCrashAttribute@@V?$allocator@VCrashAttribute@@@std@@@std@@QAEPAVCrashAttribute@@QAV2@ABV2@@Z 100054c7 f i mdump.obj
 0001:000045a9       ??$_Emplace_reallocate@V?$CStringT@_WV?$StrTraitATL@_WV?$ChTraitsCRT@_W@ATL@@@ATL@@@ATL@@@?$vector@V?$CStringT@_WV?$StrTraitATL@_WV?$ChTraitsCRT@_W@ATL@@@ATL@@@ATL@@V?$allocator@V?$CStringT@_WV?$StrTraitATL@_WV?$ChTraitsCRT@_W@ATL@@@ATL@@@ATL@@@std@@@std@@QAEPAV?$CStringT@_WV?$StrTraitATL@_WV?$ChTraitsCRT@_W@ATL@@@ATL@@@ATL@@QAV23@$$QAV23@@Z 100055a9 f i mdump.obj
 0001:0000468e       ??$_Move_unchecked@PAVCrashAttribute@@PAV1@@std@@YAPAVCrashAttribute@@PAV1@00@Z 1000568e f i mdump.obj
 0001:000046b4       ??$_Uninitialized_copy@PAV?$CStringT@_WV?$StrTraitATL@_WV?$ChTraitsCRT@_W@ATL@@@ATL@@@ATL@@V?$allocator@V?$CStringT@_WV?$StrTraitATL@_WV?$ChTraitsCRT@_W@ATL@@@ATL@@@ATL@@@std@@@std@@YAPAV?$CStringT@_WV?$StrTraitATL@_WV?$ChTraitsCRT@_W@ATL@@@ATL@@@ATL@@QAV12@0PAV12@AAV?$allocator@V?$CStringT@_WV?$StrTraitATL@_WV?$ChTraitsCRT@_W@ATL@@@ATL@@@ATL@@@0@@Z 100056b4 f i mdump.obj
 0001:00004704       ??$_Uninitialized_copy@PAVCrashAttribute@@V?$allocator@VCrashAttribute@@@std@@@std@@YAPAVCrashAttribute@@QAV1@0PAV1@AAV?$allocator@VCrashAttribute@@@0@@Z 10005704 f i mdump.obj
 0001:00004746       ??$_Uninitialized_move@PAV?$CStringT@_WV?$StrTraitATL@_WV?$ChTraitsCRT@_W@ATL@@@ATL@@@ATL@@V?$allocator@V?$CStringT@_WV?$StrTraitATL@_WV?$ChTraitsCRT@_W@ATL@@@ATL@@@ATL@@@std@@@std@@YAPAV?$CStringT@_WV?$StrTraitATL@_WV?$ChTraitsCRT@_W@ATL@@@ATL@@@ATL@@QAV12@0PAV12@AAV?$allocator@V?$CStringT@_WV?$StrTraitATL@_WV?$ChTraitsCRT@_W@ATL@@@ATL@@@ATL@@@0@@Z 10005746 f i mdump.obj
 0001:00004796       ??$_Uninitialized_move@PAVCrashAttribute@@V?$allocator@VCrashAttribute@@@std@@@std@@YAPAVCrashAttribute@@QAV1@0PAV1@AAV?$allocator@VCrashAttribute@@@0@@Z 10005796 f i mdump.obj
 0001:000047d8       ??$construct@V?$CStringT@_WV?$StrTraitATL@_WV?$ChTraitsCRT@_W@ATL@@@ATL@@@ATL@@AAV12@@?$_Default_allocator_traits@V?$allocator@V?$CStringT@_WV?$StrTraitATL@_WV?$ChTraitsCRT@_W@ATL@@@ATL@@@ATL@@@std@@@std@@SAXAAV?$allocator@V?$CStringT@_WV?$StrTraitATL@_WV?$ChTraitsCRT@_W@ATL@@@ATL@@@ATL@@@1@QAV?$CStringT@_WV?$StrTraitATL@_WV?$ChTraitsCRT@_W@ATL@@@ATL@@@ATL@@AAV34@@Z 100057d8 f i mdump.obj
 0001:000047f4       ??$construct@V?$CStringT@_WV?$StrTraitATL@_WV?$ChTraitsCRT@_W@ATL@@@ATL@@@ATL@@V12@@?$_Default_allocator_traits@V?$allocator@V?$CStringT@_WV?$StrTraitATL@_WV?$ChTraitsCRT@_W@ATL@@@ATL@@@ATL@@@std@@@std@@SAXAAV?$allocator@V?$CStringT@_WV?$StrTraitATL@_WV?$ChTraitsCRT@_W@ATL@@@ATL@@@ATL@@@1@QAV?$CStringT@_WV?$StrTraitATL@_WV?$ChTraitsCRT@_W@ATL@@@ATL@@@ATL@@$$QAV34@@Z 100057f4 f i mdump.obj
 0001:00004810       ??$emplace_back@ABVCrashAttribute@@@?$vector@VCrashAttribute@@V?$allocator@VCrashAttribute@@@std@@@std@@QAE?A_TABVCrashAttribute@@@Z 10005810 f i mdump.obj
 0001:00004839       ??$emplace_back@V?$CStringT@_WV?$StrTraitATL@_WV?$ChTraitsCRT@_W@ATL@@@ATL@@@ATL@@@?$vector@V?$CStringT@_WV?$StrTraitATL@_WV?$ChTraitsCRT@_W@ATL@@@ATL@@@ATL@@V?$allocator@V?$CStringT@_WV?$StrTraitATL@_WV?$ChTraitsCRT@_W@ATL@@@ATL@@@ATL@@@std@@@std@@QAE?A_T$$QAV?$CStringT@_WV?$StrTraitATL@_WV?$ChTraitsCRT@_W@ATL@@@ATL@@@ATL@@@Z 10005839 f i mdump.obj
 0001:00004864       ??0?$CStringT@_WV?$StrTraitATL@_WV?$ChTraitsCRT@_W@ATL@@@ATL@@@ATL@@QAE@PB_WPAUIAtlStringMgr@1@@Z 10005864 f i mdump.obj
 0001:000048c5       ??0?$GenericDocument@U?$UTF16@_W@rapidjson@@V?$MemoryPoolAllocator@VCrtAllocator@rapidjson@@@2@VCrtAllocator@2@@rapidjson@@QAE@PAV?$MemoryPoolAllocator@VCrtAllocator@rapidjson@@@1@IPAVCrtAllocator@1@@Z 100058c5 f i mdump.obj
 0001:0000494b       ??0?$GenericValue@U?$UTF16@_W@rapidjson@@V?$MemoryPoolAllocator@VCrtAllocator@rapidjson@@@2@@rapidjson@@QAE@H@Z 1000594b f i mdump.obj
 0001:0000497c       ??0?$GenericValue@U?$UTF16@_W@rapidjson@@V?$MemoryPoolAllocator@VCrtAllocator@rapidjson@@@2@@rapidjson@@QAE@I@Z 1000597c f i mdump.obj
 0001:000049a9       ??0?$GenericValue@U?$UTF16@_W@rapidjson@@V?$MemoryPoolAllocator@VCrtAllocator@rapidjson@@@2@@rapidjson@@QAE@PB_WIAAV?$MemoryPoolAllocator@VCrtAllocator@rapidjson@@@1@@Z 100059a9 f i mdump.obj
 0001:000049e3       ??0?$GenericValue@U?$UTF16@_W@rapidjson@@V?$MemoryPoolAllocator@VCrtAllocator@rapidjson@@@2@@rapidjson@@QAE@_J@Z 100059e3 f i mdump.obj
 0001:00004a53       ??0?$GenericValue@U?$UTF16@_W@rapidjson@@V?$MemoryPoolAllocator@VCrtAllocator@rapidjson@@@2@@rapidjson@@QAE@_K@Z 10005a53 f i mdump.obj
 0001:00004ab5       ??0?$MemoryPoolAllocator@VCrtAllocator@rapidjson@@@rapidjson@@QAE@IPAVCrtAllocator@1@@Z 10005ab5 f i mdump.obj
 0001:00004b33       ??0CrashAttribute@@QAE@$$QAV0@@Z 10005b33 f i mdump.obj
 0001:00004b7e       ??0CrashAttribute@@QAE@ABV0@@Z 10005b7e f i mdump.obj
 0001:00004bc9       ??0CrashAttribute@@QAE@PB_W0@Z 10005bc9 f i mdump.obj
 0001:00004c2f       ??0MiniDumper@@QAE@K@Z     10005c2f f   mdump.obj
 0001:00004da1       ??0TotalUptimeAndCrashCalculator@@QAE@PB_W00@Z 10005da1 f i mdump.obj
 0001:00004eae       ??1?$CHeapPtr@_WVCLocalAllocator@ATL@@@ATL@@QAE@XZ 10005eae f i mdump.obj
 0001:00004ebe       ??1?$GenericDocument@U?$UTF16@_W@rapidjson@@V?$MemoryPoolAllocator@VCrtAllocator@rapidjson@@@2@VCrtAllocator@2@@rapidjson@@QAE@XZ 10005ebe f i mdump.obj
 0001:00004edf       ??1?$GenericReader@U?$UTF16@_W@rapidjson@@U12@VCrtAllocator@2@@rapidjson@@QAE@XZ 10005edf f i mdump.obj
 0001:00004ee4       ??1?$GenericValue@U?$UTF16@_W@rapidjson@@V?$MemoryPoolAllocator@VCrtAllocator@rapidjson@@@2@@rapidjson@@QAE@XZ 10005ee4 f i mdump.obj
 0001:00004ee7       ??1?$MemoryPoolAllocator@VCrtAllocator@rapidjson@@@rapidjson@@QAE@XZ 10005ee7 f i mdump.obj
 0001:00004f23       ??1?$Stack@VCrtAllocator@rapidjson@@@internal@rapidjson@@QAE@XZ 10005f23 f i mdump.obj
 0001:00004f28       ??1?$StreamLocalCopy@U?$GenericStringStream@U?$UTF16@_W@rapidjson@@@rapidjson@@$00@internal@rapidjson@@QAE@XZ 10005f28 f i mdump.obj
 0001:00004f38       ??1?$_Uninitialized_backout_al@V?$allocator@V?$CStringT@_WV?$StrTraitATL@_WV?$ChTraitsCRT@_W@ATL@@@ATL@@@ATL@@@std@@@std@@QAE@XZ 10005f38 f i mdump.obj
 0001:00004f49       ??1?$_Uninitialized_backout_al@V?$allocator@VCrashAttribute@@@std@@@std@@QAE@XZ 10005f49 f i mdump.obj
 0001:00004f63       ??1?$vector@V?$CStringT@_WV?$StrTraitATL@_WV?$ChTraitsCRT@_W@ATL@@@ATL@@@ATL@@V?$allocator@V?$CStringT@_WV?$StrTraitATL@_WV?$ChTraitsCRT@_W@ATL@@@ATL@@@ATL@@@std@@@std@@QAE@XZ 10005f63 f i mdump.obj
 0001:00004f68       ??1?$vector@VCrashAttribute@@V?$allocator@VCrashAttribute@@@std@@@std@@QAE@XZ 10005f68 f i mdump.obj
 0001:00004f6d       ??1ClearStackOnExit@?$GenericDocument@U?$UTF16@_W@rapidjson@@V?$MemoryPoolAllocator@VCrtAllocator@rapidjson@@@2@VCrtAllocator@2@@rapidjson@@QAE@XZ 10005f6d f i mdump.obj
 0001:00004f7d       ??1ClearStackOnExit@?$GenericReader@U?$UTF16@_W@rapidjson@@U12@VCrtAllocator@2@@rapidjson@@QAE@XZ 10005f7d f i mdump.obj
 0001:00004f86       ??1CrashAttribute@@QAE@XZ  10005f86 f i mdump.obj
 0001:00004f9f       ??1DumpData@@QAE@XZ        10005f9f f i mdump.obj
 0001:00004faa       ??1MiniDumper@@UAE@XZ      10005faa f   mdump.obj
 0001:00005055       ??1ResourceSwitch@@QAE@XZ  10006055 f i mdump.obj
 0001:00005068       ??1TotalUptimeAndCrashCalculator@@QAE@XZ 10006068 f i mdump.obj
 0001:000050f1       ??4?$GenericValue@U?$UTF16@_W@rapidjson@@V?$MemoryPoolAllocator@VCrtAllocator@rapidjson@@@2@@rapidjson@@QAEAAV01@AAV01@@Z 100060f1 f i mdump.obj
 0001:00005120       ??4CrashAttribute@@QAEAAV0@$$QAV0@@Z 10006120 f i mdump.obj
 0001:00005144       ??8?$GenericValue@U?$UTF16@_W@rapidjson@@V?$MemoryPoolAllocator@VCrtAllocator@rapidjson@@@2@@rapidjson@@QBE_NPB_W@Z 10006144 f i mdump.obj
 0001:0000518d       ??B?$CSimpleStringT@_W$0A@@ATL@@QBEPB_WXZ 1000618d f i mdump.obj
 0001:00005190       ??HATL@@YA?AV?$CStringT@_WV?$StrTraitATL@_WV?$ChTraitsCRT@_W@ATL@@@ATL@@@0@ABV10@PB_W@Z 10006190 f i mdump.obj
 0001:00005202       ??HATL@@YA?AV?$CStringT@_WV?$StrTraitATL@_WV?$ChTraitsCRT@_W@ATL@@@ATL@@@0@ABV10@_W@Z 10006202 f i mdump.obj
 0001:0000526b       ??HATL@@YA?AV?$CStringT@_WV?$StrTraitATL@_WV?$ChTraitsCRT@_W@ATL@@@ATL@@@0@PB_WABV10@@Z 1000626b f i mdump.obj
 0001:000052e5       ??HATL@@YA?AV?$CStringT@_WV?$StrTraitATL@_WV?$ChTraitsCRT@_W@ATL@@@ATL@@@0@_WABV10@@Z 100062e5 f i mdump.obj
 0001:0000534e       ??_G?$CStringT@_WV?$StrTraitATL@_WV?$ChTraitsCRT@_W@ATL@@@ATL@@@ATL@@QAEPAXI@Z 1000634e f i mdump.obj
 0001:00005375       ??_EMiniDumper@@UAEPAXI@Z  10006375 f i mdump.obj
 0001:00005375       ??_GMiniDumper@@UAEPAXI@Z  10006375 f i mdump.obj
 0001:00005397       ?AddChunk@?$MemoryPoolAllocator@VCrtAllocator@rapidjson@@@rapidjson@@AAE_NI@Z 10006397 f i mdump.obj
 0001:000053e8       ?AllocGuardMemory@MiniDumper@@QAE_NXZ 100063e8 f   mdump.obj
 0001:0000540c       ?AppendFormat@?$CStringT@_WV?$StrTraitATL@_WV?$ChTraitsCRT@_W@ATL@@@ATL@@@ATL@@QAAXPB_WZZ 1000640c f i mdump.obj
 0001:00005420       ?AppendFormatV@?$CStringT@_WV?$StrTraitATL@_WV?$ChTraitsCRT@_W@ATL@@@ATL@@@ATL@@QAEXPB_WPAD@Z 10006420 f i mdump.obj
 0001:000054b6       ?AtlMessageBox@WTL@@YAHPAUHWND__@@V_U_STRINGorID@ATL@@1I@Z 100064b6 f i mdump.obj
 0001:000055df       ?Bool@?$GenericDocument@U?$UTF16@_W@rapidjson@@V?$MemoryPoolAllocator@VCrtAllocator@rapidjson@@@2@VCrtAllocator@2@@rapidjson@@QAE_N_N@Z 100065df f i mdump.obj
 0001:00005622       ?Clear@?$MemoryPoolAllocator@VCrtAllocator@rapidjson@@@rapidjson@@QAEXXZ 10006622 f i mdump.obj
 0001:00005643       ?CreateReportThreaded@MiniDumper@@SGIPAX@Z 10006643 f   mdump.obj
 0001:000059f7       ?Delete@?$CStringT@_WV?$StrTraitATL@_WV?$ChTraitsCRT@_W@ATL@@@ATL@@@ATL@@QAEHHH@Z 100069f7 f i mdump.obj
 0001:00005a75       ?Delta@TotalUptimeAndCrashCalculator@@QAE_JU_SYSTEMTIME@@0@Z 10006a75 f i mdump.obj
 0001:00005ad1       ?Destroy@?$GenericDocument@U?$UTF16@_W@rapidjson@@V?$MemoryPoolAllocator@VCrtAllocator@rapidjson@@@2@VCrtAllocator@2@@rapidjson@@AAEXXZ 10006ad1 f i mdump.obj
 0001:00005aec       ?Destroy@?$Stack@VCrtAllocator@rapidjson@@@internal@rapidjson@@AAEXXZ 10006aec f i mdump.obj
 0001:00005b06       ?Double@?$GenericDocument@U?$UTF16@_W@rapidjson@@V?$MemoryPoolAllocator@VCrtAllocator@rapidjson@@@2@VCrtAllocator@2@@rapidjson@@QAE_NN@Z 10006b06 f i mdump.obj
 0001:00005b4f       ?EndArray@?$GenericDocument@U?$UTF16@_W@rapidjson@@V?$MemoryPoolAllocator@VCrtAllocator@rapidjson@@@2@VCrtAllocator@2@@rapidjson@@QAE_NI@Z 10006b4f f i mdump.obj
 0001:00005b75       ?EndObject@?$GenericDocument@U?$UTF16@_W@rapidjson@@V?$MemoryPoolAllocator@VCrtAllocator@rapidjson@@@2@VCrtAllocator@2@@rapidjson@@QAE_NI@Z 10006b75 f i mdump.obj
 0001:00005b9b       ?ExceptionHandler@MiniDumper@@SGJPAU_EXCEPTION_POINTERS@@K@Z 10006b9b f   mdump.obj
 0001:00005e69       ?FastPath@internal@rapidjson@@YANNH@Z 10006e69 f i mdump.obj
 0001:00005e9c       ?FindMember@?$GenericValue@U?$UTF16@_W@rapidjson@@V?$MemoryPoolAllocator@VCrtAllocator@rapidjson@@@2@@rapidjson@@QAE?AV?$GenericMemberIterator@$0A@U?$UTF16@_W@rapidjson@@V?$MemoryPoolAllocator@VCrtAllocator@rapidjson@@@2@@2@PB_W@Z 10006e9c f i mdump.obj
 0001:00005ef9       ?Format@?$CStringT@_WV?$StrTraitATL@_WV?$ChTraitsCRT@_W@ATL@@@ATL@@@ATL@@QAAXPB_WZZ 10006ef9 f i mdump.obj
 0001:00005f0d       ?Format@?$ChTraitsCRT@_W@ATL@@SAHPA_WIPB_WPAD@Z 10006f0d f i mdump.obj
 0001:00005f3e       ?FormatMessageV@?$CStringT@_WV?$StrTraitATL@_WV?$ChTraitsCRT@_W@ATL@@@ATL@@@ATL@@QAEXPB_WPAPAD@Z 10006f3e f i mdump.obj
 0001:00006064       ?FormatMessageW@?$CStringT@_WV?$StrTraitATL@_WV?$ChTraitsCRT@_W@ATL@@@ATL@@@ATL@@QAAXIZZ 10007064 f i mdump.obj
 0001:000060ea       ?FormatV@?$CStringT@_WV?$StrTraitATL@_WV?$ChTraitsCRT@_W@ATL@@@ATL@@@ATL@@QAEXPB_WPAD@Z 100070ea f i mdump.obj
 0001:00006170       ?FreeGuardMemory@MiniDumper@@QAE_NXZ 10007170 f   mdump.obj
 0001:0000618e       ?GetBuffer@?$CSimpleStringT@_W$0A@@ATL@@QAEPA_WXZ 1000718e f i mdump.obj
 0001:000061a5       ?GetDouble@?$GenericValue@U?$UTF16@_W@rapidjson@@V?$MemoryPoolAllocator@VCrtAllocator@rapidjson@@@2@@rapidjson@@QBENXZ 100071a5 f i mdump.obj
 0001:00006212       ?GetFormattedLength@?$ChTraitsCRT@_W@ATL@@SAHPB_WPAD@Z 10007212 f i mdump.obj
 0001:00006240       ?GetFullDumpEnabledStatus@MiniDumper@@SA_NXZ 10007240 f   mdump.obj
 0001:00006535       ?GetMFA@MiniDumper@@SA_NPAXPA_WH@Z 10007535 f   mdump.obj
 0001:0000664a       ?GetStringLength@?$GenericValue@U?$UTF16@_W@rapidjson@@V?$MemoryPoolAllocator@VCrtAllocator@rapidjson@@@2@@rapidjson@@QBEIXZ 1000764a f i mdump.obj
 0001:00006665       ?GetUniqueTempFile@@YAXPA_WHPB_W@Z 10007665 f   mdump.obj
 0001:000067a0       ?Int64@?$GenericDocument@U?$UTF16@_W@rapidjson@@V?$MemoryPoolAllocator@VCrtAllocator@rapidjson@@@2@VCrtAllocator@2@@rapidjson@@QAE_N_J@Z 100077a0 f i mdump.obj
 0001:000067d8       ?Int@?$GenericDocument@U?$UTF16@_W@rapidjson@@V?$MemoryPoolAllocator@VCrtAllocator@rapidjson@@@2@VCrtAllocator@2@@rapidjson@@QAE_NH@Z 100077d8 f i mdump.obj
 0001:0000680d       ?IsError@ParseResult@rapidjson@@QBE_NXZ 1000780d f i mdump.obj
 0001:00006814       ?LaunchHangDetection@MiniDumper@@QAEX_N@Z 10007814 f   mdump.obj
 0001:0000697f       ?MakeLower@?$CStringT@_WV?$StrTraitATL@_WV?$ChTraitsCRT@_W@ATL@@@ATL@@@ATL@@QAEAAV12@XZ 1000797f f i mdump.obj
 0001:000069a7       ?Malloc@?$MemoryPoolAllocator@VCrtAllocator@rapidjson@@@rapidjson@@QAEPAXI@Z 100079a7 f i mdump.obj
 0001:000069f9       ?Null@?$GenericDocument@U?$UTF16@_W@rapidjson@@V?$MemoryPoolAllocator@VCrtAllocator@rapidjson@@@2@VCrtAllocator@2@@rapidjson@@QAE_NXZ 100079f9 f i mdump.obj
 0001:00006a28       ?Realloc@CrtAllocator@rapidjson@@QAEPAXPAXII@Z 10007a28 f i mdump.obj
 0001:00006a4e       ?ReleaseBuffer@?$CSimpleStringT@_W$0A@@ATL@@QAEXH@Z 10007a4e f i mdump.obj
 0001:00006a7a       ?Resize@?$Stack@VCrtAllocator@rapidjson@@@internal@rapidjson@@AAEXI@Z 10007a7a f i mdump.obj
 0001:00006ab2       ?ResolveMiniDumpType@MiniDumper@@SA?AW4_BS_MINIDUMP_TYPE@MiniDmpSender@@XZ 10007ab2 f   mdump.obj
 0001:00006af2       ?SendReportThreaded@MiniDumper@@SGIPAX@Z 10007af2 f   mdump.obj
 0001:00006fce       ?SetArrayRaw@?$GenericValue@U?$UTF16@_W@rapidjson@@V?$MemoryPoolAllocator@VCrtAllocator@rapidjson@@@2@@rapidjson@@AAEXPAV12@IAAV?$MemoryPoolAllocator@VCrtAllocator@rapidjson@@@2@@Z 10007fce f i mdump.obj
 0001:00007014       ?SetObjectRaw@?$GenericValue@U?$UTF16@_W@rapidjson@@V?$MemoryPoolAllocator@VCrtAllocator@rapidjson@@@2@@rapidjson@@AAEXPAV?$GenericMember@U?$UTF16@_W@rapidjson@@V?$MemoryPoolAllocator@VCrtAllocator@rapidjson@@@2@@2@IAAV?$MemoryPoolAllocator@VCrtAllocator@rapidjson@@@2@@Z 10008014 f i mdump.obj
 0001:0000705a       ?SetStringRaw@?$GenericValue@U?$UTF16@_W@rapidjson@@V?$MemoryPoolAllocator@VCrtAllocator@rapidjson@@@2@@rapidjson@@AAEXU?$GenericStringRef@_W@2@AAV?$MemoryPoolAllocator@VCrtAllocator@rapidjson@@@2@@Z 1000805a f i mdump.obj
 0001:000070bf       ?ShrinkToFit@?$Stack@VCrtAllocator@rapidjson@@@internal@rapidjson@@QAEXXZ 100080bf f i mdump.obj
 0001:000070eb       ?StartArray@?$GenericDocument@U?$UTF16@_W@rapidjson@@V?$MemoryPoolAllocator@VCrtAllocator@rapidjson@@@2@VCrtAllocator@2@@rapidjson@@QAE_NXZ 100080eb f i mdump.obj
 0001:00007123       ?StartObject@?$GenericDocument@U?$UTF16@_W@rapidjson@@V?$MemoryPoolAllocator@VCrtAllocator@rapidjson@@@2@VCrtAllocator@2@@rapidjson@@QAE_NXZ 10008123 f i mdump.obj
 0001:0000715b       ?String@?$GenericDocument@U?$UTF16@_W@rapidjson@@V?$MemoryPoolAllocator@VCrtAllocator@rapidjson@@@2@VCrtAllocator@2@@rapidjson@@QAE_NPB_WI_N@Z 1000815b f i mdump.obj
 0001:000071e3       ?StringLowercase@?$ChTraitsCRT@_W@ATL@@SAPA_WPA_WI@Z 100081e3 f i mdump.obj
 0001:000071ff       ?StrtodNormalPrecision@internal@rapidjson@@YANNH@Z 100081ff f i mdump.obj
 0001:00007236       ?TerminateHangDetection@MiniDumper@@QAEXXZ 10008236 f   mdump.obj
 0001:0000726a       ?TopLevelUnhandledExceptionFilter@MiniDumper@@SGJPAU_EXCEPTION_POINTERS@@@Z 1000826a f   mdump.obj
 0001:000072ce       ?TrimLeft@?$CStringT@_WV?$StrTraitATL@_WV?$ChTraitsCRT@_W@ATL@@@ATL@@@ATL@@QAEAAV12@XZ 100082ce f i mdump.obj
 0001:00007332       ?TrimRight@?$CStringT@_WV?$StrTraitATL@_WV?$ChTraitsCRT@_W@ATL@@@ATL@@@ATL@@QAEAAV12@XZ 10008332 f i mdump.obj
 0001:00007388       ?Uint64@?$GenericDocument@U?$UTF16@_W@rapidjson@@V?$MemoryPoolAllocator@VCrtAllocator@rapidjson@@@2@VCrtAllocator@2@@rapidjson@@QAE_N_K@Z 10008388 f i mdump.obj
 0001:000073c0       ?Uint@?$GenericDocument@U?$UTF16@_W@rapidjson@@V?$MemoryPoolAllocator@VCrtAllocator@rapidjson@@@2@VCrtAllocator@2@@rapidjson@@QAE_NI@Z 100083c0 f i mdump.obj
 0001:000073f5       ?_Calculate_growth@?$vector@V?$CStringT@_WV?$StrTraitATL@_WV?$ChTraitsCRT@_W@ATL@@@ATL@@@ATL@@V?$allocator@V?$CStringT@_WV?$StrTraitATL@_WV?$ChTraitsCRT@_W@ATL@@@ATL@@@ATL@@@std@@@std@@ABEII@Z 100083f5 f i mdump.obj
 0001:00007421       ?_Calculate_growth@?$vector@VCrashAttribute@@V?$allocator@VCrashAttribute@@@std@@@std@@ABEII@Z 10008421 f i mdump.obj
 0001:0000744d       ?_Change_array@?$vector@V?$CStringT@_WV?$StrTraitATL@_WV?$ChTraitsCRT@_W@ATL@@@ATL@@@ATL@@V?$allocator@V?$CStringT@_WV?$StrTraitATL@_WV?$ChTraitsCRT@_W@ATL@@@ATL@@@ATL@@@std@@@std@@AAEXQAV?$CStringT@_WV?$StrTraitATL@_WV?$ChTraitsCRT@_W@ATL@@@ATL@@@ATL@@II@Z 1000844d f i mdump.obj
 0001:00007492       ?_Change_array@?$vector@VCrashAttribute@@V?$allocator@VCrashAttribute@@@std@@@std@@AAEXQAVCrashAttribute@@II@Z 10008492 f i mdump.obj
 0001:000074e6       ?_Destroy@?$vector@V?$CStringT@_WV?$StrTraitATL@_WV?$ChTraitsCRT@_W@ATL@@@ATL@@@ATL@@V?$allocator@V?$CStringT@_WV?$StrTraitATL@_WV?$ChTraitsCRT@_W@ATL@@@ATL@@@ATL@@@std@@@std@@AAEXPAV?$CStringT@_WV?$StrTraitATL@_WV?$ChTraitsCRT@_W@ATL@@@ATL@@@ATL@@0@Z 100084e6 f i mdump.obj
 0001:000074fc       ?_Destroy@?$vector@VCrashAttribute@@V?$allocator@VCrashAttribute@@@std@@@std@@AAEXPAVCrashAttribute@@0@Z 100084fc f i mdump.obj
 0001:00007519       ?_Tidy@?$vector@V?$CStringT@_WV?$StrTraitATL@_WV?$ChTraitsCRT@_W@ATL@@@ATL@@@ATL@@V?$allocator@V?$CStringT@_WV?$StrTraitATL@_WV?$ChTraitsCRT@_W@ATL@@@ATL@@@ATL@@@std@@@std@@AAEXXZ 10008519 f i mdump.obj
 0001:0000754b       ?_Tidy@?$vector@VCrashAttribute@@V?$allocator@VCrashAttribute@@@std@@@std@@AAEXXZ 1000854b f i mdump.obj
 0001:0000758c       ?_Xlength@?$vector@V?$CStringT@_WV?$StrTraitATL@_WV?$ChTraitsCRT@_W@ATL@@@ATL@@@ATL@@V?$allocator@V?$CStringT@_WV?$StrTraitATL@_WV?$ChTraitsCRT@_W@ATL@@@ATL@@@ATL@@@std@@@std@@CAXXZ 1000858c f i mdump.obj
 0001:00007597       ?_Xlength@?$vector@VCrashAttribute@@V?$allocator@VCrashAttribute@@@std@@@std@@CAXXZ 10008597 f i mdump.obj
 0001:000075a2       ?allocate@?$allocator@V?$CStringT@_WV?$StrTraitATL@_WV?$ChTraitsCRT@_W@ATL@@@ATL@@@ATL@@@std@@QAEPAV?$CStringT@_WV?$StrTraitATL@_WV?$ChTraitsCRT@_W@ATL@@@ATL@@@ATL@@I@Z 100085a2 f i mdump.obj
 0001:000075c3       ?allocate@?$allocator@VCrashAttribute@@@std@@QAEPAVCrashAttribute@@I@Z 100085c3 f i mdump.obj
 0001:000075e4       ?attributesToJson@MiniDumper@@QAE?AV?$CStringT@_WV?$StrTraitATL@_WV?$ChTraitsCRT@_W@ATL@@@ATL@@@ATL@@XZ 100085e4 f   mdump.obj
 0001:00007776       ?bugsplatMessage@MiniDumper@@SAIPB_WII@Z 10008776 f   mdump.obj
 0001:000077b3       ?capture@TotalUptimeAndCrashCalculator@@QAEX_N@Z 100087b3 f i mdump.obj
 0001:00007909       ?createAsanReport@MiniDumper@@QAEXPBD@Z 10008909 f   mdump.obj
 0001:00007a04       ?createReport@MiniDumper@@QAEXK@Z 10008a04 f   mdump.obj
 0001:00007a26       ?createReport@MiniDumper@@QAEXPAU_EXCEPTION_POINTERS@@@Z 10008a26 f   mdump.obj
 0001:00007a48       ?createReport@MiniDumper@@QAEXPB_W@Z 10008a48 f   mdump.obj
 0001:00007b29       ?deallocate@?$allocator@V?$CStringT@_WV?$StrTraitATL@_WV?$ChTraitsCRT@_W@ATL@@@ATL@@@ATL@@@std@@QAEXQAV?$CStringT@_WV?$StrTraitATL@_WV?$ChTraitsCRT@_W@ATL@@@ATL@@@ATL@@I@Z 10008b29 f i mdump.obj
 0001:00007b41       ?deallocate@?$allocator@VCrashAttribute@@@std@@QAEXQAVCrashAttribute@@I@Z 10008b41 f i mdump.obj
 0001:00007b59       ?debugMode@@YA_NXZ         10008b59 f   mdump.obj
 0001:00007bcb       ?disableNetworkAccess@MiniDumper@@QAE_N_N@Z 10008bcb f   mdump.obj
 0001:00007bda       ?eatException@@YA_NK@Z     10008bda f i mdump.obj
 0001:00007c4f       ?enableExceptionFilter@MiniDumper@@QAE_N_N@Z 10008c4f f   mdump.obj
 0001:00007c6e       ?erase@?$vector@VCrashAttribute@@V?$allocator@VCrashAttribute@@@std@@@std@@QAE?AV?$_Vector_iterator@V?$_Vector_val@U?$_Simple_types@VCrashAttribute@@@std@@@std@@@2@V?$_Vector_const_iterator@V?$_Vector_val@U?$_Simple_types@VCrashAttribute@@@std@@@std@@@2@@Z 10008c6e f i mdump.obj
 0001:00007ca2       ?getLogFilePath@MiniDumper@@QAEPB_WXZ 10008ca2 f   mdump.obj
 0001:00007ca6       ?getMiniDumpType@MiniDumper@@QBE?AW4_BS_MINIDUMP_TYPE@MiniDmpSender@@XZ 10008ca6 f   mdump.obj
 0001:00007cac       ?getRegistryBase@@YAXAAV?$CStringT@_WV?$StrTraitATL@_WV?$ChTraitsCRT@_W@ATL@@@ATL@@@ATL@@@Z 10008cac f   mdump.obj
 0001:00007cc9       ?getRegistryRoot@@YAXAAV?$CStringT@_WV?$StrTraitATL@_WV?$ChTraitsCRT@_W@ATL@@@ATL@@@ATL@@PB_W11@Z 10008cc9 f   mdump.obj
 0001:00007d38       ?initExceptionHandler@MiniDumper@@QAEXPB_W000K@Z 10008d38 f   mdump.obj
 0001:00007f90       ?invalid_parameter_handler@@YAXPB_W00II@Z 10008f90 f i mdump.obj
 0001:00007f99       ?isExceptionFilterEnabled@MiniDumper@@QBE_NXZ 10008f99 f   mdump.obj
 0001:00007f9f       ?isNetworkAccessDisabled@MiniDumper@@QBE_NXZ 10008f9f f   mdump.obj
 0001:00007fa5       ?logOutput@@YAXIPB_W_N@Z   10008fa5 f   mdump.obj
 0001:000081f2       ?removeAdditionalFile@MiniDumper@@QAE_NPB_W@Z 100091f2 f   mdump.obj
 0001:00008242       ?removeAttribute@MiniDumper@@QAE_NPB_W@Z 10009242 f   mdump.obj
 0001:00008281       ?resetDescriptionString@MiniDumper@@QAEXPB_W@Z 10009281 f   mdump.obj
 0001:000082ab       ?resetVersionString@MiniDumper@@QAEXPB_W@Z 100092ab f   mdump.obj
 0001:000082d3       ?sendAdditionalFile@MiniDumper@@QAEXPB_W@Z 100092d3 f   mdump.obj
 0001:0000830f       ?setAttribute@MiniDumper@@QAE_NPB_W0@Z 1000930f f   mdump.obj
 0001:00008357       ?setCallback@MiniDumper@@QAEXP6A_NIPAX0@Z@Z 10009357 f   mdump.obj
 0001:00008364       ?setDefaultUserDescription@MiniDumper@@QAEXPB_W@Z 10009364 f   mdump.obj
 0001:0000838e       ?setDefaultUserEmail@MiniDumper@@QAEXPB_W@Z 1000938e f   mdump.obj
 0001:000083b8       ?setDefaultUserName@MiniDumper@@QAEXPB_W@Z 100093b8 f   mdump.obj
 0001:000083e2       ?setFlags@MiniDumper@@QAE_NK@Z 100093e2 f   mdump.obj
 0001:0000842a       ?setGuardByteBufferSize@MiniDumper@@QAEHH@Z 1000942a f   mdump.obj
 0001:00008456       ?setHangDetectionTimeout@MiniDumper@@QAEHH@Z 10009456 f   mdump.obj
 0001:0000846c       ?setLogFilePath@MiniDumper@@QAEXPB_W@Z 1000946c f   mdump.obj
 0001:00008496       ?setMiniDumpType@MiniDumper@@QAEXW4_BS_MINIDUMP_TYPE@MiniDmpSender@@@Z 10009496 f   mdump.obj
 0001:000084a5       ?setNotes@MiniDumper@@QAEXPB_W@Z 100094a5 f   mdump.obj
 0001:000084cd       ?setResourceDllPath@MiniDumper@@QAEXPB_W@Z 100094cd f   mdump.obj
 0001:000084f7       ?setUserZipPath@MiniDumper@@QAEXPB_W@Z 100094f7 f   mdump.obj
 0001:00008521       ?signal_handler@@YAXH@Z    10009521 f i mdump.obj
 0001:0000852a       ?terminator@@YAXXZ         1000952a f i mdump.obj
 0001:00008533       __fwprintf_p               10009533 f i mdump.obj
 0001:0000854c       __vfwprintf_l              1000954c f i mdump.obj
 0001:0000856f       __vfwprintf_p_l            1000956f f i mdump.obj
 0001:00008611       _wprintf                   10009611 f i mdump.obj
 0001:00008630       ??0MiniDmpSender@@QAE@PB_W000K@Z 10009630 f   BugSplatNative.obj
 0001:000086c9       ??1MiniDmpSender@@UAE@XZ   100096c9 f   BugSplatNative.obj
 0001:000086e5       ?createAsanReport@MiniDmpSender@@QAEXPBD@Z 100096e5 f   BugSplatNative.obj
 0001:000086f1       ?createReport@MiniDmpSender@@QAEXPAU_EXCEPTION_POINTERS@@@Z 100096f1 f   BugSplatNative.obj
 0001:000086fd       ?createReport@MiniDmpSender@@QAEXPB_W@Z 100096fd f   BugSplatNative.obj
 0001:00008709       ?disableNetworkAccess@MiniDmpSender@@QAE_N_N@Z 10009709 f   BugSplatNative.obj
 0001:00008715       ?enableExceptionFilter@MiniDmpSender@@QAE_N_N@Z 10009715 f   BugSplatNative.obj
 0001:00008721       ?getFlags@MiniDmpSender@@QBEKXZ 10009721 f   BugSplatNative.obj
 0001:00008728       ?getMiniDumpType@MiniDmpSender@@QBE?AW4_BS_MINIDUMP_TYPE@1@XZ 10009728 f   BugSplatNative.obj
 0001:00008730       ?getMinidumpPath@MiniDmpSender@@QAEXPA_WI@Z 10009730 f   BugSplatNative.obj
 0001:0000874d       ?imp@MiniDmpSender@@QAEPAXXZ 1000974d f   BugSplatNative.obj
 0001:00008753       ?isExceptionFilterEnabled@MiniDmpSender@@QBE_NXZ 10009753 f   BugSplatNative.obj
 0001:0000875b       ?isNetworkAccessDisabled@MiniDmpSender@@QBE_NXZ 1000975b f   BugSplatNative.obj
 0001:00008763       ?removeAdditionalFile@MiniDmpSender@@QAE_NPB_W@Z 10009763 f   BugSplatNative.obj
 0001:0000876f       ?resetAppIdentifier@MiniDmpSender@@QAEXPB_W@Z 1000976f f   BugSplatNative.obj
 0001:0000877b       ?resetVersionString@MiniDmpSender@@QAEXPB_W@Z 1000977b f   BugSplatNative.obj
 0001:00008787       ?sendAdditionalFile@MiniDmpSender@@QAEXPB_W@Z 10009787 f   BugSplatNative.obj
 0001:00008793       ?setAttribute@MiniDmpSender@@QAE_NPB_W0@Z 10009793 f   BugSplatNative.obj
 0001:000087aa       ?setCallback@MiniDmpSender@@QAEXP6A_NIPAX0@Z@Z 100097aa f   BugSplatNative.obj
 0001:000087b6       ?setDefaultUserDescription@MiniDmpSender@@QAEXPB_W@Z 100097b6 f   BugSplatNative.obj
 0001:000087c2       ?setDefaultUserEmail@MiniDmpSender@@QAEXPB_W@Z 100097c2 f   BugSplatNative.obj
 0001:000087ce       ?setDefaultUserName@MiniDmpSender@@QAEXPB_W@Z 100097ce f   BugSplatNative.obj
 0001:000087da       ?setFlags@MiniDmpSender@@QAE_NK@Z 100097da f   BugSplatNative.obj
 0001:000087e6       ?setGuardByteBufferSize@MiniDmpSender@@QAEHH@Z 100097e6 f   BugSplatNative.obj
 0001:000087f2       ?setHangDetectionTimeout@MiniDmpSender@@QAEHH@Z 100097f2 f   BugSplatNative.obj
 0001:000087fe       ?setLogFilePath@MiniDmpSender@@QAEXPB_W@Z 100097fe f   BugSplatNative.obj
 0001:0000880a       ?setMiniDumpType@MiniDmpSender@@QAEXW4_BS_MINIDUMP_TYPE@1@@Z 1000980a f   BugSplatNative.obj
 0001:00008816       ?setNotes@MiniDmpSender@@QAEXPB_W@Z 10009816 f   BugSplatNative.obj
 0001:00008822       ?setResourceDllPath@MiniDmpSender@@QAEXPB_W@Z 10009822 f   BugSplatNative.obj
 0001:0000882e       ?setUserZipPath@MiniDmpSender@@QAEXPB_W@Z 1000982e f   BugSplatNative.obj
 0001:0000883a       ?unhandledExceptionHandler@MiniDmpSender@@QAEJPAU_EXCEPTION_POINTERS@@@Z 1000983a f   BugSplatNative.obj
 0001:00008843       ?Lock@CAtlModule@ATL@@UAEJXZ 10009843 f i BugSplatNativeApp.obj
 0001:0000884d       ?Unlock@CAtlModule@ATL@@UAEJXZ 1000984d f i BugSplatNativeApp.obj
 0001:00008857       ?GetLockCount@CAtlModule@ATL@@UAEJXZ 10009857 f i BugSplatNativeApp.obj
 0001:0000885b       ?GetGITPtr@CAtlModule@ATL@@UAEJPAPAUIGlobalInterfaceTable@@@Z 1000985b f i BugSplatNativeApp.obj
 0001:000088a7       ?AddCommonRGSReplacements@?$CAtlModuleT@VCComModule@ATL@@@ATL@@UAEJPAUIRegistrarBase@@@Z 100098a7 f i BugSplatNativeApp.obj
 0001:000088c1       ?UpdateRegistryFromResourceD@CComModule@ATL@@UAGJPB_WHPAU_ATL_REGMAP_ENTRY@2@@Z 100098c1 f i BugSplatNativeApp.obj
 0001:000088c9       ?UpdateRegistryFromResourceD@CComModule@ATL@@UAGJIHPAU_ATL_REGMAP_ENTRY@2@@Z 100098c9 f i BugSplatNativeApp.obj
 0001:000088d1       ?UpdateRegistryFromResource@CComModule@ATL@@UAGJPB_WHPAU_ATL_REGMAP_ENTRY@2@@Z 100098d1 f i BugSplatNativeApp.obj
 0001:000088da       ?UpdateRegistryFromResource@CComModule@ATL@@UAGJIHPAU_ATL_REGMAP_ENTRY@2@@Z 100098da f i BugSplatNativeApp.obj
 0001:000088e3       ??_ECComModule@ATL@@UAEPAXI@Z 100098e3 f i BugSplatNativeApp.obj
 0001:000088e3       ??_GCComModule@ATL@@UAEPAXI@Z 100098e3 f i BugSplatNativeApp.obj
 0001:0000890b       ??_GCAppModule@WTL@@UAEPAXI@Z 1000990b f i BugSplatNativeApp.obj
 0001:0000890b       ??_ECAppModule@WTL@@UAEPAXI@Z 1000990b f i BugSplatNativeApp.obj
 0001:00008933       ?QueryInterface@CRegObject@ATL@@UAGJABU_GUID@@PAPAX@Z 10009933 f i BugSplatNativeApp.obj
 0001:0000893b       ?AddRef@CRegObject@ATL@@UAGKXZ 1000993b f i BugSplatNativeApp.obj
 0001:00008941       ?Release@CRegObject@ATL@@UAGKXZ 10009941 f i BugSplatNativeApp.obj
 0001:00008946       ?AddReplacement@CRegObject@ATL@@UAGJPB_W0@Z 10009946 f i BugSplatNativeApp.obj
 0001:000089a5       ?ClearReplacements@CRegObject@ATL@@UAGJXZ 100099a5 f i BugSplatNativeApp.obj
 0001:000089d0       ??_GCRegObject@ATL@@UAEPAXI@Z 100099d0 f i BugSplatNativeApp.obj
 0001:000089d0       ??_ECRegObject@ATL@@UAEPAXI@Z 100099d0 f i BugSplatNativeApp.obj
 0001:000089f2       ??$AtlMultiplyThrow@I@ATL@@YAIII@Z 100099f2 f i BugSplatNativeApp.obj
 0001:00008a18       ??0CAtlModule@ATL@@QAE@XZ  10009a18 f i BugSplatNativeApp.obj
 0001:00008a59       ??0CParseBuffer@CRegParser@ATL@@QAE@H@Z 10009a59 f i BugSplatNativeApp.obj
 0001:00008a8f       ??0CRegObject@ATL@@QAE@XZ  10009a8f f i BugSplatNativeApp.obj
 0001:00008ac5       ??0_ATL_MODULE70@ATL@@QAE@XZ 10009ac5 f i BugSplatNativeApp.obj
 0001:00008adc       ??1?$CAtlSafeAllocBufferManager@VCCRTAllocator@ATL@@@_ATL_SAFE_ALLOCA_IMPL@ATL@@QAE@XZ 10009adc f i BugSplatNativeApp.obj
 0001:00008af5       ??1?$CAutoVectorPtr@_W@ATL@@QAE@XZ 10009af5 f i BugSplatNativeApp.obj
 0001:00008b05       ??1?$CTempBuffer@E$0BAA@VCCRTAllocator@ATL@@@ATL@@QAE@XZ 10009b05 f i BugSplatNativeApp.obj
 0001:00008b11       ??1?$CTempBuffer@_W$0BAA@VCCRTAllocator@ATL@@@ATL@@QAE@XZ 10009b11 f i BugSplatNativeApp.obj
 0001:00008b1d       ??1?$CTempBuffer@_W$0EAA@VCCRTAllocator@ATL@@@ATL@@QAE@XZ 10009b1d f i BugSplatNativeApp.obj
 0001:00008b29       ??1CAtlModule@ATL@@UAE@XZ  10009b29 f i BugSplatNativeApp.obj
 0001:00008b2e       ??1CParseBuffer@CRegParser@ATL@@QAE@XZ 10009b2e f i BugSplatNativeApp.obj
 0001:00008b38       ??1CRegKey@ATL@@QAE@XZ     10009b38 f i BugSplatNativeApp.obj
 0001:00008b3d       ??1CRegObject@ATL@@UAE@XZ  10009b3d f i BugSplatNativeApp.obj
 0001:00008b71       ??A?$CSimpleArray@PAUHWND__@@V?$CSimpleArrayEqualHelper@PAUHWND__@@@ATL@@@ATL@@QAEAAPAUHWND__@@H@Z 10009b71 f i BugSplatNativeApp.obj
 0001:00008b96       ?Add@?$CSimpleMap@PA_WPA_WVCExpansionVectorEqualHelper@ATL@@@ATL@@QAEHABQA_W0@Z 10009b96 f i BugSplatNativeApp.obj
 0001:00008beb       ?Add@CExpansionVector@ATL@@QAEHPB_W0@Z 10009beb f i BugSplatNativeApp.obj
 0001:00008cd9       ?AddString@CParseBuffer@CRegParser@ATL@@QAEHPB_W@Z 10009cd9 f i BugSplatNativeApp.obj
 0001:00008d15       ?AddValue@CRegParser@ATL@@IAEJAAVCRegKey@2@PB_WPA_W@Z 10009d15 f i BugSplatNativeApp.obj
 0001:00009095       ?Allocate@?$CTempBuffer@E$0BAA@VCCRTAllocator@ATL@@@ATL@@QAEPAEI@Z 1000a095 f i BugSplatNativeApp.obj
 0001:000090c4       ?Allocate@?$CTempBuffer@_W$0BAA@VCCRTAllocator@ATL@@@ATL@@QAEPA_WI@Z 1000a0c4 f i BugSplatNativeApp.obj
 0001:000090f3       ?Allocate@?$CTempBuffer@_W$0EAA@VCCRTAllocator@ATL@@@ATL@@QAEPA_WI@Z 1000a0f3 f i BugSplatNativeApp.obj
 0001:00009122       ?AllocateHeap@?$CTempBuffer@E$0BAA@VCCRTAllocator@ATL@@@ATL@@AAEXI@Z 1000a122 f i BugSplatNativeApp.obj
 0001:00009147       ?AllocateHeap@?$CTempBuffer@_W$0BAA@VCCRTAllocator@ATL@@@ATL@@AAEXI@Z 1000a147 f i BugSplatNativeApp.obj
 0001:0000916c       ?AllocateHeap@?$CTempBuffer@_W$0EAA@VCCRTAllocator@ATL@@@ATL@@AAEXI@Z 1000a16c f i BugSplatNativeApp.obj
 0001:00009191       ?Append@CParseBuffer@CRegParser@ATL@@QAEHPB_WH@Z 1000a191 f i BugSplatNativeApp.obj
 0001:0000921f       ?AtlCoTaskMemCAlloc@ATL@@YAPAXKK@Z 1000a21f f i BugSplatNativeApp.obj
 0001:0000924c       ?AtlCoTaskMemRecalloc@ATL@@YAPAXPAXKK@Z 1000a24c f i BugSplatNativeApp.obj
 0001:0000927c       ?AtlHresultFromLastError@ATL@@YAJXZ 1000a27c f i BugSplatNativeApp.obj
 0001:00009293       ?AtlHresultFromWin32@ATL@@YAJK@Z 1000a293 f i BugSplatNativeApp.obj
 0001:000092a8       ?CanForceRemoveKey@CRegParser@ATL@@IAEHPB_W@Z 1000a2a8 f i BugSplatNativeApp.obj
 0001:000092d7       ?ChToByte@CRegParser@ATL@@KAE_W@Z 1000a2d7 f i BugSplatNativeApp.obj
 0001:0000935f       ?ClearReplacements@CExpansionVector@ATL@@QAEJXZ 1000a35f f i BugSplatNativeApp.obj
 0001:0000939c       ?Close@CRegKey@ATL@@QAEJXZ 1000a39c f i BugSplatNativeApp.obj
 0001:000093b6       ?DeleteSubKey@CRegKey@ATL@@QAEJPB_W@Z 1000a3b6 f i BugSplatNativeApp.obj
 0001:0000942f       ?EndOfVar@CRegParser@ATL@@IAEHXZ 1000a42f f i BugSplatNativeApp.obj
 0001:0000944f       ?EscapeSingleQuote@CAtlModule@ATL@@SAXPA_WIPB_W@Z 1000a44f f i BugSplatNativeApp.obj
 0001:0000949e       ?FindKey@?$CSimpleMap@PA_WPA_WVCExpansionVectorEqualHelper@ATL@@@ATL@@QBEHABQA_W@Z 1000a49e f i BugSplatNativeApp.obj
 0001:000094d5       ?FreeHeap@?$CTempBuffer@E$0BAA@VCCRTAllocator@ATL@@@ATL@@AAEXXZ 1000a4d5 f i BugSplatNativeApp.obj
 0001:000094de       ?FreeHeap@?$CTempBuffer@_W$0BAA@VCCRTAllocator@ATL@@@ATL@@AAEXXZ 1000a4de f i BugSplatNativeApp.obj
 0001:000094e7       ?FreeHeap@?$CTempBuffer@_W$0EAA@VCCRTAllocator@ATL@@@ATL@@AAEXXZ 1000a4e7 f i BugSplatNativeApp.obj
 0001:000094f0       ?GetKeyAt@?$CSimpleMap@PA_WPA_WVCExpansionVectorEqualHelper@ATL@@@ATL@@QBEAAPA_WH@Z 1000a4f0 f i BugSplatNativeApp.obj
 0001:00009515       ?GetValueAt@?$CSimpleMap@PA_WPA_WVCExpansionVectorEqualHelper@ATL@@@ATL@@QBEAAPA_WH@Z 1000a515 f i BugSplatNativeApp.obj
 0001:0000953b       ?HKeyFromString@CRegParser@ATL@@KAPAUHKEY__@@PA_W@Z 1000a53b f i BugSplatNativeApp.obj
 0001:00009569       ?HasSubKeys@CRegParser@ATL@@IAEHPAUHKEY__@@@Z 1000a569 f i BugSplatNativeApp.obj
 0001:0000959e       ?Init@CAppModule@WTL@@QAEJPAU_ATL_OBJMAP_ENTRY30@ATL@@PAUHINSTANCE__@@PBU_GUID@@@Z 1000a59e f i BugSplatNativeApp.obj
 0001:00009622       ?Init@CComModule@ATL@@QAEJPAU_ATL_OBJMAP_ENTRY30@2@PAUHINSTANCE__@@PBU_GUID@@@Z 1000a622 f i BugSplatNativeApp.obj
 0001:00009681       ?InternalSetAtIndex@?$CSimpleMap@PA_WPA_WVCExpansionVectorEqualHelper@ATL@@@ATL@@QAEXHABQA_W0@Z 1000a681 f i BugSplatNativeApp.obj
 0001:000096b5       ?IsSpace@CRegParser@ATL@@IAEH_W@Z 1000a6b5 f i BugSplatNativeApp.obj
 0001:000096db       ?Lookup@?$CSimpleMap@PA_WPA_WVCExpansionVectorEqualHelper@ATL@@@ATL@@QBEPA_WABQA_W@Z 1000a6db f i BugSplatNativeApp.obj
 0001:00009701       ?NextToken@CRegParser@ATL@@IAEJPA_W@Z 1000a701 f i BugSplatNativeApp.obj
 0001:00009839       ?Open@CRegKey@ATL@@QAEJPAUHKEY__@@PB_WK@Z 1000a839 f i BugSplatNativeApp.obj
 0001:0000988e       ?PreProcessBuffer@CRegParser@ATL@@QAEJPA_WPAPA_W@Z 1000a88e f i BugSplatNativeApp.obj
 0001:00009adb       ?RecurseDeleteKey@CRegKey@ATL@@QAEJPB_W@Z 1000aadb f i BugSplatNativeApp.obj
 0001:00009bc9       ?RegCreateKeyExW@CAtlTransactionManager@ATL@@QAEJPAUHKEY__@@PB_WKPA_WKKQAU_SECURITY_ATTRIBUTES@@PAPAU3@PAK@Z 1000abc9 f i BugSplatNativeApp.obj
 0001:00009c2c       ?RegDeleteKeyW@CAtlTransactionManager@ATL@@QAEJPAUHKEY__@@PB_W@Z 1000ac2c f i BugSplatNativeApp.obj
 0001:00009c7e       ?RegOpenKeyExW@CAtlTransactionManager@ATL@@QAEJPAUHKEY__@@PB_WKKPAPAU3@@Z 1000ac7e f i BugSplatNativeApp.obj
 0001:00009cd5       ?RegisterBuffer@CRegParser@ATL@@QAEJPA_WH@Z 1000acd5 f i BugSplatNativeApp.obj
 0001:00009e1c       ?RegisterFromResource@CRegObject@ATL@@IAEJPB_W00H@Z 1000ae1c f i BugSplatNativeApp.obj
 0001:00009f93       ?RegisterSubkeys@CRegParser@ATL@@IAEJPA_WPAUHKEY__@@HH@Z 1000af93 f i BugSplatNativeApp.obj
 0001:0000a612       ?RemoveAll@?$CSimpleArray@PAUHWND__@@V?$CSimpleArrayEqualHelper@PAUHWND__@@@ATL@@@ATL@@QAEXXZ 1000b612 f i BugSplatNativeApp.obj
 0001:0000a62f       ?RemoveAll@?$CSimpleMap@KPAVCMessageLoop@WTL@@V?$CSimpleMapEqualHelper@KPAVCMessageLoop@WTL@@@ATL@@@ATL@@QAEXXZ 1000b62f f i BugSplatNativeApp.obj
 0001:0000a65b       ?RemoveAll@?$CSimpleMap@PA_WPA_WVCExpansionVectorEqualHelper@ATL@@@ATL@@QAEXXZ 1000b65b f i BugSplatNativeApp.obj
 0001:0000a687       ?ResourceRegister@CRegObject@ATL@@QAGJPB_WI0@Z 1000b687 f i BugSplatNativeApp.obj
 0001:0000a6b8       ?ResourceRegisterSz@CRegObject@ATL@@QAGJPB_W00@Z 1000b6b8 f i BugSplatNativeApp.obj
 0001:0000a6fa       ?ResourceUnregister@CRegObject@ATL@@QAGJPB_WI0@Z 1000b6fa f i BugSplatNativeApp.obj
 0001:0000a72a       ?ResourceUnregisterSz@CRegObject@ATL@@QAGJPB_W00@Z 1000b72a f i BugSplatNativeApp.obj
 0001:0000a769       ?SetMultiStringValue@CRegKey@ATL@@QAEJPB_W0@Z 1000b769 f i BugSplatNativeApp.obj
 0001:0000a7b1       ?SetStringValue@CRegKey@ATL@@QAEJPB_W0K@Z 1000b7b1 f i BugSplatNativeApp.obj
 0001:0000a7eb       ?SkipAssignment@CRegParser@ATL@@IAEJPA_W@Z 1000b7eb f i BugSplatNativeApp.obj
 0001:0000a850       ?SkipWhiteSpace@CRegParser@ATL@@IAEXXZ 1000b850 f i BugSplatNativeApp.obj
 0001:0000a872       ?StrChrW@CRegParser@ATL@@KAPA_WPA_W_W@Z 1000b872 f i BugSplatNativeApp.obj
 0001:0000a8af       ?StrFromMap@CRegObject@ATL@@QAEPB_WPA_W@Z 1000b8af f i BugSplatNativeApp.obj
 0001:0000a8dd       ?Term@CAppModule@WTL@@QAEXXZ 1000b8dd f i BugSplatNativeApp.obj
 0001:0000a907       ?Term@CAtlModule@ATL@@QAEXXZ 1000b907 f i BugSplatNativeApp.obj
 0001:0000a95a       ?Term@CComModule@ATL@@QAEXXZ 1000b95a f i BugSplatNativeApp.obj
 0001:0000a9b2       ?TermSettingChangeNotify@CAppModule@WTL@@QAEXXZ 1000b9b2 f i BugSplatNativeApp.obj
 0001:0000aa0c       ?UpdateRegistryFromResource@CAtlModule@ATL@@QAGJIHPAU_ATL_REGMAP_ENTRY@2@@Z 1000ba0c f i BugSplatNativeApp.obj
 0001:0000abd1       ?UpdateRegistryFromResource@CAtlModule@ATL@@QAGJPB_WHPAU_ATL_REGMAP_ENTRY@2@@Z 1000bbd1 f i BugSplatNativeApp.obj
 0001:0000ad99       ?VTFromRegType@CRegParser@ATL@@KAHPB_WAAG@Z 1000bd99 f i BugSplatNativeApp.obj
 0001:0000ae06       ?ocscpy_s@@YA_NPA_WIPB_W@Z 1000be06 f i BugSplatNativeApp.obj
 0001:0000ae40       _DllMain@12                1000be40 f   BugSplatNativeApp.obj
 0001:0000aef2       ?PiiReplaceUserInPath@@YA?AV?$CStringT@_WV?$StrTraitATL@_WV?$ChTraitsCRT@_W@ATL@@@ATL@@@ATL@@V12@@Z 1000bef2 f   Pii.obj
 0001:0000b026       ??1stringdispid@CComTypeInfoHolder@ATL@@QAE@XZ 1000c026 f i StdAfx.obj
 0001:0000b02f       ??_Estringdispid@CComTypeInfoHolder@ATL@@QAEPAXI@Z 1000c02f f i StdAfx.obj
 0001:0000b0ba       _InternetOpenW@20          1000c0ba f   wininet:WININET.dll
 0001:0000b0c0       _InternetCloseHandle@4     1000c0c0 f   wininet:WININET.dll
 0001:0000b0c6       _InternetConnectW@32       1000c0c6 f   wininet:WININET.dll
 0001:0000b0cc       _InternetReadFile@16       1000c0cc f   wininet:WININET.dll
 0001:0000b0d2       _InternetQueryOptionW@16   1000c0d2 f   wininet:WININET.dll
 0001:0000b0d8       _InternetSetOptionW@16     1000c0d8 f   wininet:WININET.dll
 0001:0000b0de       _HttpOpenRequestW@32       1000c0de f   wininet:WININET.dll
 0001:0000b0e4       _HttpSendRequestW@20       1000c0e4 f   wininet:WININET.dll
 0001:0000b0ea       _HttpQueryInfoW@20         1000c0ea f   wininet:WININET.dll
 0001:0000b0f0       _InternetAttemptConnect@4  1000c0f0 f   wininet:WININET.dll
 0001:0000b0f6       _PathFileExistsW@4         1000c0f6 f   shlwapi:SHLWAPI.dll
 0001:0000b0fc       _PathAppendW@8             1000c0fc f   shlwapi:SHLWAPI.dll
 0001:0000b102       _PathFindExtensionW@4      1000c102 f   shlwapi:SHLWAPI.dll
 0001:0000b108       _PathFindFileNameW@4       1000c108 f   shlwapi:SHLWAPI.dll
 0001:0000b10e       _PathRemoveExtensionW@4    1000c10e f   shlwapi:SHLWAPI.dll
 0001:0000b114       _PathStripPathW@4          1000c114 f   shlwapi:SHLWAPI.dll
 0001:0000b11a       _UrlEscapeW@16             1000c11a f   shlwapi:SHLWAPI.dll
 0001:0000b120       _CreateFileW@28            1000c120 f   kernel32:KERNEL32.dll
 0001:0000b126       _GetFileSize@8             1000c126 f   kernel32:KERNEL32.dll
 0001:0000b12c       _DecodePointer@4           1000c12c f   kernel32:KERNEL32.dll
 0001:0000b132       _CloseHandle@4             1000c132 f   kernel32:KERNEL32.dll
 0001:0000b138       _RaiseException@16         1000c138 f   kernel32:KERNEL32.dll
 0001:0000b13e       _GetLastError@0            1000c13e f   kernel32:KERNEL32.dll
 0001:0000b144       _HeapDestroy@4             1000c144 f   kernel32:KERNEL32.dll
 0001:0000b14a       _HeapAlloc@12              1000c14a f   kernel32:KERNEL32.dll
 0001:0000b150       _HeapReAlloc@16            1000c150 f   kernel32:KERNEL32.dll
 0001:0000b156       _HeapFree@12               1000c156 f   kernel32:KERNEL32.dll
 0001:0000b15c       _HeapSize@12               1000c15c f   kernel32:KERNEL32.dll
 0001:0000b162       _GetProcessHeap@0          1000c162 f   kernel32:KERNEL32.dll
 0001:0000b168       _InitializeCriticalSectionEx@12 1000c168 f   kernel32:KERNEL32.dll
 0001:0000b16e       _DeleteCriticalSection@4   1000c16e f   kernel32:KERNEL32.dll
 0001:0000b174       _CreateFileMappingW@24     1000c174 f   kernel32:KERNEL32.dll
 0001:0000b17a       _MapViewOfFile@20          1000c17a f   kernel32:KERNEL32.dll
 0001:0000b180       _UnmapViewOfFile@4         1000c180 f   kernel32:KERNEL32.dll
 0001:0000b186       _FindResourceExW@16        1000c186 f   kernel32:KERNEL32.dll
 0001:0000b18c       _LoadResource@8            1000c18c f   kernel32:KERNEL32.dll
 0001:0000b192       _LockResource@4            1000c192 f   kernel32:KERNEL32.dll
 0001:0000b198       _SizeofResource@8          1000c198 f   kernel32:KERNEL32.dll
 0001:0000b19e       _FindResourceW@12          1000c19e f   kernel32:KERNEL32.dll
 0001:0000b1a4       _MultiByteToWideChar@24    1000c1a4 f   kernel32:KERNEL32.dll
 0001:0000b1aa       _WideCharToMultiByte@32    1000c1aa f   kernel32:KERNEL32.dll
 0001:0000b1b0       _DeleteFileW@4             1000c1b0 f   kernel32:KERNEL32.dll
 0001:0000b1b6       _GetTempPathW@8            1000c1b6 f   kernel32:KERNEL32.dll
 0001:0000b1bc       _GetCurrentProcess@0       1000c1bc f   kernel32:KERNEL32.dll
 0001:0000b1c2       _GetCurrentProcessId@0     1000c1c2 f   kernel32:KERNEL32.dll
 0001:0000b1c8       _GetCurrentThreadId@0      1000c1c8 f   kernel32:KERNEL32.dll
 0001:0000b1ce       _OpenThread@12             1000c1ce f   kernel32:KERNEL32.dll
 0001:0000b1d4       _SuspendThread@4           1000c1d4 f   kernel32:KERNEL32.dll
 0001:0000b1da       _ResumeThread@4            1000c1da f   kernel32:KERNEL32.dll
 0001:0000b1e0       _GetProcessId@4            1000c1e0 f   kernel32:KERNEL32.dll
 0001:0000b1e6       _GetThreadContext@8        1000c1e6 f   kernel32:KERNEL32.dll
 0001:0000b1ec       _GetProcAddress@8          1000c1ec f   kernel32:KERNEL32.dll
 0001:0000b1f2       _LoadLibraryW@4            1000c1f2 f   kernel32:KERNEL32.dll
 0001:0000b1f8       _LocalFree@4               1000c1f8 f   kernel32:KERNEL32.dll
 0001:0000b1fe       _FormatMessageW@28         1000c1fe f   kernel32:KERNEL32.dll
 0001:0000b204       _CreateToolhelp32Snapshot@8 1000c204 f   kernel32:KERNEL32.dll
 0001:0000b20a       _Thread32First@8           1000c20a f   kernel32:KERNEL32.dll
 0001:0000b210       _Thread32Next@8            1000c210 f   kernel32:KERNEL32.dll
 0001:0000b216       _OutputDebugStringW@4      1000c216 f   kernel32:KERNEL32.dll
 0001:0000b21c       _SetUnhandledExceptionFilter@4 1000c21c f   kernel32:KERNEL32.dll
 0001:0000b222       _SetLastError@4            1000c222 f   kernel32:KERNEL32.dll
 0001:0000b228       _SetErrorMode@4            1000c228 f   kernel32:KERNEL32.dll
 0001:0000b22e       _EnterCriticalSection@4    1000c22e f   kernel32:KERNEL32.dll
 0001:0000b234       _LeaveCriticalSection@4    1000c234 f   kernel32:KERNEL32.dll
 0001:0000b23a       _InitializeCriticalSectionAndSpinCount@8 1000c23a f   kernel32:KERNEL32.dll
 0001:0000b240       _WaitForSingleObject@8     1000c240 f   kernel32:KERNEL32.dll
 0001:0000b246       _TerminateProcess@8        1000c246 f   kernel32:KERNEL32.dll
 0001:0000b24c       _CreateProcessW@40         1000c24c f   kernel32:KERNEL32.dll
 0001:0000b252       _FlushInstructionCache@12  1000c252 f   kernel32:KERNEL32.dll
 0001:0000b258       _OpenProcess@12            1000c258 f   kernel32:KERNEL32.dll
 0001:0000b25e       _GetSystemTime@4           1000c25e f   kernel32:KERNEL32.dll
 0001:0000b264       _VirtualProtect@16         1000c264 f   kernel32:KERNEL32.dll
 0001:0000b26a       _VirtualQuery@12           1000c26a f   kernel32:KERNEL32.dll
 0001:0000b270       _FreeLibrary@4             1000c270 f   kernel32:KERNEL32.dll
 0001:0000b276       _GetModuleFileNameW@12     1000c276 f   kernel32:KERNEL32.dll
 0001:0000b27c       _GetModuleHandleW@4        1000c27c f   kernel32:KERNEL32.dll
 0001:0000b282       _WritePrivateProfileStringW@16 1000c282 f   kernel32:KERNEL32.dll
 0001:0000b288       _SystemTimeToFileTime@8    1000c288 f   kernel32:KERNEL32.dll
 0001:0000b28e       _LoadLibraryExW@12         1000c28e f   kernel32:KERNEL32.dll
 0001:0000b294       _lstrcmpiW@8               1000c294 f   kernel32:KERNEL32.dll
 0001:0000b29a       _UnregisterClassW@8        1000c29a f   user32:USER32.dll
 0001:0000b2a0       _MessageBoxW@16            1000c2a0 f   user32:USER32.dll
 0001:0000b2a6       _LoadStringW@16            1000c2a6 f   user32:USER32.dll
 0001:0000b2ac       _DestroyWindow@4           1000c2ac f   user32:USER32.dll
 0001:0000b2b2       _CharNextW@4               1000c2b2 f   user32:USER32.dll
 0001:0000b2b8       _RegCloseKey@4             1000c2b8 f   advapi32:ADVAPI32.dll
 0001:0000b2be       _RegOpenKeyExW@20          1000c2be f   advapi32:ADVAPI32.dll
 0001:0000b2c4       _RegQueryValueExW@24       1000c2c4 f   advapi32:ADVAPI32.dll
 0001:0000b2ca       _RegCreateKeyW@12          1000c2ca f   advapi32:ADVAPI32.dll
 0001:0000b2d0       _RegOpenKeyW@12            1000c2d0 f   advapi32:ADVAPI32.dll
 0001:0000b2d6       _RegSetValueExW@24         1000c2d6 f   advapi32:ADVAPI32.dll
 0001:0000b2dc       _RegCreateKeyExW@36        1000c2dc f   advapi32:ADVAPI32.dll
 0001:0000b2e2       _RegDeleteKeyW@8           1000c2e2 f   advapi32:ADVAPI32.dll
 0001:0000b2e8       _RegDeleteValueW@8         1000c2e8 f   advapi32:ADVAPI32.dll
 0001:0000b2ee       _RegEnumKeyExW@32          1000c2ee f   advapi32:ADVAPI32.dll
 0001:0000b2f4       _RegQueryInfoKeyW@48       1000c2f4 f   advapi32:ADVAPI32.dll
 0001:0000b2fa       _CoCreateInstance@20       1000c2fa f   ole32:ole32.dll
 0001:0000b300       _CoTaskMemAlloc@4          1000c300 f   ole32:ole32.dll
 0001:0000b306       _CoTaskMemRealloc@8        1000c306 f   ole32:ole32.dll
 0001:0000b30c       _CoTaskMemFree@4           1000c30c f   ole32:ole32.dll
 0001:0000b312       _VarUI4FromStr@16          1000c312 f   oleaut32:OLEAUT32.dll
 0001:0000b318       _SysFreeString@4           1000c318 f   oleaut32:OLEAUT32.dll
 0001:0000b31e       ??$?2PAUHINSTANCE__@@@Wrapper@?$CSimpleArray@PAUHINSTANCE__@@V?$CSimpleArrayEqualHelper@PAUHINSTANCE__@@@ATL@@@ATL@@SAPAXIPAPAUHINSTANCE__@@@Z 1000c31e f i atls:atlbase.obj
 0001:0000b326       ??0?$CComCritSecLock@VCComCriticalSection@ATL@@@ATL@@QAE@AAVCComCriticalSection@1@_N@Z 1000c326 f i atls:atlbase.obj
 0001:0000b34d       ??0?$CSimpleArray@PAUHINSTANCE__@@V?$CSimpleArrayEqualHelper@PAUHINSTANCE__@@@ATL@@@ATL@@QAE@XZ 1000c34d f i atls:atlbase.obj
 0001:0000b35a       ??0CAtlBaseModule@ATL@@QAE@XZ 1000c35a f   atls:atlbase.obj
 0001:0000b3ad       ??0CComCriticalSection@ATL@@QAE@XZ 1000c3ad f i atls:atlbase.obj
 0001:0000b3c1       ??0Wrapper@?$CSimpleArray@PAUHINSTANCE__@@V?$CSimpleArrayEqualHelper@PAUHINSTANCE__@@@ATL@@@ATL@@QAE@ABQAUHINSTANCE__@@@Z 1000c3c1 f i atls:atlbase.obj
 0001:0000b3d1       ??0_ATL_BASE_MODULE70@ATL@@QAE@XZ 1000c3d1 f i atls:atlbase.obj
 0001:0000b3f4       ??1?$CComCritSecLock@VCComCriticalSection@ATL@@@ATL@@QAE@XZ 1000c3f4 f i atls:atlbase.obj
 0001:0000b40b       ??1?$CSimpleArray@PAUHINSTANCE__@@V?$CSimpleArrayEqualHelper@PAUHINSTANCE__@@@ATL@@@ATL@@QAE@XZ 1000c40b f i atls:atlbase.obj
 0001:0000b410       ??1CAtlBaseModule@ATL@@QAE@XZ 1000c410 f   atls:atlbase.obj
 0001:0000b426       ??1CComCriticalSection@ATL@@QAE@XZ 1000c426 f i atls:atlbase.obj
 0001:0000b429       ??1_ATL_BASE_MODULE70@ATL@@QAE@XZ 1000c429 f i atls:atlbase.obj
 0001:0000b431       ??A?$CSimpleArray@PAUHINSTANCE__@@V?$CSimpleArrayEqualHelper@PAUHINSTANCE__@@@ATL@@@ATL@@QAEAAPAUHINSTANCE__@@H@Z 1000c431 f i atls:atlbase.obj
 0001:0000b456       ?Add@?$CSimpleArray@PAUHINSTANCE__@@V?$CSimpleArrayEqualHelper@PAUHINSTANCE__@@@ATL@@@ATL@@QAEHABQAUHINSTANCE__@@@Z 1000c456 f i atls:atlbase.obj
 0001:0000b4d8       ?AddResourceInstance@CAtlBaseModule@ATL@@QAE_NPAUHINSTANCE__@@@Z 1000c4d8 f   atls:atlbase.obj
 0001:0000b50b       ?GetHInstanceAt@CAtlBaseModule@ATL@@QAEPAUHINSTANCE__@@H@Z 1000c50b f   atls:atlbase.obj
 0001:0000b550       ?GetSize@?$CSimpleArray@PAUHINSTANCE__@@V?$CSimpleArrayEqualHelper@PAUHINSTANCE__@@@ATL@@@ATL@@QBEHXZ 1000c550 f i atls:atlbase.obj
 0001:0000b554       ?InternalSetAtIndex@?$CSimpleArray@PAUHINSTANCE__@@V?$CSimpleArrayEqualHelper@PAUHINSTANCE__@@@ATL@@@ATL@@QAEXHABQAUHINSTANCE__@@@Z 1000c554 f i atls:atlbase.obj
 0001:0000b56e       ?Lock@?$CComCritSecLock@VCComCriticalSection@ATL@@@ATL@@QAEJXZ 1000c56e f i atls:atlbase.obj
 0001:0000b581       ?Lock@CComCriticalSection@ATL@@QAEJXZ 1000c581 f i atls:atlbase.obj
 0001:0000b58b       ?RemoveAll@?$CSimpleArray@PAUHINSTANCE__@@V?$CSimpleArrayEqualHelper@PAUHINSTANCE__@@@ATL@@@ATL@@QAEXXZ 1000c58b f i atls:atlbase.obj
 0001:0000b5a8       ?RemoveAt@?$CSimpleArray@PAUHINSTANCE__@@V?$CSimpleArrayEqualHelper@PAUHINSTANCE__@@@ATL@@@ATL@@QAEHH@Z 1000c5a8 f i atls:atlbase.obj
 0001:0000b5f6       ?RemoveResourceInstance@CAtlBaseModule@ATL@@QAE_NPAUHINSTANCE__@@@Z 1000c5f6 f   atls:atlbase.obj
 0001:0000b653       ?Term@CComCriticalSection@ATL@@QAEJXZ 1000c653 f i atls:atlbase.obj
 0001:0000b65d       ?Unlock@?$CComCritSecLock@VCComCriticalSection@ATL@@@ATL@@QAEXXZ 1000c65d f i atls:atlbase.obj
 0001:0000b66e       ?Unlock@CComCriticalSection@ATL@@QAEJXZ 1000c66e f i atls:atlbase.obj
[...]
 0002:0000e927       $N00016                    1006d927     BugSplat.exp
 0002:0000e952       $N00017                    1006d952     BugSplat.exp
 0002:0000e98e       $N00018                    1006d98e     BugSplat.exp
 0002:0000e9b6       $N00019                    1006d9b6     BugSplat.exp
 0002:0000e9e1       $N00020                    1006d9e1     BugSplat.exp
 0002:0000ea10       $N00021                    1006da10     BugSplat.exp
 0002:0000ea40       $N00022                    1006da40     BugSplat.exp
 0002:0000ea60       $N00023                    1006da60     BugSplat.exp
 0002:0000ea9e       $N00024                    1006da9e     BugSplat.exp
 0002:0000eaca       $N00025                    1006daca     BugSplat.exp
 0002:0000eae7       $N00026                    1006dae7     BugSplat.exp
 0002:0000eb18       $N00027                    1006db18     BugSplat.exp
 0002:0000eb48       $N00028                    1006db48     BugSplat.exp
 0002:0000eb79       $N00029                    1006db79     BugSplat.exp
 0002:0000eba7       $N00030                    1006dba7     BugSplat.exp
 0002:0000ebd5       $N00031                    1006dbd5     BugSplat.exp
 0002:0000ec03       $N00032                    1006dc03     BugSplat.exp
 0002:0000ec2d       $N00033                    1006dc2d     BugSplat.exp
 0002:0000ec5c       $N00034                    1006dc5c     BugSplat.exp
 0002:0000ec91       $N00035                    1006dc91     BugSplat.exp
 0002:0000ecc0       $N00036                    1006dcc0     BugSplat.exp
 0002:0000ecee       $N00037                    1006dcee     BugSplat.exp
 0002:0000ed10       $N00038                    1006dd10     BugSplat.exp
 0002:0000ed3f       $N00039                    1006dd3f     BugSplat.exp
 0002:0000ed6f       $N00040                    1006dd6f     BugSplat.exp
 0002:0000ed99       $N00041                    1006dd99     BugSplat.exp
 0002:0000edd6       $N00042                    1006ddd6     BugSplat.exp
 0002:0000edfa       $N00043                    1006ddfa     BugSplat.exp
 0002:0000ee28       $N00044                    1006de28     BugSplat.exp
 0002:0000ee52       $N00045                    1006de52     BugSplat.exp
 0002:0000f2d8       .idata$6                   1006e2d8     wininet:WININET.dll
 0002:0000f366       .idata$6                   1006e366     shlwapi:SHLWAPI.dll
 0002:0000f806       .idata$6                   1006e806     kernel32:KERNEL32.dll
 0002:0000f860       .idata$6                   1006e860     user32:USER32.dll
 0002:0000f926       .idata$6                   1006e926     advapi32:ADVAPI32.dll
 0002:0000f97e       .idata$6                   1006e97e     ole32:ole32.dll
 0002:0000f988       .idata$6                   1006e988     oleaut32:OLEAUT32.dll
 0002:0000f9c6       .idata$6                   1006e9c6     Rpcrt4:RPCRT4.dll
 0003:00000040       ?__vcrt_flsindex@@3KA      1006f040     libvcruntime:per_thread_data.obj
 0003:00000050       ?prefix@?1??getDimension@UnDecorator@@CA?AVDName@@_N@Z@4UStringLiteral@@A 1006f050     libvcruntime:undname.obj
 0003:00000070       ?errno_no_memory@@3HA      1006f070     libucrt:errno.obj
 0003:00000074       ?doserrno_no_memory@@3KA   1006f074     libucrt:errno.obj
 0003:00000130       ?__acrt_flsindex@@3KA      1006f130     libucrt:per_thread_data.obj
 0003:00000134       __ctype_loc_style          1006f134     libucrt:wsetlocale.obj
 0003:00000240       ?tzstd_program@@3PADA      1006f240     libucrt:timeset.obj
 0003:00000280       ?tzdst_program@@3PADA      1006f280     libucrt:timeset.obj
 0003:000002c0       ?w_tzstd_program@@3PA_WA   1006f2c0     libucrt:timeset.obj
 0003:00000340       ?w_tzdst_program@@3PA_WA   1006f340     libucrt:timeset.obj
 0003:000003c0       ?tzname_states@@3PAY01PADA 1006f3c0     libucrt:timeset.obj
 0003:000003c8       ?w_tzname_states@@3PAY01PA_WA 1006f3c8     libucrt:timeset.obj
 0003:000003d0       ?dststart@@3Utransitiondate@?A0x7639d0b4@@A 1006f3d0     libucrt:tzset.obj
 0003:000003dc       ?dstend@@3Utransitiondate@?A0x7639d0b4@@A 1006f3dc     libucrt:tzset.obj
 0003:00000608       __mbctypes                 1006f608     libucrt:mbctype.obj
 0003:00000710       __mbcasemaps               1006f710     libucrt:mbctype.obj
 0003:00000810       ?__rgctypeflag@@3PADA      1006f810     libucrt:mbctype.obj
 0003:00000818       ?__rgcode_page_info@@3PAUcode_page_info@@A 1006f818     libucrt:mbctype.obj
 0003:00000908       ?__DAZ_ENABLED@?1??__set_fpsr_sse2@@9@9 1006f908     libucrt:fpctrl.obj
 0003:00000a70       ?__dcrt_lowio_console_output_handle@@3PAXA 1006fa70     libucrt:initcon.obj
 0003:00000fe0       ?dwBytes@?1??ResponseOfBytes@GenericHTTPClient@@QAEKPAEK@Z@4KA 1006ffe0     GenericHTTPClient.obj
 0003:00000fe8       ?szReturn@?1??GetContentType@GenericHTTPClient@@QAEPB_WPB_W@Z@4PA_WA 1006ffe8     GenericHTTPClient.obj
 0003:00003830       ?lszPath@?4???0MiniDumper@@QAE@K@Z@4PA_WA 10072830     mdump.obj
 0003:00003a38       ?crashReportFile@?1??createReport@MiniDumper@@QAEXPB_W@Z@4PA_WA 10072a38     mdump.obj
 0003:00003c40       ?crashReportFile@?1??createAsanReport@MiniDumper@@QAEXPBD@Z@4PA_WA 10072c40     mdump.obj
 0003:00003e48       ?szMFA@?1??SendReportThreaded@MiniDumper@@SGIPAX@Z@4PA_WA 10072e48     mdump.obj
 0003:00004050       ?szSendReport@?1??SendReportThreaded@MiniDumper@@SGIPAX@Z@4PA_WA 10073050     mdump.obj
 0003:00004258       ?szIniFile@?1??SendReportThreaded@MiniDumper@@SGIPAX@Z@4PA_WA 10073258     mdump.obj
 0003:00004460       ?startupInfo@?1??SendReportThreaded@MiniDumper@@SGIPAX@Z@4U_STARTUPINFOW@@A 10073460     mdump.obj
 0003:000044a4       ?processInfo@?1??SendReportThreaded@MiniDumper@@SGIPAX@Z@4U_PROCESS_INFORMATION@@A 100734a4     mdump.obj
 0003:000044b4       ?strApp@?1??SendReportThreaded@MiniDumper@@SGIPAX@Z@4V?$CStringT@_WV?$StrTraitATL@_WV?$ChTraitsCRT@_W@ATL@@@ATL@@@ATL@@A 100734b4     mdump.obj
 0003:000044b8       ?$TSS0@?1??SendReportThreaded@MiniDumper@@SGIPAX@Z@4HA 100734b8     mdump.obj
 0003:000044c0       ?startupInfo@?1??LaunchHangDetection@MiniDumper@@QAEX_N@Z@4U_STARTUPINFOW@@A 100734c0     mdump.obj
 0003:00004504       ?processInfo@?1??LaunchHangDetection@MiniDumper@@QAEX_N@Z@4U_PROCESS_INFORMATION@@A 10073504     mdump.obj
 0003:000045ec       ?atlTraceUI@WTL@@3VCTraceCategory@ATL@@B 100735ec     StdAfx.obj
 0003:00004634       ?is_initialized_as_dll@@3_NA 10073634     LIBCMT:utility.obj
 0003:00004635       ?module_local_atexit_table_initialized@@3_NA 10073635     LIBCMT:utility.obj
 0003:00004638       ?module_local_atexit_table@@3U_onexit_table_t@@A 10073638     LIBCMT:utility.obj
 0003:00004644       ?module_local_at_quick_exit_table@@3U_onexit_table_t@@A 10073644     LIBCMT:utility.obj
 0003:00004650       ?g_tss_cv@@3U_RTL_CONDITION_VARIABLE@@A 10073650     LIBCMT:thread_safe_statics.obj
 0003:00004654       ?g_tss_event@@3PAXA        10073654     LIBCMT:thread_safe_statics.obj
 0003:00004658       ?g_tss_mutex@@3U_RTL_CRITICAL_SECTION@@A 10073658     LIBCMT:thread_safe_statics.obj
 0003:00004670       ?g_sleep_condition_variable_cs@@3P6GHPAU_RTL_CONDITION_VARIABLE@@PAU_RTL_CRITICAL_SECTION@@K@ZA 10073670     LIBCMT:thread_safe_statics.obj
 0003:00004674       ?g_wake_all_condition_variable@@3P6GXPAU_RTL_CONDITION_VARIABLE@@@ZA 10073674     LIBCMT:thread_safe_statics.obj
 0003:00004680       _GS_ExceptionRecord        10073680     LIBCMT:gs_report.obj
 0003:000046d0       _GS_ContextRecord          100736d0     LIBCMT:gs_report.obj
 0003:0000499c       ?__proc_attached@@3HA      1007399c     LIBCMT:dll_dllmain.obj
 0003:000049c4       ?__vcrt_startup_thread_ptd@@3U__vcrt_ptd@@A 100739c4     libvcruntime:per_thread_data.obj
 0003:000049f0       ___vcrt_lock_table         100739f0     libvcruntime:locks.obj
 0003:00004a08       ___vcrt_locks_initialized  10073a08     libvcruntime:locks.obj
 0003:00004a34       ?heap@@3V_HeapManager@@A   10073a34     libvcruntime:undname.obj
 0003:00004a48       ?module_handles@@3PAPAUHINSTANCE__@@A 10073a48     libvcruntime:winapi_downlevel.obj
 0003:00004a54       ?function_pointers@@3PAPAXA 10073a54     libvcruntime:winapi_downlevel.obj
 0003:00004a68       ?__acrt_invalid_parameter_handler@@3V?$dual_state_global@P6AXPB_W00II@Z@__crt_state_management@@A 10073a68     libucrt:invalid_parameter.obj
 0003:00004a6c       ?c_termination_complete@@3JA 10073a6c     libucrt:exit.obj
 0003:00004a70       ?thread_local_exit_callback_func@@3P6GXPAXK0@ZA 10073a70     libucrt:exit.obj
 0003:00004a74       ?c_exit_complete@?1???R<lambda_6e4b09c48022b2350581041d5f6b0c4c>@@QBE@XZ@4_NA 10073a74     libucrt:exit.obj
 0003:00004a84       ?console_ctrl_handler_installed@@3_NA 10073a84     libucrt:signal.obj
 0003:00004a88       ?ctrlc_action@@3V?$dual_state_global@P6AXH@Z@__crt_state_management@@A 10073a88     libucrt:signal.obj
 0003:00004a8c       ?ctrlbreak_action@@3V?$dual_state_global@P6AXH@Z@__crt_state_management@@A 10073a8c     libucrt:signal.obj
 0003:00004a90       ?abort_action@@3V?$dual_state_global@P6AXH@Z@__crt_state_management@@A 10073a90     libucrt:signal.obj
 0003:00004a94       ?term_action@@3V?$dual_state_global@P6AXH@Z@__crt_state_management@@A 10073a94     libucrt:signal.obj
 0003:00004a98       ?__acrt_new_handler@@3V?$dual_state_global@P6AHI@Z@__crt_state_management@@A 10073a98     libucrt:new_handler.obj
 0003:00004aa0       ?program_name@?1???$common_configure_argv@D@@YAHW4_crt_argv_mode@@@Z@4PADA 10073aa0     libucrt:argv_parsing.obj
 0003:00004ba8       ?program_name@?1???$common_configure_argv@_W@@YAHW4_crt_argv_mode@@@Z@4PA_WA 10073ba8     libucrt:argv_parsing.obj
 0003:00004de4       ?internal_state@?1??_mbtowc_internal@@9@4U_Mbstatet@@A 10073de4     libucrt:mbtowc.obj
 0003:00004dec       ?enable_percent_n@@3IA     10073dec     libucrt:printf_count_output.obj
 0003:00005000       ?__acrt_lock_table@@3PAU_RTL_CRITICAL_SECTION@@A 10074000     libucrt:locks.obj
 0003:00005150       ?__acrt_locks_initialized@@3IA 10074150     libucrt:locks.obj
 0003:00005154       ?state_cache@?1???$get_cached_win_policy@Ubegin_thread_init_policy_properties@?1??__acrt_get_begin_thread_init_policy@@YA?AW4begin_thread_init_policy@@XZ@@@YA?AW4begin_thread_init_policy@@W4AppPolicyThreadInitializationType@@@Z@4JA 10074154     libucrt:win_policies.obj
 0003:00005158       ?state_cache@?1???$get_cached_win_policy@Udeveloper_information_policy_properties@?1??__acrt_get_developer_information_policy@@YA?AW4developer_information_policy@@XZ@@@YA?AW4developer_information_policy@@W4AppPolicyShowDeveloperDiagnostic@@@Z@4JA 10074158     libucrt:win_policies.obj
 0003:0000515c       ?state_cache@?1???$get_cached_win_policy@Uwindowing_model_policy_properties@?1??__acrt_get_windowing_model_policy@@YA?AW4windowing_model_policy@@XZ@@@YA?AW4windowing_model_policy@@W4AppPolicyWindowingModel@@@Z@4JA 1007415c     libucrt:win_policies.obj
 0003:00005160       ?module_handles@@3PAPAUHINSTANCE__@@A 10074160     libucrt:winapi_thunks.obj
 0003:000051b8       ?encoded_function_pointers@@3PAPAXA 100741b8     libucrt:winapi_thunks.obj
 0003:00005244       ?static_enum_proc@?1??enum_system_locales_ex_nolock@@YAHQ6GHPA_WKJ@Z@Z@4P6GH0KJ@ZA 10074244     libucrt:winapi_thunks.obj
 0003:00005254       ?_tzname@@3V?$dual_state_global@PAPAD@__crt_state_management@@A 10074254     libucrt:timeset.obj
 0003:00005258       ?w_tzname@@3V?$dual_state_global@PAPA_W@__crt_state_management@@A 10074258     libucrt:timeset.obj
 0003:0000525c       ?last_wide_tz@@3PA_WA      1007425c     libucrt:tzset.obj
 0003:00005260       ?tz_api_used@@3HA          10074260     libucrt:tzset.obj
 0003:00005264       ?tzset_init_state@@3V?$dual_state_global@J@__crt_state_management@@A 10074264     libucrt:tzset.obj
 0003:00005268       ?tz_info@@3U_TIME_ZONE_INFORMATION@@A 10074268     libucrt:tzset.obj
 0003:00005320       ?fSystemSet@@3HA           10074320     libucrt:mbctype.obj
 0003:00005324       ?initialized@?1??__acrt_initialize_multibyte@@9@4_NA 10074324     libucrt:mbctype.obj
 0003:00005348       ?user_matherr@@3V?$dual_state_global@P6AHPAU_exception@@@Z@__crt_state_management@@A 10074348     libucrt:matherr.obj
 0003:00005354       ?__acrt_global_new_mode@@3V?$dual_state_global@J@__crt_state_management@@A 10074354     libucrt:new_mode.obj
 0003:00005358       ?mbst@?1??mbrlen@@9@4U_Mbstatet@@A 10074358     libucrt:mbrtowc.obj
 0003:00005360       ?mbst@?1??mbrtowc@@9@4U_Mbstatet@@A 10074360     libucrt:mbrtowc.obj
 0003:00005368       ?mbst@?1??_mbsrtowcs_helper@@YAIPA_WPAPBDIPAU_Mbstatet@@AAV__crt_cached_ptd_host@@@Z@4U2@A 10074368     libucrt:mbrtowc.obj
 0003:00005374       ?internal_pst@?1??__mbrtoc32_utf8@__crt_mbstring@@YAIPA_UPBDIPAU_Mbstatet@@AAV__crt_cached_ptd_host@@@Z@4U3@A 10074374     libucrt:mbrtoc32.obj
 0003:0000537c       ?__acrt_app_type@@3W4_crt_app_type@@A 1007437c     libucrt:report_runtime_error.obj
 0003:00005380       ?outmsg@?9??__acrt_report_runtime_error@@9@4PA_WA 10074380     libucrt:report_runtime_error.obj
 0003:000059b0       __pmatherr_set             100749b0     libucrt:libm_error.obj
 0003:000059b4       ___acrt_error_mode         100749b4     libucrt:set_error_mode.obj
 0004:00000120       $R000000                   10075120     BugSplatNative.res
 0004:00000478       $R000358                   10075478     BugSplatNative.res
 0004:000006b0       $R000590                   100756b0     BugSplatNative.res
 0004:00000ad0       $R0009B0                   10075ad0     BugSplatNative.res

 Exports

  ordinal    name

        1    ??0BugSplatImp@@QAE@XZ (public: __thiscall BugSplatImp::BugSplatImp(void))
        2    ??0MiniDmpSender@@QAE@ABV0@@Z (public: __thiscall MiniDmpSender::MiniDmpSender(class MiniDmpSender const &))
        3    ??0MiniDmpSender@@QAE@PB_W000K@Z (public: __thiscall MiniDmpSender::MiniDmpSender(wchar_t const *,wchar_t const *,wchar_t const *,wchar_t const *,unsigned long))
        4    ??1MiniDmpSender@@UAE@XZ (public: virtual __thiscall MiniDmpSender::~MiniDmpSender(void))
        5    ??4BugSplatImp@@QAEAAV0@$$QAV0@@Z (public: class BugSplatImp & __thiscall BugSplatImp::operator=(class BugSplatImp &&))
        6    ??4BugSplatImp@@QAEAAV0@ABV0@@Z (public: class BugSplatImp & __thiscall BugSplatImp::operator=(class BugSplatImp const &))
        7    ??4MiniDmpSender@@QAEAAV0@ABV0@@Z (public: class MiniDmpSender & __thiscall MiniDmpSender::operator=(class MiniDmpSender const &))
        8    ??_7MiniDmpSender@@6B@ (const MiniDmpSender::`vftable')
        9    ?CreateMiniDump@BugSplatImp@@QAEHPAUHINSTANCE__@@KPAXKPAU_EXCEPTION_POINTERS@@W4_BS_MINIDUMP_TYPE@MiniDmpSender@@PB_WPA_WK@Z (public: int __thiscall BugSplatImp::CreateMiniDump(struct HINSTANCE__ *,unsigned long,void *,unsigned long,struct _EXCEPTION_POINTERS *,enum MiniDmpSender::_BS_MINIDUMP_TYPE,wchar_t const *,wchar_t *,unsigned long))
       10    ?GetReducedGuid@BugSplatImp@@SAXPA_WK@Z (public: static void __cdecl BugSplatImp::GetReducedGuid(wchar_t *,unsigned long))
       11    ?PiiReplaceUserInPath@@YA?AV?$CStringT@_WV?$StrTraitATL@_WV?$ChTraitsCRT@_W@ATL@@@ATL@@@ATL@@V12@@Z (class ATL::CStringT<wchar_t,class ATL::StrTraitATL<wchar_t,class ATL::ChTraitsCRT<wchar_t> > > __cdecl PiiReplaceUserInPath(class ATL::CStringT<wchar_t,class ATL::StrTraitATL<wchar_t,class ATL::ChTraitsCRT<wchar_t> > >))
       12    ?ReduceGuidString@BugSplatImp@@SAXPA_WK@Z (public: static void __cdecl BugSplatImp::ReduceGuidString(wchar_t *,unsigned long))
       13    ?ResumeSuspendedThreads@BugSplatImp@@QAEXXZ (public: void __thiscall BugSplatImp::ResumeSuspendedThreads(void))
       14    ?SuspendAllThreadsInProcess@BugSplatImp@@QAEXPAX@Z (public: void __thiscall BugSplatImp::SuspendAllThreadsInProcess(void *))
       15    ?SuspendThreadsInCurrentProcess@BugSplatImp@@QAEXXZ (public: void __thiscall BugSplatImp::SuspendThreadsInCurrentProcess(void))
       16    ?createAsanReport@MiniDmpSender@@QAEXPBD@Z (public: void __thiscall MiniDmpSender::createAsanReport(char const *))
       17    ?createReport@MiniDmpSender@@QAEXPAU_EXCEPTION_POINTERS@@@Z (public: void __thiscall MiniDmpSender::createReport(struct _EXCEPTION_POINTERS *))
       18    ?createReport@MiniDmpSender@@QAEXPB_W@Z (public: void __thiscall MiniDmpSender::createReport(wchar_t const *))
       19    ?createReportAndExit@MiniDmpSender@@QAEXXZ (public: void __thiscall MiniDmpSender::createReportAndExit(void))
       20    ?disableNetworkAccess@MiniDmpSender@@QAE_N_N@Z (public: bool __thiscall MiniDmpSender::disableNetworkAccess(bool))
       21    ?enableExceptionFilter@MiniDmpSender@@QAE_N_N@Z (public: bool __thiscall MiniDmpSender::enableExceptionFilter(bool))
       22    ?getFlags@MiniDmpSender@@QBEKXZ (public: unsigned long __thiscall MiniDmpSender::getFlags(void)const )
       23    ?getMiniDumpType@MiniDmpSender@@QBE?AW4_BS_MINIDUMP_TYPE@1@XZ (public: enum MiniDmpSender::_BS_MINIDUMP_TYPE __thiscall MiniDmpSender::getMiniDumpType(void)const )
       24    ?getMinidumpPath@MiniDmpSender@@QAEXPA_WI@Z (public: void __thiscall MiniDmpSender::getMinidumpPath(wchar_t *,unsigned int))
       25    ?imp@MiniDmpSender@@QAEPAXXZ (public: void * __thiscall MiniDmpSender::imp(void))
       26    ?isExceptionFilterEnabled@MiniDmpSender@@QBE_NXZ (public: bool __thiscall MiniDmpSender::isExceptionFilterEnabled(void)const )
       27    ?isNetworkAccessDisabled@MiniDmpSender@@QBE_NXZ (public: bool __thiscall MiniDmpSender::isNetworkAccessDisabled(void)const )
       28    ?removeAdditionalFile@MiniDmpSender@@QAE_NPB_W@Z (public: bool __thiscall MiniDmpSender::removeAdditionalFile(wchar_t const *))
       29    ?resetAppIdentifier@MiniDmpSender@@QAEXPB_W@Z (public: void __thiscall MiniDmpSender::resetAppIdentifier(wchar_t const *))
       30    ?resetVersionString@MiniDmpSender@@QAEXPB_W@Z (public: void __thiscall MiniDmpSender::resetVersionString(wchar_t const *))
       31    ?sendAdditionalFile@MiniDmpSender@@QAEXPB_W@Z (public: void __thiscall MiniDmpSender::sendAdditionalFile(wchar_t const *))
       32    ?setAttribute@MiniDmpSender@@QAE_NPB_W0@Z (public: bool __thiscall MiniDmpSender::setAttribute(wchar_t const *,wchar_t const *))
       33    ?setCallback@MiniDmpSender@@QAEXP6A_NIPAX0@Z@Z (public: void __thiscall MiniDmpSender::setCallback(bool (__cdecl*)(unsigned int,void *,void *)))
       34    ?setDefaultUserDescription@MiniDmpSender@@QAEXPB_W@Z (public: void __thiscall MiniDmpSender::setDefaultUserDescription(wchar_t const *))
       35    ?setDefaultUserEmail@MiniDmpSender@@QAEXPB_W@Z (public: void __thiscall MiniDmpSender::setDefaultUserEmail(wchar_t const *))
       36    ?setDefaultUserName@MiniDmpSender@@QAEXPB_W@Z (public: void __thiscall MiniDmpSender::setDefaultUserName(wchar_t const *))
       37    ?setFlags@MiniDmpSender@@QAE_NK@Z (public: bool __thiscall MiniDmpSender::setFlags(unsigned long))
       38    ?setGuardByteBufferSize@MiniDmpSender@@QAEHH@Z (public: int __thiscall MiniDmpSender::setGuardByteBufferSize(int))
       39    ?setHangDetectionTimeout@MiniDmpSender@@QAEHH@Z (public: int __thiscall MiniDmpSender::setHangDetectionTimeout(int))
       40    ?setLogFilePath@MiniDmpSender@@QAEXPB_W@Z (public: void __thiscall MiniDmpSender::setLogFilePath(wchar_t const *))
       41    ?setMiniDumpType@MiniDmpSender@@QAEXW4_BS_MINIDUMP_TYPE@1@@Z (public: void __thiscall MiniDmpSender::setMiniDumpType(enum MiniDmpSender::_BS_MINIDUMP_TYPE))
       42    ?setNotes@MiniDmpSender@@QAEXPB_W@Z (public: void __thiscall MiniDmpSender::setNotes(wchar_t const *))
       43    ?setResourceDllPath@MiniDmpSender@@QAEXPB_W@Z (public: void __thiscall MiniDmpSender::setResourceDllPath(wchar_t const *))
       44    ?setUserZipPath@MiniDmpSender@@QAEXPB_W@Z (public: void __thiscall MiniDmpSender::setUserZipPath(wchar_t const *))
       45    ?unhandledExceptionHandler@MiniDmpSender@@QAEJPAU_EXCEPTION_POINTERS@@@Z (public: long __thiscall MiniDmpSender::unhandledExceptionHandler(struct _EXCEPTION_POINTERS *))
